Archive member included to satisfy reference by file (symbol)

C:\devkitPro/libogc/lib/wii\libwiiuse.a(wpad.o)
                              TargetingPlatforms.o (WPAD_Init)
C:\devkitPro/libogc/lib/wii\libwiiuse.a(motion_plus.o)
                              C:\devkitPro/libogc/lib/wii\libwiiuse.a(wpad.o) (wiiuse_set_motion_plus)
C:\devkitPro/libogc/lib/wii\libwiiuse.a(dynamics.o)
                              C:\devkitPro/libogc/lib/wii\libwiiuse.a(wpad.o) (calculate_gforce)
C:\devkitPro/libogc/lib/wii\libwiiuse.a(io.o)
                              C:\devkitPro/libogc/lib/wii\libwiiuse.a(motion_plus.o) (wiiuse_disable_expansion)
C:\devkitPro/libogc/lib/wii\libwiiuse.a(io_wii.o)
                              C:\devkitPro/libogc/lib/wii\libwiiuse.a(wpad.o) (__wiiuse_sensorbar_enable)
C:\devkitPro/libogc/lib/wii\libwiiuse.a(ir.o)
                              C:\devkitPro/libogc/lib/wii\libwiiuse.a(motion_plus.o) (wiiuse_set_ir_mode)
C:\devkitPro/libogc/lib/wii\libwiiuse.a(nunchuk.o)
                              C:\devkitPro/libogc/lib/wii\libwiiuse.a(io.o) (nunchuk_handshake)
C:\devkitPro/libogc/lib/wii\libwiiuse.a(wiiboard.o)
                              C:\devkitPro/libogc/lib/wii\libwiiuse.a(io.o) (wii_board_handshake)
C:\devkitPro/libogc/lib/wii\libwiiuse.a(wiiuse.o)
                              C:\devkitPro/libogc/lib/wii\libwiiuse.a(wpad.o) (wiiuse_init)
C:\devkitPro/libogc/lib/wii\libwiiuse.a(speaker.o)
                              C:\devkitPro/libogc/lib/wii\libwiiuse.a(wpad.o) (wencdata)
C:\devkitPro/libogc/lib/wii\libwiiuse.a(classic.o)
                              C:\devkitPro/libogc/lib/wii\libwiiuse.a(io.o) (classic_ctrl_handshake)
C:\devkitPro/libogc/lib/wii\libwiiuse.a(events.o)
                              C:\devkitPro/libogc/lib/wii\libwiiuse.a(io_wii.o) (parse_event)
C:\devkitPro/libogc/lib/wii\libwiiuse.a(guitar_hero_3.o)
                              C:\devkitPro/libogc/lib/wii\libwiiuse.a(io.o) (guitar_hero_3_handshake)
C:\devkitPro/libogc/lib/wii\libbte.a(bte.o)
                              C:\devkitPro/libogc/lib/wii\libwiiuse.a(wpad.o) (BTE_Init)
C:\devkitPro/libogc/lib/wii\libbte.a(hci.o)
                              C:\devkitPro/libogc/lib/wii\libbte.a(bte.o) (hci_init)
C:\devkitPro/libogc/lib/wii\libbte.a(l2cap.o)
                              C:\devkitPro/libogc/lib/wii\libbte.a(bte.o) (l2cap_init)
C:\devkitPro/libogc/lib/wii\libbte.a(btmemb.o)
                              C:\devkitPro/libogc/lib/wii\libbte.a(bte.o) (btmemb_init)
C:\devkitPro/libogc/lib/wii\libbte.a(btmemr.o)
                              C:\devkitPro/libogc/lib/wii\libbte.a(hci.o) (btmemr_init)
C:\devkitPro/libogc/lib/wii\libbte.a(btpbuf.o)
                              C:\devkitPro/libogc/lib/wii\libbte.a(hci.o) (btpbuf_init)
C:\devkitPro/libogc/lib/wii\libbte.a(physbusif.o)
                              C:\devkitPro/libogc/lib/wii\libbte.a(bte.o) (physbusif_init)
C:\devkitPro/libogc/lib/wii\libogc.a(lwp_queue.o)
                              C:\devkitPro/libogc/lib/wii\libwiiuse.a(io_wii.o) (__lwp_queue_initialize)
C:\devkitPro/libogc/lib/wii\libogc.a(lwp_threads.o)
                              C:\devkitPro/libogc/lib/wii\libwiiuse.a(wpad.o) (_thread_dispatch_disable_level)
C:\devkitPro/libogc/lib/wii\libogc.a(lwp.o)
                              C:\devkitPro/libogc/lib/wii\libbte.a(bte.o) (LWP_InitQueue)
C:\devkitPro/libogc/lib/wii\libogc.a(lwp_handler.o)
                              C:\devkitPro/libogc/lib/wii\libogc.a(lwp_threads.o) (_cpu_context_save_fp)
C:\devkitPro/libogc/lib/wii\libogc.a(lwp_stack.o)
                              C:\devkitPro/libogc/lib/wii\libogc.a(lwp_threads.o) (__lwp_stack_allocate)
C:\devkitPro/libogc/lib/wii\libogc.a(lwp_watchdog.o)
                              C:\devkitPro/libogc/lib/wii\libogc.a(lwp_threads.o) (_wd_ticks_queue)
C:\devkitPro/libogc/lib/wii\libogc.a(lwp_wkspace.o)
                              C:\devkitPro/libogc/lib/wii\libwiiuse.a(motion_plus.o) (__wkspace_heap)
C:\devkitPro/libogc/lib/wii\libogc.a(lwp_objmgr.o)
                              C:\devkitPro/libogc/lib/wii\libogc.a(lwp.o) (__lwp_objmgr_initinfo)
C:\devkitPro/libogc/lib/wii\libogc.a(lwp_heap.o)
                              C:\devkitPro/libogc/lib/wii\libogc.a(lwp_wkspace.o) (__lwp_heap_init)
C:\devkitPro/libogc/lib/wii\libogc.a(sys_state.o)
                              C:\devkitPro/libogc/lib/wii\libogc.a(lwp_threads.o) (_sys_state_curr)
C:\devkitPro/libogc/lib/wii\libogc.a(irq.o)
                              C:\devkitPro/libogc/lib/wii\libwiiuse.a(io_wii.o) (IRQ_Disable)
C:\devkitPro/libogc/lib/wii\libogc.a(video.o)
                              TargetingPlatforms.o (VIDEO_Configure)
C:\devkitPro/libogc/lib/wii\libogc.a(system.o)
                              C:\devkitPro/libogc/lib/wii\libwiiuse.a(wpad.o) (__SYS_DoPowerCB)
C:\devkitPro/libogc/lib/wii\libogc.a(system_asm.o)
                              C:\devkitPro/libogc/lib/wii\libbte.a(bte.o) (SYS_SwitchFiber)
[...]
Memory Configuration

Name             Origin             Length             Attributes
*default*        0x00000000         0xffffffff

Linker script and memory map

                0x00003400                        . = 0x3400

.stub
 *(.stub)
                0x80004000                        . = 0x80004000

.init           0x80004000      0x194
 *crt0.o(*.init)
 .init          0x80004000      0x170 C:\devkitPro/libogc/lib/wii\libogc.a(ogc_crt0.o)
                0x80004000                _start
                0x80004140                _memset
 *(.init)
 .init          0x80004170        0xc C:/devkitPro/devkitPPC/bin/../lib/gcc/powerpc-eabi/14.2.0/ecrti.o
                0x80004170                __init
 .init          0x8000417c        0x4 C:/devkitPro/devkitPPC/bin/../lib/gcc/powerpc-eabi/14.2.0/crtbegin.o
 .init          0x80004180        0x4 C:/devkitPro/devkitPPC/bin/../lib/gcc/powerpc-eabi/14.2.0/crtend.o
 .init          0x80004184       0x10 C:/devkitPro/devkitPPC/bin/../lib/gcc/powerpc-eabi/14.2.0/ecrtn.o

.rela.dyn       0x80004194        0x0
 .rela.iplt     0x80004194        0x0 C:/devkitPro/devkitPPC/bin/../lib/gcc/powerpc-eabi/14.2.0/crtbegin.o

.plt
 *(.plt)

.interp
 *(.interp)

.hash
 *(.hash)

.dynsym
 *(.dynsym)

.dynstr
 *(.dynstr)

.gnu.version
 *(.gnu.version)

.gnu.version_d
 *(.gnu.version_d)

.gnu.version_r
 *(.gnu.version_r)

.rel.init
 *(.rel.init)

.rela.init
 *(.rela.init)

.rel.text
 *(.rel.text .rel.text.* .rel.gnu.linkonce.t.*)

.rela.text      0x80004194        0x0
 *(.rela.text .rela.text.* .rela.gnu.linkonce.t.*)
 .rela.text.__do_global_dtors_aux
                0x80004194        0x0 C:/devkitPro/devkitPPC/bin/../lib/gcc/powerpc-eabi/14.2.0/crtbegin.o
 .rela.text.frame_dummy
                0x80004194        0x0 C:/devkitPro/devkitPPC/bin/../lib/gcc/powerpc-eabi/14.2.0/crtbegin.o
 .rela.text.unlikely.abort
                0x80004194        0x0 C:/devkitPro/devkitPPC/bin/../lib/gcc/powerpc-eabi/14.2.0/crtbegin.o
 .rela.text.__assert_func
                0x80004194        0x0 C:/devkitPro/devkitPPC/bin/../lib/gcc/powerpc-eabi/14.2.0/crtbegin.o

.rel.fini
 *(.rel.fini)

.rela.fini
 *(.rela.fini)

.rel.rodata
 *(.rel.rodata .rel.rodata.* .rel.gnu.linkonce.r.*)

.rela.rodata
 *(.rela.rodata .rela.rodata.* .rela.gnu.linkonce.r.*)

.rel.data
 *(.rel.data .rel.data.* .rel.gnu.linkonce.d.*)

.rela.data
 *(.rela.data .rela.data.* .rela.gnu.linkonce.d.*)

.rel.tdata
 *(.rel.tdata .rel.tdata.* .rel.gnu.linkonce.td.*)

.rela.tdata
 *(.rela.tdata .rela.tdata.* .rela.gnu.linkonce.td.*)

.rel.tbss
 *(.rel.tbss .rel.tbss.* .rel.gnu.linkonce.tb.*)

.rela.tbss
 *(.rela.tbss .rela.tbss.* .rela.gnu.linkonce.tb.*)

.rel.ctors
 *(.rel.ctors)

.rela.ctors
 *(.rela.ctors)

.rel.dtors
 *(.rel.dtors)

.rela.dtors
 *(.rela.dtors)

.rel.got
 *(.rel.got)

.rela.got
 *(.rela.got)

.rela.got1
 *(.rela.got1)

.rela.got2
 *(.rela.got2)

.rel.sdata
 *(.rel.sdata .rel.sdata.* .rel.gnu.linkonce.s.*)

.rela.sdata
 *(.rela.sdata .rela.sdata.* .rela.gnu.linkonce.s.*)

.rel.sbss
 *(.rel.sbss .rel.sbss.* .rel.gnu.linkonce.sb.*)

.rela.sbss
 *(.rela.sbss .rela.sbss.* .rel.gnu.linkonce.sb.*)

.rel.sdata2
 *(.rel.sdata2 .rel.sdata2.* .rel.gnu.linkonce.s2.*)

.rela.sdata2
 *(.rela.sdata2 .rela.sdata2.* .rela.gnu.linkonce.s2.*)

.rel.sbss2
 *(.rel.sbss2 .rel.sbss2.* .rel.gnu.linkonce.sb2.*)

.rela.sbss2
 *(.rela.sbss2 .rela.sbss2.* .rela.gnu.linkonce.sb2.*)

.rel.bss
 *(.rel.bss .rel.bss.* .rel.gnu.linkonce.b.*)

.rela.bss
 *(.rela.bss .rela.bss.* .rela.gnu.linkonce.b.*)

.rel.plt
 *(.rel.plt)

.rela.plt
 *(.rela.plt)

.text           0x800041a0    0x3e2a0
 *(.text)
 .text          0x800041a0      0x44c C:\devkitPro/libogc/lib/wii\libogc.a(lwp_handler.o)
                0x800041a0                _cpu_context_save_fp
                0x800042e0                _cpu_context_restore_fp
                0x80004420                _cpu_context_switch
                0x80004500                _cpu_context_save
                0x80004580                _cpu_context_restore
 .text          0x800045ec      0x4a0 C:\devkitPro/libogc/lib/wii\libogc.a(system_asm.o)
                0x800045ec                __realmode
                0x80004604                __configBATS
                0x80004734                __InitFPRS
                0x80004860                __InitPS
                0x800048bc                __InitCache
                0x80004914                __InitSystem
                0x8000499c                __flush_cache
                0x800049d0                __reset
                0x80004a40                __InitBATS
                0x80004a5c                SYS_SwitchFiber
 .text          0x80004a8c      0x8dc C:\devkitPro/libogc/lib/wii\libogc.a(gu_psasm.o)
                0x80004a8c                ps_guMtxConcat
                0x80004b50                ps_guMtxIdentity
                0x80004b7c                ps_guMtxCopy
                0x80004bb0                ps_guMtxTranspose
                0x80004c00                ps_guMtxInverse
                0x80004cf8                ps_guMtxInvXpose
                0x80004dc0                ps_guMtxScale
                0x80004de8                ps_guMtxScaleApply
                0x80004e40                ps_guMtxApplyScale
                0x80004ea4                ps_guMtxTrans
                0x80004ed8                ps_guMtxTransApply
                0x80004f24                ps_guMtxApplyTrans
                0x80004fa0                ps_guMtxRotTrig
                0x80005050                __ps_guMtxRotAxisRadInternal
                0x80005110                ps_guMtxReflect
                0x80005180                ps_guVecAdd
                0x800051a4                ps_guVecSub
                0x800051c8                ps_guVecScale
                0x800051e4                ps_guVecNormalize
                0x80005228                ps_guVecCross
                0x80005264                ps_guVecDotProduct
                0x80005284                ps_guVecMultiply
                0x800052d8                ps_guVecMultiplySR
                0x80005348                ps_guQuatDotProduct
 .text          0x80005368      0x1ac C:\devkitPro/libogc/lib/wii\libogc.a(irq_handler.o)
                0x80005368                irq_exceptionhandler
 .text          0x80005514      0x4f4 C:\devkitPro/libogc/lib/wii\libogc.a(cache_asm.o)
                0x80005514                DCFlashInvalidate
                0x80005528                DCEnable
                0x8000553c                DCDisable
                0x80005550                DCFreeze
                0x80005564                DCUnfreeze
                0x80005578                DCTouchLoad
                0x80005580                DCBlockZero
                0x80005588                DCBlockStore
                0x80005590                DCBlockFlush
                0x80005598                DCBlockInvalidate
                0x800055a0                DCInvalidateRange
                0x800055d0                DCFlushRange
                0x80005604                DCStoreRange
                0x80005638                DCFlushRangeNoSync
                0x80005668                DCStoreRangeNoSync
                0x80005698                DCZeroRange
                0x800056c8                DCTouchRange
                0x800056f8                ICInvalidateRange
                0x80005730                ICFlashInvalidate
                0x80005744                ICEnable
                0x80005758                ICDisable
                0x8000576c                ICFreeze
                0x80005780                ICUnfreeze
                0x80005794                ICBlockInvalidate
                0x8000579c                ICSync
                0x800057a4                L2Init
                0x800057ec                L2Enable
                0x80005808                L2Disable
                0x80005820                L2GlobalInvalidate
                0x80005878                __LCEnable
                0x80005944                LCDisable
                0x8000596c                LCAllocOneTag
                0x80005980                LCAllocTags
                0x800059c0                LCLoadBlocks
                0x800059e4                LCStoreBlocks
 .text          0x80005a08      0x1ac C:\devkitPro/libogc/lib/wii\libogc.a(decrementer_handler.o)
                0x80005a08                dec_exceptionhandler
 .text          0x80005bb4      0x35c C:\devkitPro/libogc/lib/wii\libogc.a(exception_handler.o)
                0x80005bb4                exceptionhandler_start
                0x80005c30                exceptionhandler_patch
                0x80005c64                exceptionhandler_end
                0x80005c68                default_exceptionhandler
                0x80005d98                fpu_exceptionhandler
                0x80005ee0                systemcallhandler_start
                0x80005f0c                systemcallhandler_end
 .text          0x80005f10       0x48 C:/devkitPro/devkitPPC/bin/../lib/gcc/powerpc-eabi/14.2.0\libgcc.a(eabi.o)
                0x80005f10                __eabi
 .text          0x80005f58       0x58 C:/devkitPro/devkitPPC/bin/../lib/gcc/powerpc-eabi/14.2.0\libgcc.a(crtresxfpr.o)
                0x80005f58                _restfpr_14_x
                0x80005f5c                _restfpr_15_x
                0x80005f60                _restfpr_16_x
                0x80005f64                _restfpr_17_x
                0x80005f68                _restfpr_18_x
                0x80005f6c                _restfpr_19_x
                0x80005f70                _restfpr_20_x
                0x80005f74                _restfpr_21_x
                0x80005f78                _restfpr_22_x
                0x80005f7c                _restfpr_23_x
                0x80005f80                _restfpr_24_x
                0x80005f84                _restfpr_25_x
                0x80005f88                _restfpr_26_x
                0x80005f8c                _restfpr_27_x
                0x80005f90                _restfpr_28_x
                0x80005f94                _restfpr_29_x
                0x80005f98                _restfpr_30_x
                0x80005f9c                _restfpr_31_x
 .text          0x80005fb0       0x58 C:/devkitPro/devkitPPC/bin/../lib/gcc/powerpc-eabi/14.2.0\libgcc.a(crtresxgpr.o)
                0x80005fb0                _restgpr_14_x
                0x80005fb4                _restgpr_15_x
                0x80005fb8                _restgpr_16_x
                0x80005fbc                _restgpr_17_x
                0x80005fc0                _restgpr_18_x
                0x80005fc4                _restgpr_19_x
                0x80005fc8                _restgpr_20_x
                0x80005fcc                _restgpr_21_x
                0x80005fd0                _restgpr_22_x
                0x80005fd4                _restgpr_23_x
                0x80005fd8                _restgpr_24_x
                0x80005fdc                _restgpr_25_x
                0x80005fe0                _restgpr_26_x
                0x80005fe4                _restgpr_27_x
                0x80005fe8                _restgpr_28_x
                0x80005fec                _restgpr_29_x
                0x80005ff0                _restgpr_30_x
                0x80005ff4                _restgpr_31_x
 *(.text.*)
 .text.__do_global_dtors_aux
                0x80006008       0xcc C:/devkitPro/devkitPPC/bin/../lib/gcc/powerpc-eabi/14.2.0/crtbegin.o
 .text.frame_dummy
                0x800060d4       0x24 C:/devkitPro/devkitPPC/bin/../lib/gcc/powerpc-eabi/14.2.0/crtbegin.o
 .text.__crtmain
                0x800060f8       0x40 C:/devkitPro/devkitPPC/bin/../lib/gcc/powerpc-eabi/14.2.0/../../../../powerpc-eabi/lib/crtmain.o
                0x800060fc                __crtmain
 .text.copy_buffers
                0x80006138       0x74 TargetingPlatforms.o
 .text.update_screen
                0x800061ac      0x338 TargetingPlatforms.o
                0x800061ac                update_screen
 .text.startup.main
                0x800064e4      0x41c TargetingPlatforms.o
                0x800064e4                main
 .text.__wpad_assign_slot
                0x80006900      0x228 C:\devkitPro/libogc/lib/wii\libwiiuse.a(wpad.o)
                0x80006900                __wpad_assign_slot
 .text.__wpad_def_powcb
                0x80006b28        0x4 C:\devkitPro/libogc/lib/wii\libwiiuse.a(wpad.o)
 .text.__readlinkkey_finished
                0x80006b2c       0x34 C:\devkitPro/libogc/lib/wii\libwiiuse.a(wpad.o)
 .text.__wpad_patch_finished
                0x80006b60       0x2c C:\devkitPro/libogc/lib/wii\libwiiuse.a(wpad.o)
 .text.__wpad_setfmt
                0x80006b8c      0x14c C:\devkitPro/libogc/lib/wii\libwiiuse.a(wpad.o)
 .text.__wpad_eventCB
                0x80006cd8      0xac4 C:\devkitPro/libogc/lib/wii\libwiiuse.a(wpad.o)
 .text.__wpad_disconnectCB
                0x8000779c       0xd4 C:\devkitPro/libogc/lib/wii\libwiiuse.a(wpad.o)
                0x8000779c                __wpad_disconnectCB
 .text.__wpad_timeouthandler
                0x80007870       0xa8 C:\devkitPro/libogc/lib/wii\libwiiuse.a(wpad.o)
 .text.__initcore_finished
                0x80007918       0x48 C:\devkitPro/libogc/lib/wii\libwiiuse.a(wpad.o)
 .text.__wpad_init_finished
                0x80007960      0x194 C:\devkitPro/libogc/lib/wii\libwiiuse.a(wpad.o)
 .text.WPAD_ReadEvent
                0x80007af4      0x688 C:\devkitPro/libogc/lib/wii\libwiiuse.a(wpad.o)
                0x80007af4                WPAD_ReadEvent
 .text.WPAD_ReadPending
                0x8000817c      0x1a0 C:\devkitPro/libogc/lib/wii\libwiiuse.a(wpad.o)
                0x8000817c                WPAD_ReadPending
 .text.WPAD_Shutdown
                0x8000831c      0x108 C:\devkitPro/libogc/lib/wii\libwiiuse.a(wpad.o)
                0x8000831c                WPAD_Shutdown
 .text.WPAD_Init
                0x80008424      0x2c4 C:\devkitPro/libogc/lib/wii\libwiiuse.a(wpad.o)
                0x80008424                WPAD_Init
 .text.__wpad_onreset
                0x800086e8       0x34 C:\devkitPro/libogc/lib/wii\libwiiuse.a(wpad.o)
 .text.WPAD_ScanPads
                0x8000871c       0x90 C:\devkitPro/libogc/lib/wii\libwiiuse.a(wpad.o)
                0x8000871c                WPAD_ScanPads
 .text.WPAD_ButtonsDown
                0x800087ac       0x28 C:\devkitPro/libogc/lib/wii\libwiiuse.a(wpad.o)
                0x800087ac                WPAD_ButtonsDown
 .text.motion_plus_disconnected
                0x800087d4       0x10 C:\devkitPro/libogc/lib/wii\libwiiuse.a(motion_plus.o)
                0x800087d4                motion_plus_disconnected
 .text.motion_plus_event
                0x800087e4       0x64 C:\devkitPro/libogc/lib/wii\libwiiuse.a(motion_plus.o)
                0x800087e4                motion_plus_event
 .text.calculate_gforce
                0x80008848      0x114 C:\devkitPro/libogc/lib/wii\libwiiuse.a(dynamics.o)
                0x80008848                calculate_gforce
 .text.calc_joystick_state
                0x8000895c      0x210 C:\devkitPro/libogc/lib/wii\libwiiuse.a(dynamics.o)
                0x8000895c                calc_joystick_state
 .text.apply_smoothing
                0x80008b6c      0x110 C:\devkitPro/libogc/lib/wii\libwiiuse.a(dynamics.o)
                0x80008b6c                apply_smoothing
 .text.calculate_orientation
                0x80008c7c      0x374 C:\devkitPro/libogc/lib/wii\libwiiuse.a(dynamics.o)
                0x80008c7c                calculate_orientation
 .text.calc_balanceboard_state
                0x80008ff0      0x3a4 C:\devkitPro/libogc/lib/wii\libwiiuse.a(dynamics.o)
                0x80008ff0                calc_balanceboard_state
 .text.wiiuse_handshake
                0x80009394      0x27c C:\devkitPro/libogc/lib/wii\libwiiuse.a(io.o)
                0x80009394                wiiuse_handshake
 .text.wiiuse_handshake_expansion
                0x80009610      0x1f0 C:\devkitPro/libogc/lib/wii\libwiiuse.a(io.o)
                0x80009610                wiiuse_handshake_expansion
 .text.wiiuse_handshake_expansion_start
                0x80009800       0x5c C:\devkitPro/libogc/lib/wii\libwiiuse.a(io.o)
                0x80009800                wiiuse_handshake_expansion_start
 .text.wiiuse_disable_expansion
                0x8000985c      0x1b0 C:\devkitPro/libogc/lib/wii\libwiiuse.a(io.o)
                0x8000985c                wiiuse_disable_expansion
 .text.__wiiuse_connected
                0x80009a0c       0x9c C:\devkitPro/libogc/lib/wii\libwiiuse.a(io_wii.o)
 .text.__wiiuse_disconnected
                0x80009aa8       0xb4 C:\devkitPro/libogc/lib/wii\libwiiuse.a(io_wii.o)
 .text.__wiiuse_receive
                0x80009b5c       0xd0 C:\devkitPro/libogc/lib/wii\libwiiuse.a(io_wii.o)
 .text.__wiiuse_sensorbar_enable
                0x80009c2c       0x74 C:\devkitPro/libogc/lib/wii\libwiiuse.a(io_wii.o)
                0x80009c2c                __wiiuse_sensorbar_enable
 .text.wiiuse_register
                0x80009ca0       0xf0 C:\devkitPro/libogc/lib/wii\libwiiuse.a(io_wii.o)
                0x80009ca0                wiiuse_register
 .text.wiiuse_disconnect
                0x80009d90       0x24 C:\devkitPro/libogc/lib/wii\libwiiuse.a(io_wii.o)
                0x80009d90                wiiuse_disconnect
 .text.wiiuse_init_cmd_queue
                0x80009db4       0x9c C:\devkitPro/libogc/lib/wii\libwiiuse.a(io_wii.o)
                0x80009db4                wiiuse_init_cmd_queue
 .text.wiiuse_io_write
                0x80009e50       0x1c C:\devkitPro/libogc/lib/wii\libwiiuse.a(io_wii.o)
                0x80009e50                wiiuse_io_write
 .text.rotate_dots
                0x80009e6c      0x13c C:\devkitPro/libogc/lib/wii\libwiiuse.a(ir.o)
 .text.wiiuse_set_ir_mode
                0x80009fa8       0x5c C:\devkitPro/libogc/lib/wii\libwiiuse.a(ir.o)
                0x80009fa8                wiiuse_set_ir_mode
 .text.wiiuse_set_ir
                0x8000a004      0x270 C:\devkitPro/libogc/lib/wii\libwiiuse.a(ir.o)
                0x8000a004                wiiuse_set_ir
 .text.wiiuse_set_ir_position
                0x8000a274       0x80 C:\devkitPro/libogc/lib/wii\libwiiuse.a(ir.o)
                0x8000a274                wiiuse_set_ir_position
 .text.wiiuse_set_aspect_ratio
                0x8000a2f4       0xac C:\devkitPro/libogc/lib/wii\libwiiuse.a(ir.o)
                0x8000a2f4                wiiuse_set_aspect_ratio
 .text.wiiuse_set_ir_sensitivity
                0x8000a3a0      0x180 C:\devkitPro/libogc/lib/wii\libwiiuse.a(ir.o)
                0x8000a3a0                wiiuse_set_ir_sensitivity
 .text.calculate_basic_ir
                0x8000a520       0xe8 C:\devkitPro/libogc/lib/wii\libwiiuse.a(ir.o)
                0x8000a520                calculate_basic_ir
 .text.calculate_extended_ir
                0x8000a608       0x64 C:\devkitPro/libogc/lib/wii\libwiiuse.a(ir.o)
                0x8000a608                calculate_extended_ir
 .text.find_sensorbar
                0x8000a66c      0xaa0 C:\devkitPro/libogc/lib/wii\libwiiuse.a(ir.o)
                0x8000a66c                find_sensorbar
 .text.apply_ir_smoothing
                0x8000b10c      0x124 C:\devkitPro/libogc/lib/wii\libwiiuse.a(ir.o)
                0x8000b10c                apply_ir_smoothing
 .text.interpret_ir_data
                0x8000b230      0x3c8 C:\devkitPro/libogc/lib/wii\libwiiuse.a(ir.o)
                0x8000b230                interpret_ir_data
 .text.nunchuk_handshake
                0x8000b5f8      0x31c C:\devkitPro/libogc/lib/wii\libwiiuse.a(nunchuk.o)
                0x8000b5f8                nunchuk_handshake
 .text.nunchuk_disconnected
                0x8000b914        0xc C:\devkitPro/libogc/lib/wii\libwiiuse.a(nunchuk.o)
                0x8000b914                nunchuk_disconnected
 .text.nunchuk_event
                0x8000b920       0xe8 C:\devkitPro/libogc/lib/wii\libwiiuse.a(nunchuk.o)
                0x8000b920                nunchuk_event
 .text.wii_board_handshake
                0x8000ba08      0x284 C:\devkitPro/libogc/lib/wii\libwiiuse.a(wiiboard.o)
                0x8000ba08                wii_board_handshake
 .text.wii_board_disconnected
                0x8000bc8c        0xc C:\devkitPro/libogc/lib/wii\libwiiuse.a(wiiboard.o)
                0x8000bc8c                wii_board_disconnected
 .text.wii_board_event
                0x8000bc98       0x24 C:\devkitPro/libogc/lib/wii\libwiiuse.a(wiiboard.o)
                0x8000bc98                wii_board_event
 .text.wiiuse_send_next_command
                0x8000bcbc       0x58 C:\devkitPro/libogc/lib/wii\libwiiuse.a(wiiuse.o)
                0x8000bcbc                wiiuse_send_next_command
 .text.wiiuse_init
                0x8000bd14      0x208 C:\devkitPro/libogc/lib/wii\libwiiuse.a(wiiuse.o)
                0x8000bd14                wiiuse_init
 .text.wiiuse_set_flags
                0x8000bf1c       0x28 C:\devkitPro/libogc/lib/wii\libwiiuse.a(wiiuse.o)
                0x8000bf1c                wiiuse_set_flags
 .text.wiiuse_read_data
                0x8000bf44      0x154 C:\devkitPro/libogc/lib/wii\libwiiuse.a(wiiuse.o)
                0x8000bf44                wiiuse_read_data
 .text.wiiuse_write_data
                0x8000c098      0x18c C:\devkitPro/libogc/lib/wii\libwiiuse.a(wiiuse.o)
                0x8000c098                wiiuse_write_data
 .text.wiiuse_sendcmd
                0x8000c224      0x144 C:\devkitPro/libogc/lib/wii\libwiiuse.a(wiiuse.o)
                0x8000c224                wiiuse_sendcmd
 .text.wiiuse_set_leds
                0x8000c368       0x50 C:\devkitPro/libogc/lib/wii\libwiiuse.a(wiiuse.o)
                0x8000c368                wiiuse_set_leds
 .text.wiiuse_set_report_type
                0x8000c3b8       0xb0 C:\devkitPro/libogc/lib/wii\libwiiuse.a(wiiuse.o)
                0x8000c3b8                wiiuse_set_report_type
 .text.wiiuse_status
                0x8000c468       0x4c C:\devkitPro/libogc/lib/wii\libwiiuse.a(wiiuse.o)
                0x8000c468                wiiuse_status
 .text.wiiuse_motion_sensing
                0x8000c4b4       0x84 C:\devkitPro/libogc/lib/wii\libwiiuse.a(wiiuse.o)
                0x8000c4b4                wiiuse_motion_sensing
 .text.wiiuse_set_speaker
                0x8000c538      0x24c C:\devkitPro/libogc/lib/wii\libwiiuse.a(speaker.o)
                0x8000c538                wiiuse_set_speaker
 .text.classic_ctrl_handshake
                0x8000c784      0x410 C:\devkitPro/libogc/lib/wii\libwiiuse.a(classic.o)
                0x8000c784                classic_ctrl_handshake
 .text.classic_ctrl_disconnected
                0x8000cb94        0xc C:\devkitPro/libogc/lib/wii\libwiiuse.a(classic.o)
                0x8000cb94                classic_ctrl_disconnected
 .text.classic_ctrl_event
                0x8000cba0      0x15c C:\devkitPro/libogc/lib/wii\libwiiuse.a(classic.o)
                0x8000cba0                classic_ctrl_event
 .text.handle_expansion
                0x8000ccfc       0x54 C:\devkitPro/libogc/lib/wii\libwiiuse.a(events.o)
 .text.parse_event
                0x8000cd50      0x730 C:\devkitPro/libogc/lib/wii\libwiiuse.a(events.o)
                0x8000cd50                parse_event
 .text.guitar_hero_3_handshake
                0x8000d480       0x5c C:\devkitPro/libogc/lib/wii\libwiiuse.a(guitar_hero_3.o)
                0x8000d480                guitar_hero_3_handshake
 .text.guitar_hero_3_disconnected
                0x8000d4dc        0xc C:\devkitPro/libogc/lib/wii\libwiiuse.a(guitar_hero_3.o)
                0x8000d4dc                guitar_hero_3_disconnected
 .text.guitar_hero_3_event
                0x8000d4e8       0x60 C:\devkitPro/libogc/lib/wii\libwiiuse.a(guitar_hero_3.o)
                0x8000d4e8                guitar_hero_3_event
 .text.acl_wlp_completed
                0x8000d548        0x8 C:\devkitPro/libogc/lib/wii\libbte.a(bte.o)
                0x8000d548                acl_wlp_completed
 .text.bt_alarmhandler
                0x8000d550       0x58 C:\devkitPro/libogc/lib/wii\libbte.a(bte.o)
 .text.__bte_send_pending_request
                0x8000d5a8      0x108 C:\devkitPro/libogc/lib/wii\libbte.a(bte.o)
 .text.acl_conn_complete
                0x8000d6b0       0x2c C:\devkitPro/libogc/lib/wii\libbte.a(bte.o)
                0x8000d6b0                acl_conn_complete
 .text.l2cap_accepted
                0x8000d6dc      0x11c C:\devkitPro/libogc/lib/wii\libbte.a(bte.o)
                0x8000d6dc                l2cap_accepted
 .text.l2cap_disconnect_cfm
                0x8000d7f8      0x190 C:\devkitPro/libogc/lib/wii\libbte.a(bte.o)
                0x8000d7f8                l2cap_disconnect_cfm
 .text.bte_process_input
                0x8000d988      0x11c C:\devkitPro/libogc/lib/wii\libbte.a(bte.o)
 .text.l2cap_disconnected_ind
                0x8000daa4      0x194 C:\devkitPro/libogc/lib/wii\libbte.a(bte.o)
                0x8000daa4                l2cap_disconnected_ind
 .text.__bte_shutdown_finished
                0x8000dc38       0xdc C:\devkitPro/libogc/lib/wii\libbte.a(bte.o)
 .text.bte_hci_apply_patch_complete
                0x8000dd14      0x164 C:\devkitPro/libogc/lib/wii\libbte.a(bte.o)
                0x8000dd14                bte_hci_apply_patch_complete
 .text.bte_hci_patch_complete
                0x8000de78      0x370 C:\devkitPro/libogc/lib/wii\libbte.a(bte.o)
                0x8000de78                bte_hci_patch_complete
 .text.bte_hci_initcore_complete
                0x8000e1e8      0x258 C:\devkitPro/libogc/lib/wii\libbte.a(bte.o)
                0x8000e1e8                bte_hci_initcore_complete
 .text.bte_read_stored_link_key_complete
                0x8000e440      0x268 C:\devkitPro/libogc/lib/wii\libbte.a(bte.o)
                0x8000e440                bte_read_stored_link_key_complete
 .text.bte_hci_initcore_complete2
                0x8000e6a8      0x228 C:\devkitPro/libogc/lib/wii\libbte.a(bte.o)
 .text.bte_hci_initsub_complete
                0x8000e8d0      0x278 C:\devkitPro/libogc/lib/wii\libbte.a(bte.o)
                0x8000e8d0                bte_hci_initsub_complete
 .text.BTE_Init
                0x8000eb48      0x138 C:\devkitPro/libogc/lib/wii\libbte.a(bte.o)
                0x8000eb48                BTE_Init
 .text.BTE_Shutdown
                0x8000ec80      0x100 C:\devkitPro/libogc/lib/wii\libbte.a(bte.o)
                0x8000ec80                BTE_Shutdown
 .text.BTE_InitCore
                0x8000ed80       0x8c C:\devkitPro/libogc/lib/wii\libbte.a(bte.o)
                0x8000ed80                BTE_InitCore
 .text.BTE_ApplyPatch
                0x8000ee0c       0xa4 C:\devkitPro/libogc/lib/wii\libbte.a(bte.o)
                0x8000ee0c                BTE_ApplyPatch
 .text.BTE_InitSub
                0x8000eeb0       0x90 C:\devkitPro/libogc/lib/wii\libbte.a(bte.o)
                0x8000eeb0                BTE_InitSub
 .text.BTE_ReadStoredLinkKey
                0x8000ef40       0x90 C:\devkitPro/libogc/lib/wii\libbte.a(bte.o)
                0x8000ef40                BTE_ReadStoredLinkKey
 .text.BTE_SetDisconnectCallback
                0x8000efd0        0x4 C:\devkitPro/libogc/lib/wii\libbte.a(bte.o)
                0x8000efd0                BTE_SetDisconnectCallback
 .text.bte_new  0x8000efd4       0x54 C:\devkitPro/libogc/lib/wii\libbte.a(bte.o)
                0x8000efd4                bte_new
 .text.bte_registerdeviceasync
                0x8000f028      0x158 C:\devkitPro/libogc/lib/wii\libbte.a(bte.o)
                0x8000f028                bte_registerdeviceasync
 .text.bte_disconnect
                0x8000f180       0xd8 C:\devkitPro/libogc/lib/wii\libbte.a(bte.o)
                0x8000f180                bte_disconnect
 .text.bte_senddata
                0x8000f258      0x104 C:\devkitPro/libogc/lib/wii\libbte.a(bte.o)
                0x8000f258                bte_senddata
 .text.bte_arg  0x8000f35c       0x38 C:\devkitPro/libogc/lib/wii\libbte.a(bte.o)
                0x8000f35c                bte_arg
 .text.bte_received
                0x8000f394       0x38 C:\devkitPro/libogc/lib/wii\libbte.a(bte.o)
                0x8000f394                bte_received
 .text.bte_disconnected
                0x8000f3cc       0x38 C:\devkitPro/libogc/lib/wii\libbte.a(bte.o)
                0x8000f3cc                bte_disconnected
 .text.hci_get_link
                0x8000f404       0x84 C:\devkitPro/libogc/lib/wii\libbte.a(hci.o)
 .text.hci_init
                0x8000f488       0x7c C:\devkitPro/libogc/lib/wii\libbte.a(hci.o)
                0x8000f488                hci_init
 .text.hci_close
                0x8000f504       0xd0 C:\devkitPro/libogc/lib/wii\libbte.a(hci.o)
                0x8000f504                hci_close
 .text.hci_reset_all
                0x8000f5d4       0xa8 C:\devkitPro/libogc/lib/wii\libbte.a(hci.o)
                0x8000f5d4                hci_reset_all
 .text.hci_arg  0x8000f67c        0xc C:\devkitPro/libogc/lib/wii\libbte.a(hci.o)
                0x8000f67c                hci_arg
 .text.hci_cmd_complete
                0x8000f688        0xc C:\devkitPro/libogc/lib/wii\libbte.a(hci.o)
                0x8000f688                hci_cmd_complete
 .text.hci_connection_complete
                0x8000f694        0xc C:\devkitPro/libogc/lib/wii\libbte.a(hci.o)
                0x8000f694                hci_connection_complete
 .text.hci_wlp_complete
                0x8000f6a0        0xc C:\devkitPro/libogc/lib/wii\libbte.a(hci.o)
                0x8000f6a0                hci_wlp_complete
 .text.hci_reset
                0x8000f6ac       0xa8 C:\devkitPro/libogc/lib/wii\libbte.a(hci.o)
                0x8000f6ac                hci_reset
 .text.hci_read_buffer_size
                0x8000f754       0xa8 C:\devkitPro/libogc/lib/wii\libbte.a(hci.o)
                0x8000f754                hci_read_buffer_size
 .text.hci_read_bd_addr
                0x8000f7fc       0xa8 C:\devkitPro/libogc/lib/wii\libbte.a(hci.o)
                0x8000f7fc                hci_read_bd_addr
 .text.hci_read_local_version
                0x8000f8a4       0xa4 C:\devkitPro/libogc/lib/wii\libbte.a(hci.o)
                0x8000f8a4                hci_read_local_version
 .text.hci_read_local_features
                0x8000f948       0xa8 C:\devkitPro/libogc/lib/wii\libbte.a(hci.o)
                0x8000f948                hci_read_local_features
 .text.hci_read_stored_link_key
                0x8000f9f0       0xf8 C:\devkitPro/libogc/lib/wii\libbte.a(hci.o)
                0x8000f9f0                hci_read_stored_link_key
 .text.hci_write_page_timeout
                0x8000fae8       0xcc C:\devkitPro/libogc/lib/wii\libbte.a(hci.o)
                0x8000fae8                hci_write_page_timeout
 .text.hci_write_scan_enable
                0x8000fbb4       0xb8 C:\devkitPro/libogc/lib/wii\libbte.a(hci.o)
                0x8000fbb4                hci_write_scan_enable
 .text.hci_accecpt_conn_request
                0x8000fc6c       0xdc C:\devkitPro/libogc/lib/wii\libbte.a(hci.o)
                0x8000fc6c                hci_accecpt_conn_request
 .text.hci_write_local_name
                0x8000fd48       0xd4 C:\devkitPro/libogc/lib/wii\libbte.a(hci.o)
                0x8000fd48                hci_write_local_name
 .text.hci_write_pin_type
                0x8000fe1c       0xb8 C:\devkitPro/libogc/lib/wii\libbte.a(hci.o)
                0x8000fe1c                hci_write_pin_type
 .text.hci_write_inquiry_mode
                0x8000fed4       0xb8 C:\devkitPro/libogc/lib/wii\libbte.a(hci.o)
                0x8000fed4                hci_write_inquiry_mode
 .text.hci_write_page_scan_type
                0x8000ff8c       0xb8 C:\devkitPro/libogc/lib/wii\libbte.a(hci.o)
                0x8000ff8c                hci_write_page_scan_type
 .text.hci_write_inquiry_scan_type
                0x80010044       0xb8 C:\devkitPro/libogc/lib/wii\libbte.a(hci.o)
                0x80010044                hci_write_inquiry_scan_type
 .text.hci_vendor_specific_command
                0x800100fc       0xe4 C:\devkitPro/libogc/lib/wii\libbte.a(hci.o)
                0x800100fc                hci_vendor_specific_command
 .text.hci_write_link_policy_settings
                0x800101e0      0x100 C:\devkitPro/libogc/lib/wii\libbte.a(hci.o)
                0x800101e0                hci_write_link_policy_settings
 .text.hci_pin_code_request_neg_reply
                0x800102e0       0xc8 C:\devkitPro/libogc/lib/wii\libbte.a(hci.o)
                0x800102e0                hci_pin_code_request_neg_reply
 .text.hci_link_key_req_neg_reply
                0x800103a8       0xc8 C:\devkitPro/libogc/lib/wii\libbte.a(hci.o)
                0x800103a8                hci_link_key_req_neg_reply
 .text.hci_disconnect
                0x80010470       0xf8 C:\devkitPro/libogc/lib/wii\libbte.a(hci.o)
                0x80010470                hci_disconnect
 .text.hci_write_cod
                0x80010568       0xc8 C:\devkitPro/libogc/lib/wii\libbte.a(hci.o)
                0x80010568                hci_write_cod
 .text.hci_host_buffer_size
                0x80010630      0x108 C:\devkitPro/libogc/lib/wii\libbte.a(hci.o)
                0x80010630                hci_host_buffer_size
 .text.hci_host_num_comp_packets
                0x80010738      0x104 C:\devkitPro/libogc/lib/wii\libbte.a(hci.o)
                0x80010738                hci_host_num_comp_packets
 .text.lp_pdu_maxsize
                0x8001083c        0xc C:\devkitPro/libogc/lib/wii\libbte.a(hci.o)
                0x8001083c                lp_pdu_maxsize
 .text.lp_acl_write
                0x80010848      0x154 C:\devkitPro/libogc/lib/wii\libbte.a(hci.o)
                0x80010848                lp_acl_write
 .text.lp_write_flush_timeout
                0x8001099c      0x100 C:\devkitPro/libogc/lib/wii\libbte.a(hci.o)
                0x8001099c                lp_write_flush_timeout
 .text.hci_event_handler
                0x80010a9c      0xc78 C:\devkitPro/libogc/lib/wii\libbte.a(hci.o)
                0x80010a9c                hci_event_handler
 .text.hci_acldata_handler
                0x80011714      0x118 C:\devkitPro/libogc/lib/wii\libbte.a(hci.o)
                0x80011714                hci_acldata_handler
 .text.l2cap_init
                0x8001182c       0x60 C:\devkitPro/libogc/lib/wii\libbte.a(l2cap.o)
                0x8001182c                l2cap_init
 .text.l2cap_write
                0x8001188c      0x1a0 C:\devkitPro/libogc/lib/wii\libbte.a(l2cap.o)
                0x8001188c                l2cap_write
 .text.l2cap_new
                0x80011a2c       0x60 C:\devkitPro/libogc/lib/wii\libbte.a(l2cap.o)
                0x80011a2c                l2cap_new
 .text.l2cap_close
                0x80011a8c      0x1c0 C:\devkitPro/libogc/lib/wii\libbte.a(l2cap.o)
                0x80011a8c                l2cap_close
 .text.l2cap_reset_all
                0x80011c4c      0x148 C:\devkitPro/libogc/lib/wii\libbte.a(l2cap.o)
                0x80011c4c                l2cap_reset_all
 .text.l2cap_signal
                0x80011d94      0x204 C:\devkitPro/libogc/lib/wii\libbte.a(l2cap.o)
                0x80011d94                l2cap_signal
 .text.l2ca_config_req
                0x80011f98      0x154 C:\devkitPro/libogc/lib/wii\libbte.a(l2cap.o)
                0x80011f98                l2ca_config_req
 .text.l2ca_disconnect_req
                0x800120ec       0xcc C:\devkitPro/libogc/lib/wii\libbte.a(l2cap.o)
                0x800120ec                l2ca_disconnect_req
 .text.l2cap_tmr
                0x800121b8      0x260 C:\devkitPro/libogc/lib/wii\libbte.a(l2cap.o)
                0x800121b8                l2cap_tmr
 .text.l2cap_process_sig
                0x80012418     0x1318 C:\devkitPro/libogc/lib/wii\libbte.a(l2cap.o)
                0x80012418                l2cap_process_sig
 .text.l2cap_input
                0x80013730      0x584 C:\devkitPro/libogc/lib/wii\libbte.a(l2cap.o)
                0x80013730                l2cap_input
 .text.l2ca_datawrite
                0x80013cb4      0x128 C:\devkitPro/libogc/lib/wii\libbte.a(l2cap.o)
                0x80013cb4                l2ca_datawrite
 .text.lp_connect_cfm
                0x80013ddc      0x184 C:\devkitPro/libogc/lib/wii\libbte.a(l2cap.o)
                0x80013ddc                lp_connect_cfm
 .text.lp_connect_ind
                0x80013f60        0x4 C:\devkitPro/libogc/lib/wii\libbte.a(l2cap.o)
                0x80013f60                lp_connect_ind
 .text.lp_disconnect_ind
                0x80013f64      0x124 C:\devkitPro/libogc/lib/wii\libbte.a(l2cap.o)
                0x80013f64                lp_disconnect_ind
 .text.l2cap_disconnect_bb
                0x80014088       0x10 C:\devkitPro/libogc/lib/wii\libbte.a(l2cap.o)
                0x80014088                l2cap_disconnect_bb
 .text.l2cap_arg
                0x80014098        0x8 C:\devkitPro/libogc/lib/wii\libbte.a(l2cap.o)
                0x80014098                l2cap_arg
 .text.l2cap_connect_ind
                0x800140a0      0x100 C:\devkitPro/libogc/lib/wii\libbte.a(l2cap.o)
                0x800140a0                l2cap_connect_ind
 .text.l2cap_disconnect_ind
                0x800141a0        0x8 C:\devkitPro/libogc/lib/wii\libbte.a(l2cap.o)
                0x800141a0                l2cap_disconnect_ind
 .text.l2cap_recv
                0x800141a8        0x8 C:\devkitPro/libogc/lib/wii\libbte.a(l2cap.o)
                0x800141a8                l2cap_recv
 .text.btmemb_init
                0x800141b0       0x24 C:\devkitPro/libogc/lib/wii\libbte.a(btmemb.o)
                0x800141b0                btmemb_init
 .text.btmemb_alloc
                0x800141d4       0x98 C:\devkitPro/libogc/lib/wii\libbte.a(btmemb.o)
                0x800141d4                btmemb_alloc
 .text.btmemb_free
                0x8001426c       0xe0 C:\devkitPro/libogc/lib/wii\libbte.a(btmemb.o)
                0x8001426c                btmemb_free
 .text.plug_holes
                0x8001434c       0xac C:\devkitPro/libogc/lib/wii\libbte.a(btmemr.o)
 .text.btmemr_init
                0x800143f8       0xa4 C:\devkitPro/libogc/lib/wii\libbte.a(btmemr.o)
                0x800143f8                btmemr_init
 .text.btmemr_malloc
                0x8001449c      0x180 C:\devkitPro/libogc/lib/wii\libbte.a(btmemr.o)
                0x8001449c                btmemr_malloc
 .text.btmemr_free
                0x8001461c       0x98 C:\devkitPro/libogc/lib/wii\libbte.a(btmemr.o)
                0x8001461c                btmemr_free
 .text.btmemr_realloc
                0x800146b4      0x108 C:\devkitPro/libogc/lib/wii\libbte.a(btmemr.o)
                0x800146b4                btmemr_realloc
 .text.btpbuf_init
                0x800147bc       0x28 C:\devkitPro/libogc/lib/wii\libbte.a(btpbuf.o)
                0x800147bc                btpbuf_init
 .text.btpbuf_free
                0x800147e4      0x104 C:\devkitPro/libogc/lib/wii\libbte.a(btpbuf.o)
                0x800147e4                btpbuf_free
 .text.btpbuf_alloc
                0x800148e8      0x224 C:\devkitPro/libogc/lib/wii\libbte.a(btpbuf.o)
                0x800148e8                btpbuf_alloc
 .text.btpbuf_realloc
                0x80014b0c      0x110 C:\devkitPro/libogc/lib/wii\libbte.a(btpbuf.o)
                0x80014b0c                btpbuf_realloc
 .text.btpbuf_header
                0x80014c1c       0x84 C:\devkitPro/libogc/lib/wii\libbte.a(btpbuf.o)
                0x80014c1c                btpbuf_header
 .text.btpbuf_ref
                0x80014ca0       0x48 C:\devkitPro/libogc/lib/wii\libbte.a(btpbuf.o)
                0x80014ca0                btpbuf_ref
 .text.btpbuf_chain
                0x80014ce8       0x9c C:\devkitPro/libogc/lib/wii\libbte.a(btpbuf.o)
                0x80014ce8                btpbuf_chain
 .text.btpbuf_dechain
                0x80014d84       0x7c C:\devkitPro/libogc/lib/wii\libbte.a(btpbuf.o)
                0x80014d84                btpbuf_dechain
 .text.btpbuf_take
                0x80014e00      0x13c C:\devkitPro/libogc/lib/wii\libbte.a(btpbuf.o)
                0x80014e00                btpbuf_take
 .text.__usb_closeCB
                0x80014f3c       0x10 C:\devkitPro/libogc/lib/wii\libbte.a(physbusif.o)
 .text.__writebulkmsgCB
                0x80014f4c       0x3c C:\devkitPro/libogc/lib/wii\libbte.a(physbusif.o)
 .text.__writectrlmsgCB
                0x80014f88       0x3c C:\devkitPro/libogc/lib/wii\libbte.a(physbusif.o)
 .text.__issue_intrread.part.0
                0x80014fc4       0x80 C:\devkitPro/libogc/lib/wii\libbte.a(physbusif.o)
 .text.__readintrdataCB
                0x80015044      0x148 C:\devkitPro/libogc/lib/wii\libbte.a(physbusif.o)
 .text.__issue_bulkread.part.0
                0x8001518c       0x80 C:\devkitPro/libogc/lib/wii\libbte.a(physbusif.o)
 .text.__readbulkdataCB
                0x8001520c      0x148 C:\devkitPro/libogc/lib/wii\libbte.a(physbusif.o)
 .text.physbusif_init
                0x80015354      0x1ec C:\devkitPro/libogc/lib/wii\libbte.a(physbusif.o)
                0x80015354                physbusif_init
 .text.physbusif_close
                0x80015540       0x20 C:\devkitPro/libogc/lib/wii\libbte.a(physbusif.o)
                0x80015540                physbusif_close
 .text.physbusif_shutdown
                0x80015560       0x24 C:\devkitPro/libogc/lib/wii\libbte.a(physbusif.o)
                0x80015560                physbusif_shutdown
 .text.physbusif_reset_all
                0x80015584        0x4 C:\devkitPro/libogc/lib/wii\libbte.a(physbusif.o)
                0x80015584                physbusif_reset_all
 .text.physbusif_output
                0x80015588      0x1e8 C:\devkitPro/libogc/lib/wii\libbte.a(physbusif.o)
                0x80015588                physbusif_output
 .text.__lwp_queue_initialize
                0x80015770       0x98 C:\devkitPro/libogc/lib/wii\libogc.a(lwp_queue.o)
                0x80015770                __lwp_queue_initialize
 .text.__lwp_queue_get
                0x80015808       0x74 C:\devkitPro/libogc/lib/wii\libogc.a(lwp_queue.o)
                0x80015808                __lwp_queue_get
 .text.__lwp_queue_append
                0x8001587c       0x4c C:\devkitPro/libogc/lib/wii\libogc.a(lwp_queue.o)
                0x8001587c                __lwp_queue_append
 .text.__syscall_getreent
                0x800158c8       0x24 C:\devkitPro/libogc/lib/wii\libogc.a(lwp_threads.o)
                0x800158c8                __syscall_getreent
 .text.__lwp_isr_in_progress
                0x800158ec        0x8 C:\devkitPro/libogc/lib/wii\libogc.a(lwp_threads.o)
                0x800158ec                __lwp_isr_in_progress
 .text.__thread_dispatch_fp
                0x800158f4       0x88 C:\devkitPro/libogc/lib/wii\libogc.a(lwp_threads.o)
                0x800158f4                __thread_dispatch_fp
 .text.__thread_dispatch
                0x8001597c       0xf4 C:\devkitPro/libogc/lib/wii\libogc.a(lwp_threads.o)
                0x8001597c                __thread_dispatch
 .text.__lwp_thread_resettimeslice
                0x80015a70       0xb4 C:\devkitPro/libogc/lib/wii\libogc.a(lwp_threads.o)
                0x80015a70                __lwp_thread_resettimeslice
 .text.__lwp_thread_tickle_timeslice
                0x80015b24       0xc8 C:\devkitPro/libogc/lib/wii\libogc.a(lwp_threads.o)
                0x80015b24                __lwp_thread_tickle_timeslice
 .text.__lwp_thread_setstate
                0x80015bec      0x16c C:\devkitPro/libogc/lib/wii\libogc.a(lwp_threads.o)
                0x80015bec                __lwp_thread_setstate
 .text.__lwp_thread_clearstate
                0x80015d58       0xe4 C:\devkitPro/libogc/lib/wii\libogc.a(lwp_threads.o)
                0x80015d58                __lwp_thread_clearstate
 .text.__lwp_thread_delayended
                0x80015e3c       0x48 C:\devkitPro/libogc/lib/wii\libogc.a(lwp_threads.o)
                0x80015e3c                __lwp_thread_delayended
 .text.__lwp_thread_suspend
                0x80015e84      0x17c C:\devkitPro/libogc/lib/wii\libogc.a(lwp_threads.o)
                0x80015e84                __lwp_thread_suspend
 .text.__lwp_thread_settransient
                0x80016000       0xb4 C:\devkitPro/libogc/lib/wii\libogc.a(lwp_threads.o)
                0x80016000                __lwp_thread_settransient
 .text.__lwp_thread_changepriority
                0x800160b4      0x1f8 C:\devkitPro/libogc/lib/wii\libogc.a(lwp_threads.o)
                0x800160b4                __lwp_thread_changepriority
 .text.__lwp_thread_resume
                0x800162ac      0x12c C:\devkitPro/libogc/lib/wii\libogc.a(lwp_threads.o)
                0x800162ac                __lwp_thread_resume
 .text.__lwp_thread_ready
                0x800163d8       0xf0 C:\devkitPro/libogc/lib/wii\libogc.a(lwp_threads.o)
                0x800163d8                __lwp_thread_ready
 .text.__lwp_thread_init
                0x800164c8      0x160 C:\devkitPro/libogc/lib/wii\libogc.a(lwp_threads.o)
                0x800164c8                __lwp_thread_init
 .text.__lwp_thread_close
                0x80016628      0x144 C:\devkitPro/libogc/lib/wii\libogc.a(lwp_threads.o)
                0x80016628                __lwp_thread_close
 .text.__lwp_thread_handler
                0x8001676c       0xc0 C:\devkitPro/libogc/lib/wii\libogc.a(lwp_threads.o)
 .text.__lwp_thread_closeall
                0x8001682c       0xb0 C:\devkitPro/libogc/lib/wii\libogc.a(lwp_threads.o)
                0x8001682c                __lwp_thread_closeall
 .text.__lwp_thread_start
                0x800168dc      0x150 C:\devkitPro/libogc/lib/wii\libogc.a(lwp_threads.o)
                0x800168dc                __lwp_thread_start
 .text.__lwp_thread_startmultitasking
                0x80016a2c       0xac C:\devkitPro/libogc/lib/wii\libogc.a(lwp_threads.o)
                0x80016a2c                __lwp_thread_startmultitasking
 .text.__lwp_thread_stopmultitasking
                0x80016ad8       0x58 C:\devkitPro/libogc/lib/wii\libogc.a(lwp_threads.o)
                0x80016ad8                __lwp_thread_stopmultitasking
 .text.__lwp_thread_coreinit
                0x80016b30       0xc4 C:\devkitPro/libogc/lib/wii\libogc.a(lwp_threads.o)
                0x80016b30                __lwp_thread_coreinit
 .text.idle_func
                0x80016bf4        0x4 C:\devkitPro/libogc/lib/wii\libogc.a(lwp.o)
 .text.__lwp_sysinit
                0x80016bf8      0x114 C:\devkitPro/libogc/lib/wii\libogc.a(lwp.o)
                0x80016bf8                __lwp_sysinit
 .text.LWP_SuspendThread
                0x80016d0c       0xc8 C:\devkitPro/libogc/lib/wii\libogc.a(lwp.o)
                0x80016d0c                LWP_SuspendThread
 .text.LWP_ResumeThread
                0x80016dd4       0xcc C:\devkitPro/libogc/lib/wii\libogc.a(lwp.o)
                0x80016dd4                LWP_ResumeThread
 .text.LWP_GetSelf
                0x80016ea0       0x28 C:\devkitPro/libogc/lib/wii\libogc.a(lwp.o)
                0x80016ea0                LWP_GetSelf
 .text.LWP_InitQueue
                0x80016ec8      0x148 C:\devkitPro/libogc/lib/wii\libogc.a(lwp.o)
                0x80016ec8                LWP_InitQueue
 .text.LWP_CloseQueue
                0x80017010       0xd4 C:\devkitPro/libogc/lib/wii\libogc.a(lwp.o)
                0x80017010                LWP_CloseQueue
 .text.LWP_ThreadSleep
                0x800170e4       0xf8 C:\devkitPro/libogc/lib/wii\libogc.a(lwp.o)
                0x800170e4                LWP_ThreadSleep
 .text.LWP_ThreadBroadcast
                0x800171dc       0x88 C:\devkitPro/libogc/lib/wii\libogc.a(lwp.o)
                0x800171dc                LWP_ThreadBroadcast
 .text.LWP_ThreadSignal
                0x80017264       0x74 C:\devkitPro/libogc/lib/wii\libogc.a(lwp.o)
                0x80017264                LWP_ThreadSignal
 .text.__lwp_stack_allocate
                0x800172d8       0x60 C:\devkitPro/libogc/lib/wii\libogc.a(lwp_stack.o)
                0x800172d8                __lwp_stack_allocate
 .text.__lwp_stack_free
                0x80017338       0x1c C:\devkitPro/libogc/lib/wii\libogc.a(lwp_stack.o)
                0x80017338                __lwp_stack_free
 .text.__lwp_wd_settimer
                0x80017354       0xdc C:\devkitPro/libogc/lib/wii\libogc.a(lwp_watchdog.o)
 .text.__lwp_watchdog_init
                0x80017430       0x2c C:\devkitPro/libogc/lib/wii\libogc.a(lwp_watchdog.o)
                0x80017430                __lwp_watchdog_init
 .text.__lwp_wd_insert
                0x8001745c      0x19c C:\devkitPro/libogc/lib/wii\libogc.a(lwp_watchdog.o)
                0x8001745c                __lwp_wd_insert
 .text.__lwp_wd_remove
                0x800175f8      0x138 C:\devkitPro/libogc/lib/wii\libogc.a(lwp_watchdog.o)
                0x800175f8                __lwp_wd_remove
 .text.__lwp_wd_tickle
                0x80017730      0x120 C:\devkitPro/libogc/lib/wii\libogc.a(lwp_watchdog.o)
                0x80017730                __lwp_wd_tickle
 .text.__lwp_wkspace_init
                0x80017850       0xc0 C:\devkitPro/libogc/lib/wii\libogc.a(lwp_wkspace.o)
                0x80017850                __lwp_wkspace_init
 .text.__lwp_objmgr_initinfo
                0x80017910      0x1a0 C:\devkitPro/libogc/lib/wii\libogc.a(lwp_objmgr.o)
                0x80017910                __lwp_objmgr_initinfo
 .text.__lwp_objmgr_getisrdisable
                0x80017ab0       0x60 C:\devkitPro/libogc/lib/wii\libogc.a(lwp_objmgr.o)
                0x80017ab0                __lwp_objmgr_getisrdisable
 .text.__lwp_objmgr_getnoprotection
                0x80017b10       0x24 C:\devkitPro/libogc/lib/wii\libogc.a(lwp_objmgr.o)
                0x80017b10                __lwp_objmgr_getnoprotection
 .text.__lwp_objmgr_get
                0x80017b34       0x6c C:\devkitPro/libogc/lib/wii\libogc.a(lwp_objmgr.o)
                0x80017b34                __lwp_objmgr_get
 .text.__lwp_objmgr_allocate
                0x80017ba0       0x88 C:\devkitPro/libogc/lib/wii\libogc.a(lwp_objmgr.o)
                0x80017ba0                __lwp_objmgr_allocate
 .text.__lwp_objmgr_free
                0x80017c28       0x60 C:\devkitPro/libogc/lib/wii\libogc.a(lwp_objmgr.o)
                0x80017c28                __lwp_objmgr_free
 .text.__lwp_heap_init
                0x80017c88       0xa4 C:\devkitPro/libogc/lib/wii\libogc.a(lwp_heap.o)
                0x80017c88                __lwp_heap_init
 .text.__lwp_heap_allocate
                0x80017d2c      0x160 C:\devkitPro/libogc/lib/wii\libogc.a(lwp_heap.o)
                0x80017d2c                __lwp_heap_allocate
 .text.__lwp_heap_free
                0x80017e8c      0x188 C:\devkitPro/libogc/lib/wii\libogc.a(lwp_heap.o)
                0x80017e8c                __lwp_heap_free
 .text.__SetInterrupts
                0x80018014      0x268 C:\devkitPro/libogc/lib/wii\libogc.a(irq.o)
 .text.c_irqdispatcher
                0x8001827c      0x268 C:\devkitPro/libogc/lib/wii\libogc.a(irq.o)
                0x8001827c                c_irqdispatcher
 .text.__UnmaskIrq
                0x800184e4       0x84 C:\devkitPro/libogc/lib/wii\libogc.a(irq.o)
                0x800184e4                __UnmaskIrq
 .text.__MaskIrq
                0x80018568       0x84 C:\devkitPro/libogc/lib/wii\libogc.a(irq.o)
                0x80018568                __MaskIrq
 .text.__irq_init
                0x800185ec       0x84 C:\devkitPro/libogc/lib/wii\libogc.a(irq.o)
                0x800185ec                __irq_init
 .text.IRQ_Request
                0x80018670       0x50 C:\devkitPro/libogc/lib/wii\libogc.a(irq.o)
                0x80018670                IRQ_Request
 .text.IRQ_GetHandler
                0x800186c0       0x44 C:\devkitPro/libogc/lib/wii\libogc.a(irq.o)
                0x800186c0                IRQ_GetHandler
 .text.IRQ_Disable
                0x80018704       0x1c C:\devkitPro/libogc/lib/wii\libogc.a(irq.o)
                0x80018704                IRQ_Disable
 .text.IRQ_Restore
                0x80018720       0x1c C:\devkitPro/libogc/lib/wii\libogc.a(irq.o)
                0x80018720                IRQ_Restore
 .text.__VISendI2CData.constprop.0.isra.0
                0x8001873c      0x428 C:\devkitPro/libogc/lib/wii\libogc.a(video.o)
 .text.__setFbbRegs.constprop.0
                0x80018b64      0x190 C:\devkitPro/libogc/lib/wii\libogc.a(video.o)
 .text.__VISetYUVSEL
                0x80018cf4       0xb8 C:\devkitPro/libogc/lib/wii\libogc.a(video.o)
 .text.VIDEO_Configure
                0x80018dac      0x600 C:\devkitPro/libogc/lib/wii\libogc.a(video.o)
                0x80018dac                VIDEO_Configure
 .text.VIDEO_WaitVSync
                0x800193ac       0x74 C:\devkitPro/libogc/lib/wii\libogc.a(video.o)
                0x800193ac                VIDEO_WaitVSync
 .text.VIDEO_SetFramebuffer
                0x80019420       0xd0 C:\devkitPro/libogc/lib/wii\libogc.a(video.o)
                0x80019420                VIDEO_SetFramebuffer
 .text.VIDEO_SetNextFramebuffer
                0x800194f0       0x70 C:\devkitPro/libogc/lib/wii\libogc.a(video.o)
                0x800194f0                VIDEO_SetNextFramebuffer
 .text.VIDEO_Flush
                0x80019560       0xf4 C:\devkitPro/libogc/lib/wii\libogc.a(video.o)
                0x80019560                VIDEO_Flush
 .text.VIDEO_SetBlack
                0x80019654      0x15c C:\devkitPro/libogc/lib/wii\libogc.a(video.o)
                0x80019654                VIDEO_SetBlack
 .text.VIDEO_GetCurrentTvMode
                0x800197b0       0x78 C:\devkitPro/libogc/lib/wii\libogc.a(video.o)
                0x800197b0                VIDEO_GetCurrentTvMode
 .text.__VIRetraceHandler
                0x80019828      0x284 C:\devkitPro/libogc/lib/wii\libogc.a(video.o)
 .text.__VISetupEncoder
                0x80019aac      0x288 C:\devkitPro/libogc/lib/wii\libogc.a(video.o)
 .text.VIDEO_Init
                0x80019d34      0x3cc C:\devkitPro/libogc/lib/wii\libogc.a(video.o)
                0x80019d34                VIDEO_Init
 .text.VIDEO_GetPreferredMode
                0x8001a100      0x108 C:\devkitPro/libogc/lib/wii\libogc.a(video.o)
                0x8001a100                VIDEO_GetPreferredMode
 .text.VIDEO_GetCurrentLine
                0x8001a208       0xa0 C:\devkitPro/libogc/lib/wii\libogc.a(video.o)
                0x8001a208                VIDEO_GetCurrentLine
 .text.VIDEO_SetPostRetraceCallback
                0x8001a2a8       0x40 C:\devkitPro/libogc/lib/wii\libogc.a(video.o)
                0x8001a2a8                VIDEO_SetPostRetraceCallback
 .text.VIDEO_GetFrameBufferSize
                0x8001a2e8       0x34 C:\devkitPro/libogc/lib/wii\libogc.a(video.o)
                0x8001a2e8                VIDEO_GetFrameBufferSize
 .text.__call_resetfuncs
                0x8001a31c       0xbc C:\devkitPro/libogc/lib/wii\libogc.a(system.o)
 .text.__MEMInterruptHandler
                0x8001a3d8       0x14 C:\devkitPro/libogc/lib/wii\libogc.a(system.o)
 .text.__RSWDefaultHandler
                0x8001a3ec        0x4 C:\devkitPro/libogc/lib/wii\libogc.a(system.o)
 .text.__POWDefaultHandler
                0x8001a3f0        0x4 C:\devkitPro/libogc/lib/wii\libogc.a(system.o)
 .text.__STMEventHandler
                0x8001a3f4      0x104 C:\devkitPro/libogc/lib/wii\libogc.a(system.o)
 .text.__getrtc
                0x8001a4f8      0x13c C:\devkitPro/libogc/lib/wii\libogc.a(system.o)
 .text.__sram_write
                0x8001a634      0x130 C:\devkitPro/libogc/lib/wii\libogc.a(system.o)
 .text.__sram_writecallback
                0x8001a764       0x54 C:\devkitPro/libogc/lib/wii\libogc.a(system.o)
 .text.__mem_onreset
                0x8001a7b8       0x48 C:\devkitPro/libogc/lib/wii\libogc.a(system.o)
 .text.__unlocksram
                0x8001a800      0x174 C:\devkitPro/libogc/lib/wii\libogc.a(system.o)
 .text.__sys_alarmhandler
                0x8001a974      0x154 C:\devkitPro/libogc/lib/wii\libogc.a(system.o)
 .text.__syscall_malloc_lock
                0x8001aac8        0x4 C:\devkitPro/libogc/lib/wii\libogc.a(system.o)
                0x8001aac8                __syscall_malloc_lock
 .text.__syscall_malloc_unlock
                0x8001aacc        0x4 C:\devkitPro/libogc/lib/wii\libogc.a(system.o)
                0x8001aacc                __syscall_malloc_unlock
 .text.__syscall_nanosleep
                0x8001aad0        0x4 C:\devkitPro/libogc/lib/wii\libogc.a(system.o)
                0x8001aad0                __syscall_nanosleep
 .text.__SYS_GetRTC
                0x8001aad4       0x98 C:\devkitPro/libogc/lib/wii\libogc.a(system.o)
                0x8001aad4                __SYS_GetRTC
 .text.__SYS_SetBootTime
                0x8001ab6c      0x108 C:\devkitPro/libogc/lib/wii\libogc.a(system.o)
                0x8001ab6c                __SYS_SetBootTime
 .text.__SYS_GetIPCBufferLo
                0x8001ac74        0x8 C:\devkitPro/libogc/lib/wii\libogc.a(system.o)
                0x8001ac74                __SYS_GetIPCBufferLo
 .text.__SYS_GetIPCBufferHi
                0x8001ac7c        0x8 C:\devkitPro/libogc/lib/wii\libogc.a(system.o)
                0x8001ac7c                __SYS_GetIPCBufferHi
 .text.__SYS_DoPowerCB
                0x8001ac84       0x74 C:\devkitPro/libogc/lib/wii\libogc.a(system.o)
                0x8001ac84                __SYS_DoPowerCB
 .text.__SYS_PreInit
                0x8001acf8        0x4 C:\devkitPro/libogc/lib/wii\libogc.a(system.o)
                0x8001acf8                __SYS_PreInit
 .text.SYS_PreMain
                0x8001acfc       0x7c C:\devkitPro/libogc/lib/wii\libogc.a(system.o)
                0x8001acfc                SYS_PreMain
 .text.SYS_ResetButtonDown
                0x8001ad78       0x18 C:\devkitPro/libogc/lib/wii\libogc.a(system.o)
                0x8001ad78                SYS_ResetButtonDown
 .text.SYS_ResetSystem
                0x8001ad90      0x1f8 C:\devkitPro/libogc/lib/wii\libogc.a(system.o)
                0x8001ad90                SYS_ResetSystem
 .text.__reload
                0x8001af88       0x84 C:\devkitPro/libogc/lib/wii\libogc.a(system.o)
                0x8001af88                __reload
 .text.__syscall_exit
                0x8001b00c       0x8c C:\devkitPro/libogc/lib/wii\libogc.a(system.o)
                0x8001b00c                __syscall_exit
 .text.SYS_RegisterResetFunc
                0x8001b098       0x78 C:\devkitPro/libogc/lib/wii\libogc.a(system.o)
                0x8001b098                SYS_RegisterResetFunc
 .text.SYS_SetArena1Lo
                0x8001b110       0x38 C:\devkitPro/libogc/lib/wii\libogc.a(system.o)
                0x8001b110                SYS_SetArena1Lo
 .text.SYS_GetArena1Lo
                0x8001b148       0x38 C:\devkitPro/libogc/lib/wii\libogc.a(system.o)
                0x8001b148                SYS_GetArena1Lo
 .text.SYS_GetArena1Hi
                0x8001b180       0x38 C:\devkitPro/libogc/lib/wii\libogc.a(system.o)
                0x8001b180                SYS_GetArena1Hi
 .text.SYS_SetArena2Lo
                0x8001b1b8       0x38 C:\devkitPro/libogc/lib/wii\libogc.a(system.o)
                0x8001b1b8                SYS_SetArena2Lo
 .text.SYS_GetArena2Lo
                0x8001b1f0       0x38 C:\devkitPro/libogc/lib/wii\libogc.a(system.o)
                0x8001b1f0                SYS_GetArena2Lo
 .text.SYS_SetArena2Hi
                0x8001b228       0x38 C:\devkitPro/libogc/lib/wii\libogc.a(system.o)
                0x8001b228                SYS_SetArena2Hi
 .text.SYS_GetArena2Hi
                0x8001b260       0x38 C:\devkitPro/libogc/lib/wii\libogc.a(system.o)
                0x8001b260                SYS_GetArena2Hi
 .text.SYS_AllocateFramebuffer
                0x8001b298       0x28 C:\devkitPro/libogc/lib/wii\libogc.a(system.o)
                0x8001b298                SYS_AllocateFramebuffer
 .text.SYS_CreateAlarm
                0x8001b2c0      0x104 C:\devkitPro/libogc/lib/wii\libogc.a(system.o)
                0x8001b2c0                SYS_CreateAlarm
 .text.SYS_SetAlarm
                0x8001b3c4      0x1e0 C:\devkitPro/libogc/lib/wii\libogc.a(system.o)
                0x8001b3c4                SYS_SetAlarm
 .text.SYS_SetPeriodicAlarm
                0x8001b5a4      0x270 C:\devkitPro/libogc/lib/wii\libogc.a(system.o)
                0x8001b5a4                SYS_SetPeriodicAlarm
 .text.SYS_RemoveAlarm
                0x8001b814      0x10c C:\devkitPro/libogc/lib/wii\libogc.a(system.o)
                0x8001b814                SYS_RemoveAlarm
 .text.SYS_CancelAlarm
                0x8001b920       0xbc C:\devkitPro/libogc/lib/wii\libogc.a(system.o)
                0x8001b920                SYS_CancelAlarm
 .text.SYS_GetWirelessID
                0x8001b9dc       0x90 C:\devkitPro/libogc/lib/wii\libogc.a(system.o)
                0x8001b9dc                SYS_GetWirelessID
 .text.SYS_SetWirelessID
                0x8001ba6c       0x90 C:\devkitPro/libogc/lib/wii\libogc.a(system.o)
                0x8001ba6c                SYS_SetWirelessID
 .text.SYS_SetGBSMode
                0x8001bafc       0xa8 C:\devkitPro/libogc/lib/wii\libogc.a(system.o)
                0x8001bafc                SYS_SetGBSMode
 .text.__sram_init
                0x8001bba4      0x1b8 C:\devkitPro/libogc/lib/wii\libogc.a(system.o)
                0x8001bba4                __sram_init
 .text.SYS_Init
                0x8001bd5c      0x5b4 C:\devkitPro/libogc/lib/wii\libogc.a(system.o)
                0x8001bd5c                SYS_Init
 .text.SYS_GetHollywoodRevision
                0x8001c310       0x3c C:\devkitPro/libogc/lib/wii\libogc.a(system.o)
                0x8001c310                SYS_GetHollywoodRevision
 .text.SYS_Time
                0x8001c34c       0x78 C:\devkitPro/libogc/lib/wii\libogc.a(system.o)
                0x8001c34c                SYS_Time
 .text.__lwp_cond_init
                0x8001c3c4       0x14 C:\devkitPro/libogc/lib/wii\libogc.a(cond.o)
                0x8001c3c4                __lwp_cond_init
 .text.__GX_InitRevBits
                0x8001c3d8       0x98 C:\devkitPro/libogc/lib/wii\libogc.a(gx.o)
 .text.__GXTokenInterruptHandler
                0x8001c470       0x6c C:\devkitPro/libogc/lib/wii\libogc.a(gx.o)
 .text.__GXDefTexRegionCallback
                0x8001c4dc       0x80 C:\devkitPro/libogc/lib/wii\libogc.a(gx.o)
 .text.__GXDefTlutRegionCallback
                0x8001c55c       0x18 C:\devkitPro/libogc/lib/wii\libogc.a(gx.o)
 .text.__SetSURegs
                0x8001c574       0x90 C:\devkitPro/libogc/lib/wii\libogc.a(gx.o)
 .text.__SETVCDATTR
                0x8001c604      0x230 C:\devkitPro/libogc/lib/wii\libogc.a(gx.o)
 .text.__SETVCDFMT
                0x8001c834      0x4cc C:\devkitPro/libogc/lib/wii\libogc.a(gx.o)
 .text.__GXCPInterruptHandler
                0x8001cd00      0x170 C:\devkitPro/libogc/lib/wii\libogc.a(gx.o)
 .text.__GXFinishInterruptHandler
                0x8001ce70       0x58 C:\devkitPro/libogc/lib/wii\libogc.a(gx.o)
 .text.__GX_SetDirtyState
                0x8001cec8      0x62c C:\devkitPro/libogc/lib/wii\libogc.a(gx.o)
 .text.GX_SetCPUFifo
                0x8001d4f4      0x20c C:\devkitPro/libogc/lib/wii\libogc.a(gx.o)
                0x8001d4f4                GX_SetCPUFifo
 .text.GX_SetGPFifo
                0x8001d700      0x250 C:\devkitPro/libogc/lib/wii\libogc.a(gx.o)
                0x8001d700                GX_SetGPFifo
 .text.GX_Flush
                0x8001d950       0x94 C:\devkitPro/libogc/lib/wii\libogc.a(gx.o)
                0x8001d950                GX_Flush
 .text.GX_AbortFrame
                0x8001d9e4      0x374 C:\devkitPro/libogc/lib/wii\libogc.a(gx.o)
                0x8001d9e4                GX_AbortFrame
 .text.__gx_onreset
                0x8001dd58       0x7c C:\devkitPro/libogc/lib/wii\libogc.a(gx.o)
 .text.GX_DrawDone
                0x8001ddd4       0xf8 C:\devkitPro/libogc/lib/wii\libogc.a(gx.o)
                0x8001ddd4                GX_DrawDone
 .text.GX_SetViewport
                0x8001decc       0x78 C:\devkitPro/libogc/lib/wii\libogc.a(gx.o)
                0x8001decc                GX_SetViewport
 .text.GX_LoadProjectionMtx
                0x8001df44       0xf0 C:\devkitPro/libogc/lib/wii\libogc.a(gx.o)
                0x8001df44                GX_LoadProjectionMtx
 .text.GX_SetCopyClear
                0x8001e034       0x4c C:\devkitPro/libogc/lib/wii\libogc.a(gx.o)
                0x8001e034                GX_SetCopyClear
 .text.GX_SetDispCopyGamma
                0x8001e080       0x18 C:\devkitPro/libogc/lib/wii\libogc.a(gx.o)
                0x8001e080                GX_SetDispCopyGamma
 .text.GX_SetCopyFilter
                0x8001e098      0x268 C:\devkitPro/libogc/lib/wii\libogc.a(gx.o)
                0x8001e098                GX_SetCopyFilter
 .text.GX_SetDispCopyYScale
                0x8001e300       0xf8 C:\devkitPro/libogc/lib/wii\libogc.a(gx.o)
                0x8001e300                GX_SetDispCopyYScale
 .text.GX_SetDispCopyDst
                0x8001e3f8       0x20 C:\devkitPro/libogc/lib/wii\libogc.a(gx.o)
                0x8001e3f8                GX_SetDispCopyDst
 .text.GX_SetDispCopySrc
                0x8001e418       0x38 C:\devkitPro/libogc/lib/wii\libogc.a(gx.o)
                0x8001e418                GX_SetDispCopySrc
 .text.GX_CopyDisp
                0x8001e450      0x124 C:\devkitPro/libogc/lib/wii\libogc.a(gx.o)
                0x8001e450                GX_CopyDisp
 .text.GX_SetArray
                0x8001e574       0x7c C:\devkitPro/libogc/lib/wii\libogc.a(gx.o)
                0x8001e574                GX_SetArray
 .text.GX_SetVtxDesc
                0x8001e5f0       0x34 C:\devkitPro/libogc/lib/wii\libogc.a(gx.o)
                0x8001e5f0                GX_SetVtxDesc
 .text.GX_SetVtxAttrFmt
                0x8001e624       0x54 C:\devkitPro/libogc/lib/wii\libogc.a(gx.o)
                0x8001e624                GX_SetVtxAttrFmt
 .text.GX_Begin
                0x8001e678       0x7c C:\devkitPro/libogc/lib/wii\libogc.a(gx.o)
                0x8001e678                GX_Begin
 .text.GX_LoadPosMtxImm
                0x8001e6f4       0x50 C:\devkitPro/libogc/lib/wii\libogc.a(gx.o)
                0x8001e6f4                GX_LoadPosMtxImm
 .text.GX_SetNumTexGens
                0x8001e744       0x28 C:\devkitPro/libogc/lib/wii\libogc.a(gx.o)
                0x8001e744                GX_SetNumTexGens
 .text.GX_InvVtxCache
                0x8001e76c       0x14 C:\devkitPro/libogc/lib/wii\libogc.a(gx.o)
                0x8001e76c                GX_InvVtxCache
 .text.GX_SetZMode
                0x8001e780       0x38 C:\devkitPro/libogc/lib/wii\libogc.a(gx.o)
                0x8001e780                GX_SetZMode
 .text.GX_InvalidateTexAll
                0x8001e7b8       0x50 C:\devkitPro/libogc/lib/wii\libogc.a(gx.o)
                0x8001e7b8                GX_InvalidateTexAll
 .text.GX_SetBlendMode
                0x8001e808       0xd4 C:\devkitPro/libogc/lib/wii\libogc.a(gx.o)
                0x8001e808                GX_SetBlendMode
 .text.GX_ClearVtxDesc
                0x8001e8dc       0x38 C:\devkitPro/libogc/lib/wii\libogc.a(gx.o)
                0x8001e8dc                GX_ClearVtxDesc
 .text.GX_SetTevColorIn
                0x8001e914       0x44 C:\devkitPro/libogc/lib/wii\libogc.a(gx.o)
                0x8001e914                GX_SetTevColorIn
 .text.GX_SetTevAlphaIn
                0x8001e958       0x44 C:\devkitPro/libogc/lib/wii\libogc.a(gx.o)
                0x8001e958                GX_SetTevAlphaIn
 .text.GX_SetTevColorOp
                0x8001e99c       0x98 C:\devkitPro/libogc/lib/wii\libogc.a(gx.o)
                0x8001e99c                GX_SetTevColorOp
 .text.GX_SetTevAlphaOp
                0x8001ea34       0x98 C:\devkitPro/libogc/lib/wii\libogc.a(gx.o)
                0x8001ea34                GX_SetTevAlphaOp
 .text.GX_SetTevOp
                0x8001eacc      0x168 C:\devkitPro/libogc/lib/wii\libogc.a(gx.o)
                0x8001eacc                GX_SetTevOp
 .text.GX_SetCullMode
                0x8001ec34       0x2c C:\devkitPro/libogc/lib/wii\libogc.a(gx.o)
                0x8001ec34                GX_SetCullMode
 .text.GX_SetScissor
                0x8001ec60       0x78 C:\devkitPro/libogc/lib/wii\libogc.a(gx.o)
                0x8001ec60                GX_SetScissor
 .text.GX_SetNumChans
                0x8001ecd8       0x28 C:\devkitPro/libogc/lib/wii\libogc.a(gx.o)
                0x8001ecd8                GX_SetNumChans
 .text.GX_SetTevOrder
                0x8001ed00      0x178 C:\devkitPro/libogc/lib/wii\libogc.a(gx.o)
                0x8001ed00                GX_SetTevOrder
 .text.GX_SetTevKColorSel
                0x8001ee78       0x54 C:\devkitPro/libogc/lib/wii\libogc.a(gx.o)
                0x8001ee78                GX_SetTevKColorSel
 .text.GX_SetTevKAlphaSel
                0x8001eecc       0x54 C:\devkitPro/libogc/lib/wii\libogc.a(gx.o)
                0x8001eecc                GX_SetTevKAlphaSel
 .text.GX_SetTevSwapModeTable
                0x8001ef20       0x64 C:\devkitPro/libogc/lib/wii\libogc.a(gx.o)
                0x8001ef20                GX_SetTevSwapModeTable
 .text.GX_SetFog
                0x8001ef84      0x244 C:\devkitPro/libogc/lib/wii\libogc.a(gx.o)
                0x8001ef84                GX_SetFog
 .text.GX_SetColorUpdate
                0x8001f1c8       0x30 C:\devkitPro/libogc/lib/wii\libogc.a(gx.o)
                0x8001f1c8                GX_SetColorUpdate
 .text.GX_SetPixelFmt
                0x8001f1f8       0xe0 C:\devkitPro/libogc/lib/wii\libogc.a(gx.o)
                0x8001f1f8                GX_SetPixelFmt
 .text.GX_SetFieldMode
                0x8001f2d8       0x58 C:\devkitPro/libogc/lib/wii\libogc.a(gx.o)
                0x8001f2d8                GX_SetFieldMode
 .text.GX_SetGPMetric
                0x8001f330      0x7fc C:\devkitPro/libogc/lib/wii\libogc.a(gx.o)
                0x8001f330                GX_SetGPMetric
 .text.GX_Init  0x8001fb2c     0x1164 C:\devkitPro/libogc/lib/wii\libogc.a(gx.o)
                0x8001fb2c                GX_Init
 .text.guPerspective
                0x80020c90       0xe4 C:\devkitPro/libogc/lib/wii\libogc.a(gu.o)
                0x80020c90                guPerspective
 .text.guLookAt
                0x80020d74      0x13c C:\devkitPro/libogc/lib/wii\libogc.a(gu.o)
                0x80020d74                guLookAt
 .text.ps_guMtxRotAxisRad
                0x80020eb0       0x50 C:\devkitPro/libogc/lib/wii\libogc.a(gu.o)
                0x80020eb0                ps_guMtxRotAxisRad
 .text.__decrementer_init
                0x80020f00        0x4 C:\devkitPro/libogc/lib/wii\libogc.a(decrementer.o)
                0x80020f00                __decrementer_init
 .text.c_decrementer_handler
                0x80020f04        0xc C:\devkitPro/libogc/lib/wii\libogc.a(decrementer.o)
                0x80020f04                c_decrementer_handler
 .text.__lwp_mqbox_init
                0x80020f10       0x14 C:\devkitPro/libogc/lib/wii\libogc.a(message.o)
                0x80020f10                __lwp_mqbox_init
 .text.__si_transfer
                0x80020f24      0x194 C:\devkitPro/libogc/lib/wii\libogc.a(si.o)
 .text.__si_alarmhandler
                0x800210b8       0xdc C:\devkitPro/libogc/lib/wii\libogc.a(si.o)
 .text.__si_completetransfer
                0x80021194      0x1fc C:\devkitPro/libogc/lib/wii\libogc.a(si.o)
 .text.__si_transfernext
                0x80021390       0xe0 C:\devkitPro/libogc/lib/wii\libogc.a(si.o)
 .text.SI_Busy  0x80021470       0x18 C:\devkitPro/libogc/lib/wii\libogc.a(si.o)
                0x80021470                SI_Busy
 .text.SI_IsChanBusy
                0x80021488       0x38 C:\devkitPro/libogc/lib/wii\libogc.a(si.o)
                0x80021488                SI_IsChanBusy
 .text.SI_SetXY
                0x800214c0       0x64 C:\devkitPro/libogc/lib/wii\libogc.a(si.o)
                0x800214c0                SI_SetXY
 .text.SI_EnablePolling
                0x80021524       0x78 C:\devkitPro/libogc/lib/wii\libogc.a(si.o)
                0x80021524                SI_EnablePolling
 .text.SI_DisablePolling
                0x8002159c       0x58 C:\devkitPro/libogc/lib/wii\libogc.a(si.o)
                0x8002159c                SI_DisablePolling
 .text.SI_SetSamplingRate
                0x800215f4       0xd8 C:\devkitPro/libogc/lib/wii\libogc.a(si.o)
                0x800215f4                SI_SetSamplingRate
 .text.SI_RefreshSamplingRate
                0x800216cc        0x8 C:\devkitPro/libogc/lib/wii\libogc.a(si.o)
                0x800216cc                SI_RefreshSamplingRate
 .text.SI_GetStatus
                0x800216d4       0x78 C:\devkitPro/libogc/lib/wii\libogc.a(si.o)
                0x800216d4                SI_GetStatus
 .text.SI_GetResponseRaw
                0x8002174c       0xe8 C:\devkitPro/libogc/lib/wii\libogc.a(si.o)
                0x8002174c                SI_GetResponseRaw
 .text.SI_GetResponse
                0x80021834       0xb8 C:\devkitPro/libogc/lib/wii\libogc.a(si.o)
                0x80021834                SI_GetResponse
 .text.SI_SetCommand
                0x800218ec       0x10 C:\devkitPro/libogc/lib/wii\libogc.a(si.o)
                0x800218ec                SI_SetCommand
 .text.SI_Transfer
                0x800218fc      0x268 C:\devkitPro/libogc/lib/wii\libogc.a(si.o)
                0x800218fc                SI_Transfer
 .text.__si_gettypecallback
                0x80021b64      0x2c0 C:\devkitPro/libogc/lib/wii\libogc.a(si.o)
 .text.__si_interrupthandler
                0x80021e24      0x268 C:\devkitPro/libogc/lib/wii\libogc.a(si.o)
 .text.SI_GetType
                0x8002208c      0x214 C:\devkitPro/libogc/lib/wii\libogc.a(si.o)
                0x8002208c                SI_GetType
 .text.SI_GetTypeAsync
                0x800222a0      0x138 C:\devkitPro/libogc/lib/wii\libogc.a(si.o)
                0x800222a0                SI_GetTypeAsync
 .text.SI_EnablePollingInterrupt
                0x800223d8       0x8c C:\devkitPro/libogc/lib/wii\libogc.a(si.o)
                0x800223d8                SI_EnablePollingInterrupt
 .text.SI_UnregisterPollingHandler
                0x80022464       0xe0 C:\devkitPro/libogc/lib/wii\libogc.a(si.o)
                0x80022464                SI_UnregisterPollingHandler
 .text.__si_init
                0x80022544       0xe0 C:\devkitPro/libogc/lib/wii\libogc.a(si.o)
                0x80022544                __si_init
 .text.__ipc_sendrequest.part.0
                0x80022624       0xdc C:\devkitPro/libogc/lib/wii\libogc.a(ipc.o)
 .text.__ipc_syncrequest
                0x80022700       0xec C:\devkitPro/libogc/lib/wii\libogc.a(ipc.o)
 .text.__ioctlvfmtCB
                0x800227ec      0x158 C:\devkitPro/libogc/lib/wii\libogc.a(ipc.o)
 .text.__ios_ioctlvformat_parse
                0x80022944      0x820 C:\devkitPro/libogc/lib/wii\libogc.a(ipc.o)
 .text.__ipc_asyncrequest
                0x80023164      0x148 C:\devkitPro/libogc/lib/wii\libogc.a(ipc.o)
 .text.__ipc_interrupthandler
                0x800232ac      0x34c C:\devkitPro/libogc/lib/wii\libogc.a(ipc.o)
 .text.iosCreateHeap
                0x800235f8      0x138 C:\devkitPro/libogc/lib/wii\libogc.a(ipc.o)
                0x800235f8                iosCreateHeap
 .text.iosAlloc
                0x80023730       0x30 C:\devkitPro/libogc/lib/wii\libogc.a(ipc.o)
                0x80023730                iosAlloc
 .text.iosFree  0x80023760       0x28 C:\devkitPro/libogc/lib/wii\libogc.a(ipc.o)
                0x80023760                iosFree
 .text.__IPC_ClntInit
                0x80023788       0xc8 C:\devkitPro/libogc/lib/wii\libogc.a(ipc.o)
                0x80023788                __IPC_ClntInit
 .text.IOS_Open
                0x80023850      0x110 C:\devkitPro/libogc/lib/wii\libogc.a(ipc.o)
                0x80023850                IOS_Open
 .text.IOS_Close
                0x80023960       0xf0 C:\devkitPro/libogc/lib/wii\libogc.a(ipc.o)
                0x80023960                IOS_Close
 .text.IOS_CloseAsync
                0x80023a50       0xb4 C:\devkitPro/libogc/lib/wii\libogc.a(ipc.o)
                0x80023a50                IOS_CloseAsync
 .text.IOS_Read
                0x80023b04      0x10c C:\devkitPro/libogc/lib/wii\libogc.a(ipc.o)
                0x80023b04                IOS_Read
 .text.IOS_Write
                0x80023c10      0x10c C:\devkitPro/libogc/lib/wii\libogc.a(ipc.o)
                0x80023c10                IOS_Write
 .text.IOS_Ioctl
                0x80023d1c      0x158 C:\devkitPro/libogc/lib/wii\libogc.a(ipc.o)
                0x80023d1c                IOS_Ioctl
 .text.IOS_IoctlAsync
                0x80023e74      0x148 C:\devkitPro/libogc/lib/wii\libogc.a(ipc.o)
                0x80023e74                IOS_IoctlAsync
 .text.IOS_Ioctlv
                0x80023fbc      0x1f0 C:\devkitPro/libogc/lib/wii\libogc.a(ipc.o)
                0x80023fbc                IOS_Ioctlv
 .text.IOS_IoctlvAsync
                0x800241ac      0x1d4 C:\devkitPro/libogc/lib/wii\libogc.a(ipc.o)
                0x800241ac                IOS_IoctlvAsync
 .text.IOS_IoctlvFormat
                0x80024380      0x16c C:\devkitPro/libogc/lib/wii\libogc.a(ipc.o)
                0x80024380                IOS_IoctlvFormat
 .text.IOS_IoctlvReboot
                0x800244ec      0x1f4 C:\devkitPro/libogc/lib/wii\libogc.a(ipc.o)
                0x800244ec                IOS_IoctlvReboot
 .text.gettick  0x800246e0        0x8 C:\devkitPro/libogc/lib/wii\libogc.a(timesupp.o)
                0x800246e0                gettick
 .text.gettime  0x800246e8       0x18 C:\devkitPro/libogc/lib/wii\libogc.a(timesupp.o)
                0x800246e8                gettime
 .text.settime  0x80024700       0x14 C:\devkitPro/libogc/lib/wii\libogc.a(timesupp.o)
                0x80024700                settime
 .text.diff_usec
                0x80024714       0x88 C:\devkitPro/libogc/lib/wii\libogc.a(timesupp.o)
                0x80024714                diff_usec
 .text.__timesystem_init
                0x8002479c       0x1c C:\devkitPro/libogc/lib/wii\libogc.a(timesupp.o)
                0x8002479c                __timesystem_init
 .text.udelay   0x800247b8       0xac C:\devkitPro/libogc/lib/wii\libogc.a(timesupp.o)
                0x800247b8                udelay
 .text.__libogc_nanosleep
                0x80024864      0x144 C:\devkitPro/libogc/lib/wii\libogc.a(timesupp.o)
                0x80024864                __libogc_nanosleep
 .text.__syscall_lock_init
                0x800249a8       0x6c C:\devkitPro/libogc/lib/wii\libogc.a(lock_supp.o)
                0x800249a8                __syscall_lock_init
 .text.__syscall_lock_init_recursive
                0x80024a14       0x6c C:\devkitPro/libogc/lib/wii\libogc.a(lock_supp.o)
                0x80024a14                __syscall_lock_init_recursive
 .text.__syscall_lock_close
                0x80024a80       0x68 C:\devkitPro/libogc/lib/wii\libogc.a(lock_supp.o)
                0x80024a80                __syscall_lock_close
 .text.__syscall_lock_acquire
                0x80024ae8       0x18 C:\devkitPro/libogc/lib/wii\libogc.a(lock_supp.o)
                0x80024ae8                __syscall_lock_acquire
 .text.__syscall_lock_release
                0x80024b00       0x18 C:\devkitPro/libogc/lib/wii\libogc.a(lock_supp.o)
                0x80024b00                __syscall_lock_release
 .text._sbrk_r  0x80024b18      0x28c C:\devkitPro/libogc/lib/wii\libogc.a(sbrk.o)
                0x80024b18                _sbrk_r
 .text.__memlock_init
                0x80024da4       0x7c C:\devkitPro/libogc/lib/wii\libogc.a(malloc_lock.o)
                0x80024da4                __memlock_init
 .text.__libogc_malloc_lock
                0x80024e20      0x1fc C:\devkitPro/libogc/lib/wii\libogc.a(malloc_lock.o)
                0x80024e20                __libogc_malloc_lock
 .text.__libogc_malloc_unlock
                0x8002501c       0x64 C:\devkitPro/libogc/lib/wii\libogc.a(malloc_lock.o)
                0x8002501c                __libogc_malloc_unlock
 .text.__STM_SetEventHook
                0x80025080       0xb0 C:\devkitPro/libogc/lib/wii\libogc.a(stm.o)
                0x80025080                __STM_SetEventHook
 .text.__STM_Init
                0x80025130       0x8c C:\devkitPro/libogc/lib/wii\libogc.a(stm.o)
                0x80025130                __STM_Init
 .text.__STMEventHandler
                0x800251bc       0x64 C:\devkitPro/libogc/lib/wii\libogc.a(stm.o)
 .text.__STM_ReleaseEventHook
                0x80025220       0x80 C:\devkitPro/libogc/lib/wii\libogc.a(stm.o)
                0x80025220                __STM_ReleaseEventHook
 .text.__STM_Close
                0x800252a0       0xac C:\devkitPro/libogc/lib/wii\libogc.a(stm.o)
                0x800252a0                __STM_Close
 .text.STM_RegisterEventHandler
                0x8002534c       0x10 C:\devkitPro/libogc/lib/wii\libogc.a(stm.o)
                0x8002534c                STM_RegisterEventHandler
 .text.STM_ShutdownToStandby
                0x8002535c       0x50 C:\devkitPro/libogc/lib/wii\libogc.a(stm.o)
                0x8002535c                STM_ShutdownToStandby
 .text.STM_ShutdownToIdle
                0x800253ac       0x70 C:\devkitPro/libogc/lib/wii\libogc.a(stm.o)
                0x800253ac                STM_ShutdownToIdle
 .text.STM_SetLedMode
                0x8002541c       0x40 C:\devkitPro/libogc/lib/wii\libogc.a(stm.o)
                0x8002541c                STM_SetLedMode
 .text.STM_RebootSystem
                0x8002545c       0x50 C:\devkitPro/libogc/lib/wii\libogc.a(stm.o)
                0x8002545c                STM_RebootSystem
 .text.__IOS_InitializeSubsystems
                0x800254ac       0x44 C:\devkitPro/libogc/lib/wii\libogc.a(ios.o)
                0x800254ac                __IOS_InitializeSubsystems
 .text.__IOS_ShutdownSubsystems
                0x800254f0       0x44 C:\devkitPro/libogc/lib/wii\libogc.a(ios.o)
                0x800254f0                __IOS_ShutdownSubsystems
 .text.__IOS_LoadStartupIOS
                0x80025534        0x8 C:\devkitPro/libogc/lib/wii\libogc.a(ios.o)
                0x80025534                __IOS_LoadStartupIOS
 .text._ES_fstat_r
                0x8002553c      0x120 C:\devkitPro/libogc/lib/wii\libogc.a(es.o)
 .text._ES_seek_r
                0x8002565c       0xdc C:\devkitPro/libogc/lib/wii\libogc.a(es.o)
 .text._ES_close_r
                0x80025738       0xac C:\devkitPro/libogc/lib/wii\libogc.a(es.o)
 .text.__ES_Init
                0x800257e4       0x78 C:\devkitPro/libogc/lib/wii\libogc.a(es.o)
                0x800257e4                __ES_Init
 .text.__ES_Close
                0x8002585c       0x54 C:\devkitPro/libogc/lib/wii\libogc.a(es.o)
                0x8002585c                __ES_Close
 .text.ES_GetTitleID
                0x800258b0       0x94 C:\devkitPro/libogc/lib/wii\libogc.a(es.o)
                0x800258b0                ES_GetTitleID
 .text.ES_LaunchTitle
                0x80025944       0xa4 C:\devkitPro/libogc/lib/wii\libogc.a(es.o)
                0x80025944                ES_LaunchTitle
 .text.ES_GetNumTicketViews
                0x800259e8       0x98 C:\devkitPro/libogc/lib/wii\libogc.a(es.o)
                0x800259e8                ES_GetNumTicketViews
 .text.ES_GetTicketViews
                0x80025a80       0x8c C:\devkitPro/libogc/lib/wii\libogc.a(es.o)
                0x80025a80                ES_GetTicketViews
 .text.ES_GetStoredTMD
                0x80025b0c       0x90 C:\devkitPro/libogc/lib/wii\libogc.a(es.o)
                0x80025b0c                ES_GetStoredTMD
 .text._ES_decodepath
                0x80025b9c      0x440 C:\devkitPro/libogc/lib/wii\libogc.a(es.o)
 .text._ES_stat_r
                0x80025fdc       0xec C:\devkitPro/libogc/lib/wii\libogc.a(es.o)
 .text._ES_open_r
                0x800260c8      0x1d0 C:\devkitPro/libogc/lib/wii\libogc.a(es.o)
 .text.ES_ReadContent
                0x80026298       0x6c C:\devkitPro/libogc/lib/wii\libogc.a(es.o)
                0x80026298                ES_ReadContent
 .text._ES_read_r
                0x80026304      0x1a0 C:\devkitPro/libogc/lib/wii\libogc.a(es.o)
 .text.__usbv5_devicechangeCB
                0x800264a4      0x180 C:\devkitPro/libogc/lib/wii\libogc.a(usb.o)
 .text.__usbv5_attachfinishCB
                0x80026624       0xcc C:\devkitPro/libogc/lib/wii\libogc.a(usb.o)
 .text.__usbv5_messageCB
                0x800266f0       0x5c C:\devkitPro/libogc/lib/wii\libogc.a(usb.o)
 .text.__usb_control_message
                0x8002674c      0x458 C:\devkitPro/libogc/lib/wii\libogc.a(usb.o)
 .text.__usb_interrupt_bulk_message
                0x80026ba4      0x2c0 C:\devkitPro/libogc/lib/wii\libogc.a(usb.o)
 .text.__usbv0_messageCB
                0x80026e64       0xa8 C:\devkitPro/libogc/lib/wii\libogc.a(usb.o)
 .text.USB_FreeDescriptors.part.0
                0x80026f0c       0xfc C:\devkitPro/libogc/lib/wii\libogc.a(usb.o)
 .text.USB_GetDescriptors.part.0
                0x80027008      0x708 C:\devkitPro/libogc/lib/wii\libogc.a(usb.o)
 .text.USBV5_SuspendResume
                0x80027710      0x138 C:\devkitPro/libogc/lib/wii\libogc.a(usb.o)
 .text.USBV5_GetDescriptors
                0x80027848      0x524 C:\devkitPro/libogc/lib/wii\libogc.a(usb.o)
 .text.USB_Deinitialize
                0x80027d6c       0xc8 C:\devkitPro/libogc/lib/wii\libogc.a(usb.o)
                0x80027d6c                USB_Deinitialize
 .text.USB_Initialize
                0x80027e34      0x2f8 C:\devkitPro/libogc/lib/wii\libogc.a(usb.o)
                0x80027e34                USB_Initialize
 .text.USB_OpenDevice
                0x8002812c      0x2b8 C:\devkitPro/libogc/lib/wii\libogc.a(usb.o)
                0x8002812c                USB_OpenDevice
 .text.USBV5_CloseDevice
                0x800283e4      0x128 C:\devkitPro/libogc/lib/wii\libogc.a(usb.o)
                0x800283e4                USBV5_CloseDevice
 .text.USB_CloseDeviceAsync
                0x8002850c       0xd0 C:\devkitPro/libogc/lib/wii\libogc.a(usb.o)
                0x8002850c                USB_CloseDeviceAsync
 .text.USB_ReadIntrMsgAsync
                0x800285dc       0x28 C:\devkitPro/libogc/lib/wii\libogc.a(usb.o)
                0x800285dc                USB_ReadIntrMsgAsync
 .text.USB_ReadBlkMsgAsync
                0x80028604       0x28 C:\devkitPro/libogc/lib/wii\libogc.a(usb.o)
                0x80028604                USB_ReadBlkMsgAsync
 .text.USB_WriteBlkMsgAsync
                0x8002862c       0x28 C:\devkitPro/libogc/lib/wii\libogc.a(usb.o)
                0x8002862c                USB_WriteBlkMsgAsync
 .text.USB_WriteCtrlMsgAsync
                0x80028654        0x4 C:\devkitPro/libogc/lib/wii\libogc.a(usb.o)
                0x80028654                USB_WriteCtrlMsgAsync
 .text.__CheckARGV
                0x80028658       0x80 C:\devkitPro/libogc/lib/wii\libogc.a(argv.o)
                0x80028658                __CheckARGV
 .text.CONF_Init
                0x800286d8      0x180 C:\devkitPro/libogc/lib/wii\libogc.a(conf.o)
                0x800286d8                CONF_Init
 .text.__CONF_GetTxt
                0x80028858      0x208 C:\devkitPro/libogc/lib/wii\libogc.a(conf.o)
                0x80028858                __CONF_GetTxt
 .text.__CONF_Find
                0x80028a60       0xfc C:\devkitPro/libogc/lib/wii\libogc.a(conf.o)
                0x80028a60                __CONF_Find
 .text.CONF_GetLength
                0x80028b5c      0x12c C:\devkitPro/libogc/lib/wii\libogc.a(conf.o)
                0x80028b5c                CONF_GetLength
 .text.CONF_Get
                0x80028c88      0x140 C:\devkitPro/libogc/lib/wii\libogc.a(conf.o)
                0x80028c88                CONF_Get
 .text.CONF_GetShutdownMode
                0x80028dc8       0x54 C:\devkitPro/libogc/lib/wii\libogc.a(conf.o)
                0x80028dc8                CONF_GetShutdownMode
 .text.CONF_GetIdleLedMode
                0x80028e1c       0x54 C:\devkitPro/libogc/lib/wii\libogc.a(conf.o)
                0x80028e1c                CONF_GetIdleLedMode
 .text.CONF_GetProgressiveScan
                0x80028e70       0x54 C:\devkitPro/libogc/lib/wii\libogc.a(conf.o)
                0x80028e70                CONF_GetProgressiveScan
 .text.CONF_GetEuRGB60
                0x80028ec4       0x54 C:\devkitPro/libogc/lib/wii\libogc.a(conf.o)
                0x80028ec4                CONF_GetEuRGB60
 .text.CONF_GetIRSensitivity
                0x80028f18       0x54 C:\devkitPro/libogc/lib/wii\libogc.a(conf.o)
                0x80028f18                CONF_GetIRSensitivity
 .text.CONF_GetSensorBarPosition
                0x80028f6c       0x54 C:\devkitPro/libogc/lib/wii\libogc.a(conf.o)
                0x80028f6c                CONF_GetSensorBarPosition
 .text.CONF_GetCounterBias
                0x80028fc0       0x4c C:\devkitPro/libogc/lib/wii\libogc.a(conf.o)
                0x80028fc0                CONF_GetCounterBias
 .text.CONF_GetDisplayOffsetH
                0x8002900c       0x4c C:\devkitPro/libogc/lib/wii\libogc.a(conf.o)
                0x8002900c                CONF_GetDisplayOffsetH
 .text.CONF_GetPadDevices
                0x80029058       0x4c C:\devkitPro/libogc/lib/wii\libogc.a(conf.o)
                0x80029058                CONF_GetPadDevices
 .text.CONF_GetVideo
                0x800290a4       0x88 C:\devkitPro/libogc/lib/wii\libogc.a(conf.o)
                0x800290a4                CONF_GetVideo
 .text.__WII_WriteNANDBootInfo.isra.0
                0x8002912c       0xbc C:\devkitPro/libogc/lib/wii\libogc.a(wiilaunch.o)
 .text.__WII_WriteStateFlags.isra.0
                0x800291e8       0x94 C:\devkitPro/libogc/lib/wii\libogc.a(wiilaunch.o)
 .text.WII_Initialize
                0x8002927c      0x188 C:\devkitPro/libogc/lib/wii\libogc.a(wiilaunch.o)
                0x8002927c                WII_Initialize
 .text.WII_LaunchTitle
                0x80029404      0x1ac C:\devkitPro/libogc/lib/wii\libogc.a(wiilaunch.o)
                0x80029404                WII_LaunchTitle
 .text.WII_ReturnToMenu
                0x800295b0       0x58 C:\devkitPro/libogc/lib/wii\libogc.a(wiilaunch.o)
                0x800295b0                WII_ReturnToMenu
 .text.__lwp_priority_init
                0x80029608       0x1c C:\devkitPro/libogc/lib/wii\libogc.a(lwp_priority.o)
                0x80029608                __lwp_priority_init
 .text.__lwp_threadqueue_enqueuefifo
                0x80029624      0x12c C:\devkitPro/libogc/lib/wii\libogc.a(lwp_threadq.o)
                0x80029624                __lwp_threadqueue_enqueuefifo
 .text.__lwp_threadqueue_dequeuefifo
                0x80029750      0x140 C:\devkitPro/libogc/lib/wii\libogc.a(lwp_threadq.o)
                0x80029750                __lwp_threadqueue_dequeuefifo
 .text.__lwp_threadqueue_enqueuepriority
                0x80029890      0x338 C:\devkitPro/libogc/lib/wii\libogc.a(lwp_threadq.o)
                0x80029890                __lwp_threadqueue_enqueuepriority
 .text.__lwp_threadqueue_dequeuepriority
                0x80029bc8      0x1d8 C:\devkitPro/libogc/lib/wii\libogc.a(lwp_threadq.o)
                0x80029bc8                __lwp_threadqueue_dequeuepriority
 .text.__lwp_threadqueue_init
                0x80029da0       0x64 C:\devkitPro/libogc/lib/wii\libogc.a(lwp_threadq.o)
                0x80029da0                __lwp_threadqueue_init
 .text.__lwp_threadqueue_enqueue
                0x80029e04      0x138 C:\devkitPro/libogc/lib/wii\libogc.a(lwp_threadq.o)
                0x80029e04                __lwp_threadqueue_enqueue
 .text.__lwp_threadqueue_dequeue
                0x80029f3c       0x24 C:\devkitPro/libogc/lib/wii\libogc.a(lwp_threadq.o)
                0x80029f3c                __lwp_threadqueue_dequeue
 .text.__lwp_threadqueue_flush
                0x80029f60       0x68 C:\devkitPro/libogc/lib/wii\libogc.a(lwp_threadq.o)
                0x80029f60                __lwp_threadqueue_flush
 .text.__lwp_threadqueue_extractfifo
                0x80029fc8       0xe8 C:\devkitPro/libogc/lib/wii\libogc.a(lwp_threadq.o)
                0x80029fc8                __lwp_threadqueue_extractfifo
 .text.__lwp_threadqueue_extractpriority
                0x8002a0b0      0x148 C:\devkitPro/libogc/lib/wii\libogc.a(lwp_threadq.o)
                0x8002a0b0                __lwp_threadqueue_extractpriority
 .text.__lwp_threadqueue_timeout
                0x8002a1f8       0xd0 C:\devkitPro/libogc/lib/wii\libogc.a(lwp_threadq.o)
 .text.__lwp_threadqueue_extractproxy
                0x8002a2c8       0x64 C:\devkitPro/libogc/lib/wii\libogc.a(lwp_threadq.o)
                0x8002a2c8                __lwp_threadqueue_extractproxy
 .text.__lwp_mutex_initialize
                0x8002a32c       0xa4 C:\devkitPro/libogc/lib/wii\libogc.a(lwp_mutex.o)
                0x8002a32c                __lwp_mutex_initialize
 .text.__lwp_mutex_surrender
                0x8002a3d0      0x14c C:\devkitPro/libogc/lib/wii\libogc.a(lwp_mutex.o)
                0x8002a3d0                __lwp_mutex_surrender
 .text.__lwp_mutex_seize_irq_blocking
                0x8002a51c       0xf8 C:\devkitPro/libogc/lib/wii\libogc.a(lwp_mutex.o)
                0x8002a51c                __lwp_mutex_seize_irq_blocking
 .text.__lwp_mutex_flush
                0x8002a614        0x4 C:\devkitPro/libogc/lib/wii\libogc.a(lwp_mutex.o)
                0x8002a614                __lwp_mutex_flush
 .text.__systemcall_init
                0x8002a618       0x6c C:\devkitPro/libogc/lib/wii\libogc.a(exception.o)
                0x8002a618                __systemcall_init
 .text.__exception_init
                0x8002a684      0x120 C:\devkitPro/libogc/lib/wii\libogc.a(exception.o)
                0x8002a684                __exception_init
 .text.__exception_close
                0x8002a7a4       0xac C:\devkitPro/libogc/lib/wii\libogc.a(exception.o)
                0x8002a7a4                __exception_close
 .text.__exception_closeall
                0x8002a850       0x80 C:\devkitPro/libogc/lib/wii\libogc.a(exception.o)
                0x8002a850                __exception_closeall
 .text.c_default_exceptionhandler
                0x8002a8d0      0x474 C:\devkitPro/libogc/lib/wii\libogc.a(exception.o)
                0x8002a8d0                c_default_exceptionhandler
 .text.__lwp_sema_init
                0x8002ad44       0x14 C:\devkitPro/libogc/lib/wii\libogc.a(semaphore.o)
                0x8002ad44                __lwp_sema_init
 .text.SPEC1_MakeStatus
                0x8002ad58      0x104 C:\devkitPro/libogc/lib/wii\libogc.a(pad.o)
 .text.__pad_samplinghandler