Archive member included to satisfy reference by file (symbol)

C:\devkitPro/libogc/lib/wii\libwiiuse.a(wpad.o)
                              TargetingPlatforms.o (WPAD_Init)
C:\devkitPro/libogc/lib/wii\libwiiuse.a(motion_plus.o)
                              C:\devkitPro/libogc/lib/wii\libwiiuse.a(wpad.o) (wiiuse_set_motion_plus)
C:\devkitPro/libogc/lib/wii\libwiiuse.a(dynamics.o)
                              C:\devkitPro/libogc/lib/wii\libwiiuse.a(wpad.o) (calculate_gforce)
C:\devkitPro/libogc/lib/wii\libwiiuse.a(io.o)
                              C:\devkitPro/libogc/lib/wii\libwiiuse.a(motion_plus.o) (wiiuse_disable_expansion)
C:\devkitPro/libogc/lib/wii\libwiiuse.a(io_wii.o)
                              C:\devkitPro/libogc/lib/wii\libwiiuse.a(wpad.o) (__wiiuse_sensorbar_enable)
C:\devkitPro/libogc/lib/wii\libwiiuse.a(ir.o)
                              C:\devkitPro/libogc/lib/wii\libwiiuse.a(motion_plus.o) (wiiuse_set_ir_mode)
C:\devkitPro/libogc/lib/wii\libwiiuse.a(nunchuk.o)
                              C:\devkitPro/libogc/lib/wii\libwiiuse.a(io.o) (nunchuk_handshake)
C:\devkitPro/libogc/lib/wii\libwiiuse.a(wiiboard.o)
                              C:\devkitPro/libogc/lib/wii\libwiiuse.a(io.o) (wii_board_handshake)
C:\devkitPro/libogc/lib/wii\libwiiuse.a(wiiuse.o)
                              C:\devkitPro/libogc/lib/wii\libwiiuse.a(wpad.o) (wiiuse_init)
C:\devkitPro/libogc/lib/wii\libwiiuse.a(speaker.o)
                              C:\devkitPro/libogc/lib/wii\libwiiuse.a(wpad.o) (wencdata)
C:\devkitPro/libogc/lib/wii\libwiiuse.a(classic.o)
                              C:\devkitPro/libogc/lib/wii\libwiiuse.a(io.o) (classic_ctrl_handshake)
C:\devkitPro/libogc/lib/wii\libwiiuse.a(events.o)
                              C:\devkitPro/libogc/lib/wii\libwiiuse.a(io_wii.o) (parse_event)
C:\devkitPro/libogc/lib/wii\libwiiuse.a(guitar_hero_3.o)
                              C:\devkitPro/libogc/lib/wii\libwiiuse.a(io.o) (guitar_hero_3_handshake)
C:\devkitPro/libogc/lib/wii\libbte.a(bte.o)
                              C:\devkitPro/libogc/lib/wii\libwiiuse.a(wpad.o) (BTE_Init)
C:\devkitPro/libogc/lib/wii\libbte.a(hci.o)
                              C:\devkitPro/libogc/lib/wii\libbte.a(bte.o) (hci_init)
C:\devkitPro/libogc/lib/wii\libbte.a(l2cap.o)
                              C:\devkitPro/libogc/lib/wii\libbte.a(bte.o) (l2cap_init)
C:\devkitPro/libogc/lib/wii\libbte.a(btmemb.o)
                              C:\devkitPro/libogc/lib/wii\libbte.a(bte.o) (btmemb_init)
C:\devkitPro/libogc/lib/wii\libbte.a(btmemr.o)
                              C:\devkitPro/libogc/lib/wii\libbte.a(hci.o) (btmemr_init)
C:\devkitPro/libogc/lib/wii\libbte.a(btpbuf.o)
                              C:\devkitPro/libogc/lib/wii\libbte.a(hci.o) (btpbuf_init)
C:\devkitPro/libogc/lib/wii\libbte.a(physbusif.o)
                              C:\devkitPro/libogc/lib/wii\libbte.a(bte.o) (physbusif_init)
C:\devkitPro/libogc/lib/wii\libogc.a(lwp_queue.o)
                              C:\devkitPro/libogc/lib/wii\libwiiuse.a(io_wii.o) (__lwp_queue_initialize)
C:\devkitPro/libogc/lib/wii\libogc.a(lwp_threads.o)
                              C:\devkitPro/libogc/lib/wii\libwiiuse.a(wpad.o) (_thread_dispatch_disable_level)
C:\devkitPro/libogc/lib/wii\libogc.a(lwp.o)
                              C:\devkitPro/libogc/lib/wii\libbte.a(bte.o) (LWP_InitQueue)
C:\devkitPro/libogc/lib/wii\libogc.a(lwp_handler.o)
                              C:\devkitPro/libogc/lib/wii\libogc.a(lwp_threads.o) (_cpu_context_save_fp)
C:\devkitPro/libogc/lib/wii\libogc.a(lwp_stack.o)
                              C:\devkitPro/libogc/lib/wii\libogc.a(lwp_threads.o) (__lwp_stack_allocate)
C:\devkitPro/libogc/lib/wii\libogc.a(lwp_watchdog.o)
                              C:\devkitPro/libogc/lib/wii\libogc.a(lwp_threads.o) (_wd_ticks_queue)
C:\devkitPro/libogc/lib/wii\libogc.a(lwp_wkspace.o)
                              C:\devkitPro/libogc/lib/wii\libwiiuse.a(motion_plus.o) (__wkspace_heap)
C:\devkitPro/libogc/lib/wii\libogc.a(lwp_objmgr.o)
                              C:\devkitPro/libogc/lib/wii\libogc.a(lwp.o) (__lwp_objmgr_initinfo)
C:\devkitPro/libogc/lib/wii\libogc.a(lwp_heap.o)
                              C:\devkitPro/libogc/lib/wii\libogc.a(lwp_wkspace.o) (__lwp_heap_init)
C:\devkitPro/libogc/lib/wii\libogc.a(sys_state.o)
                              C:\devkitPro/libogc/lib/wii\libogc.a(lwp_threads.o) (_sys_state_curr)
C:\devkitPro/libogc/lib/wii\libogc.a(irq.o)
                              C:\devkitPro/libogc/lib/wii\libwiiuse.a(io_wii.o) (IRQ_Disable)
C:\devkitPro/libogc/lib/wii\libogc.a(video.o)
                              TargetingPlatforms.o (VIDEO_Configure)
C:\devkitPro/libogc/lib/wii\libogc.a(system.o)
                              C:\devkitPro/libogc/lib/wii\libwiiuse.a(wpad.o) (__SYS_DoPowerCB)
C:\devkitPro/libogc/lib/wii\libogc.a(system_asm.o)
                              C:\devkitPro/libogc/lib/wii\libbte.a(bte.o) (SYS_SwitchFiber)
[...]
Memory Configuration

Name             Origin             Length             Attributes
*default*        0x00000000         0xffffffff

Linker script and memory map

                0x00003400                        . = 0x3400

.stub
 *(.stub)
                0x80004000                        . = 0x80004000

.init           0x80004000      0x194
 *crt0.o(*.init)
 .init          0x80004000      0x170 C:\devkitPro/libogc/lib/wii\libogc.a(ogc_crt0.o)
                0x80004000                _start
                0x80004140                _memset
 *(.init)
 .init          0x80004170        0xc C:/devkitPro/devkitPPC/bin/../lib/gcc/powerpc-eabi/14.2.0/ecrti.o
                0x80004170                __init
 .init          0x8000417c        0x4 C:/devkitPro/devkitPPC/bin/../lib/gcc/powerpc-eabi/14.2.0/crtbegin.o
 .init          0x80004180        0x4 C:/devkitPro/devkitPPC/bin/../lib/gcc/powerpc-eabi/14.2.0/crtend.o
 .init          0x80004184       0x10 C:/devkitPro/devkitPPC/bin/../lib/gcc/powerpc-eabi/14.2.0/ecrtn.o

.rela.dyn       0x80004194        0x0
 .rela.iplt     0x80004194        0x0 C:/devkitPro/devkitPPC/bin/../lib/gcc/powerpc-eabi/14.2.0/crtbegin.o

.plt
 *(.plt)

.interp
 *(.interp)

.hash
 *(.hash)

.dynsym
 *(.dynsym)

.dynstr
 *(.dynstr)

.gnu.version
 *(.gnu.version)

.gnu.version_d
 *(.gnu.version_d)

.gnu.version_r
 *(.gnu.version_r)

.rel.init
 *(.rel.init)

.rela.init
 *(.rela.init)

.rel.text
 *(.rel.text .rel.text.* .rel.gnu.linkonce.t.*)

.rela.text      0x80004194        0x0
 *(.rela.text .rela.text.* .rela.gnu.linkonce.t.*)
 .rela.text.__do_global_dtors_aux
                0x80004194        0x0 C:/devkitPro/devkitPPC/bin/../lib/gcc/powerpc-eabi/14.2.0/crtbegin.o
 .rela.text.frame_dummy
                0x80004194        0x0 C:/devkitPro/devkitPPC/bin/../lib/gcc/powerpc-eabi/14.2.0/crtbegin.o
 .rela.text.unlikely.abort
                0x80004194        0x0 C:/devkitPro/devkitPPC/bin/../lib/gcc/powerpc-eabi/14.2.0/crtbegin.o
 .rela.text.__assert_func
                0x80004194        0x0 C:/devkitPro/devkitPPC/bin/../lib/gcc/powerpc-eabi/14.2.0/crtbegin.o

.rel.fini
 *(.rel.fini)

.rela.fini
 *(.rela.fini)

.rel.rodata
 *(.rel.rodata .rel.rodata.* .rel.gnu.linkonce.r.*)

.rela.rodata
 *(.rela.rodata .rela.rodata.* .rela.gnu.linkonce.r.*)

.rel.data
 *(.rel.data .rel.data.* .rel.gnu.linkonce.d.*)

.rela.data
 *(.rela.data .rela.data.* .rela.gnu.linkonce.d.*)

.rel.tdata
 *(.rel.tdata .rel.tdata.* .rel.gnu.linkonce.td.*)

.rela.tdata
 *(.rela.tdata .rela.tdata.* .rela.gnu.linkonce.td.*)

.rel.tbss
 *(.rel.tbss .rel.tbss.* .rel.gnu.linkonce.tb.*)

.rela.tbss
 *(.rela.tbss .rela.tbss.* .rela.gnu.linkonce.tb.*)

.rel.ctors
 *(.rel.ctors)

.rela.ctors
 *(.rela.ctors)

.rel.dtors
 *(.rel.dtors)

.rela.dtors
 *(.rela.dtors)

.rel.got
 *(.rel.got)

.rela.got
 *(.rela.got)

.rela.got1
 *(.rela.got1)

.rela.got2
 *(.rela.got2)

.rel.sdata
 *(.rel.sdata .rel.sdata.* .rel.gnu.linkonce.s.*)

.rela.sdata
 *(.rela.sdata .rela.sdata.* .rela.gnu.linkonce.s.*)

.rel.sbss
 *(.rel.sbss .rel.sbss.* .rel.gnu.linkonce.sb.*)

.rela.sbss
 *(.rela.sbss .rela.sbss.* .rel.gnu.linkonce.sb.*)

.rel.sdata2
 *(.rel.sdata2 .rel.sdata2.* .rel.gnu.linkonce.s2.*)

.rela.sdata2
 *(.rela.sdata2 .rela.sdata2.* .rela.gnu.linkonce.s2.*)

.rel.sbss2
 *(.rel.sbss2 .rel.sbss2.* .rel.gnu.linkonce.sb2.*)

.rela.sbss2
 *(.rela.sbss2 .rela.sbss2.* .rela.gnu.linkonce.sb2.*)

.rel.bss
 *(.rel.bss .rel.bss.* .rel.gnu.linkonce.b.*)

.rela.bss
 *(.rela.bss .rela.bss.* .rela.gnu.linkonce.b.*)

.rel.plt
 *(.rel.plt)

.rela.plt
 *(.rela.plt)

.text           0x800041a0    0x3e180
 *(.text)
 .text          0x800041a0      0x44c C:\devkitPro/libogc/lib/wii\libogc.a(lwp_handler.o)
                0x800041a0                _cpu_context_save_fp
                0x800042e0                _cpu_context_restore_fp
                0x80004420                _cpu_context_switch
                0x80004500                _cpu_context_save
                0x80004580                _cpu_context_restore
 .text          0x800045ec      0x4a0 C:\devkitPro/libogc/lib/wii\libogc.a(system_asm.o)
                0x800045ec                __realmode
                0x80004604                __configBATS
                0x80004734                __InitFPRS
                0x80004860                __InitPS
                0x800048bc                __InitCache
                0x80004914                __InitSystem
                0x8000499c                __flush_cache
                0x800049d0                __reset
                0x80004a40                __InitBATS
                0x80004a5c                SYS_SwitchFiber
 .text          0x80004a8c      0x8dc C:\devkitPro/libogc/lib/wii\libogc.a(gu_psasm.o)
                0x80004a8c                ps_guMtxConcat
                0x80004b50                ps_guMtxIdentity
                0x80004b7c                ps_guMtxCopy
                0x80004bb0                ps_guMtxTranspose
                0x80004c00                ps_guMtxInverse
                0x80004cf8                ps_guMtxInvXpose
                0x80004dc0                ps_guMtxScale
                0x80004de8                ps_guMtxScaleApply
                0x80004e40                ps_guMtxApplyScale
                0x80004ea4                ps_guMtxTrans
                0x80004ed8                ps_guMtxTransApply
                0x80004f24                ps_guMtxApplyTrans
                0x80004fa0                ps_guMtxRotTrig
                0x80005050                __ps_guMtxRotAxisRadInternal
                0x80005110                ps_guMtxReflect
                0x80005180                ps_guVecAdd
                0x800051a4                ps_guVecSub
                0x800051c8                ps_guVecScale
                0x800051e4                ps_guVecNormalize
                0x80005228                ps_guVecCross
                0x80005264                ps_guVecDotProduct
                0x80005284                ps_guVecMultiply
                0x800052d8                ps_guVecMultiplySR
                0x80005348                ps_guQuatDotProduct
 .text          0x80005368      0x1ac C:\devkitPro/libogc/lib/wii\libogc.a(irq_handler.o)
                0x80005368                irq_exceptionhandler
 .text          0x80005514      0x4f4 C:\devkitPro/libogc/lib/wii\libogc.a(cache_asm.o)
                0x80005514                DCFlashInvalidate
                0x80005528                DCEnable
                0x8000553c                DCDisable
                0x80005550                DCFreeze
                0x80005564                DCUnfreeze
                0x80005578                DCTouchLoad
                0x80005580                DCBlockZero
                0x80005588                DCBlockStore
                0x80005590                DCBlockFlush
                0x80005598                DCBlockInvalidate
                0x800055a0                DCInvalidateRange
                0x800055d0                DCFlushRange
                0x80005604                DCStoreRange
                0x80005638                DCFlushRangeNoSync
                0x80005668                DCStoreRangeNoSync
                0x80005698                DCZeroRange
                0x800056c8                DCTouchRange
                0x800056f8                ICInvalidateRange
                0x80005730                ICFlashInvalidate
                0x80005744                ICEnable
                0x80005758                ICDisable
                0x8000576c                ICFreeze
                0x80005780                ICUnfreeze
                0x80005794                ICBlockInvalidate
                0x8000579c                ICSync
                0x800057a4                L2Init
                0x800057ec                L2Enable
                0x80005808                L2Disable
                0x80005820                L2GlobalInvalidate
                0x80005878                __LCEnable
                0x80005944                LCDisable
                0x8000596c                LCAllocOneTag
                0x80005980                LCAllocTags
                0x800059c0                LCLoadBlocks
                0x800059e4                LCStoreBlocks
 .text          0x80005a08      0x1ac C:\devkitPro/libogc/lib/wii\libogc.a(decrementer_handler.o)
                0x80005a08                dec_exceptionhandler
 .text          0x80005bb4      0x35c C:\devkitPro/libogc/lib/wii\libogc.a(exception_handler.o)
                0x80005bb4                exceptionhandler_start
                0x80005c30                exceptionhandler_patch
                0x80005c64                exceptionhandler_end
                0x80005c68                default_exceptionhandler
                0x80005d98                fpu_exceptionhandler
                0x80005ee0                systemcallhandler_start
                0x80005f0c                systemcallhandler_end
 .text          0x80005f10       0x48 C:/devkitPro/devkitPPC/bin/../lib/gcc/powerpc-eabi/14.2.0\libgcc.a(eabi.o)
                0x80005f10                __eabi
 .text          0x80005f58       0x58 C:/devkitPro/devkitPPC/bin/../lib/gcc/powerpc-eabi/14.2.0\libgcc.a(crtresxfpr.o)
                0x80005f58                _restfpr_14_x
                0x80005f5c                _restfpr_15_x
                0x80005f60                _restfpr_16_x
                0x80005f64                _restfpr_17_x
                0x80005f68                _restfpr_18_x
                0x80005f6c                _restfpr_19_x
                0x80005f70                _restfpr_20_x
                0x80005f74                _restfpr_21_x
                0x80005f78                _restfpr_22_x
                0x80005f7c                _restfpr_23_x
                0x80005f80                _restfpr_24_x
                0x80005f84                _restfpr_25_x
                0x80005f88                _restfpr_26_x
                0x80005f8c                _restfpr_27_x
                0x80005f90                _restfpr_28_x
                0x80005f94                _restfpr_29_x
                0x80005f98                _restfpr_30_x
                0x80005f9c                _restfpr_31_x
 .text          0x80005fb0       0x58 C:/devkitPro/devkitPPC/bin/../lib/gcc/powerpc-eabi/14.2.0\libgcc.a(crtresxgpr.o)
                0x80005fb0                _restgpr_14_x
                0x80005fb4                _restgpr_15_x
                0x80005fb8                _restgpr_16_x
                0x80005fbc                _restgpr_17_x
                0x80005fc0                _restgpr_18_x
                0x80005fc4                _restgpr_19_x
                0x80005fc8                _restgpr_20_x
                0x80005fcc                _restgpr_21_x
                0x80005fd0                _restgpr_22_x
                0x80005fd4                _restgpr_23_x
                0x80005fd8                _restgpr_24_x
                0x80005fdc                _restgpr_25_x
                0x80005fe0                _restgpr_26_x
                0x80005fe4                _restgpr_27_x
                0x80005fe8                _restgpr_28_x
                0x80005fec                _restgpr_29_x
                0x80005ff0                _restgpr_30_x
                0x80005ff4                _restgpr_31_x
 *(.text.*)
 .text.__do_global_dtors_aux
                0x80006008       0xcc C:/devkitPro/devkitPPC/bin/../lib/gcc/powerpc-eabi/14.2.0/crtbegin.o
 .text.frame_dummy
                0x800060d4       0x24 C:/devkitPro/devkitPPC/bin/../lib/gcc/powerpc-eabi/14.2.0/crtbegin.o
 .text.__crtmain
                0x800060f8       0x40 C:/devkitPro/devkitPPC/bin/../lib/gcc/powerpc-eabi/14.2.0/../../../../powerpc-eabi/lib/crtmain.o
                0x800060fc                __crtmain
 .text.copy_buffers
                0x80006138       0x74 TargetingPlatforms.o
 .text.update_screen
                0x800061ac      0x224 TargetingPlatforms.o
                0x800061ac                update_screen
 .text.startup.main
                0x800063d0      0x408 TargetingPlatforms.o
                0x800063d0                main
 .text.__wpad_assign_slot
                0x800067d8      0x228 C:\devkitPro/libogc/lib/wii\libwiiuse.a(wpad.o)
                0x800067d8                __wpad_assign_slot
 .text.__wpad_def_powcb
                0x80006a00        0x4 C:\devkitPro/libogc/lib/wii\libwiiuse.a(wpad.o)
 .text.__readlinkkey_finished
                0x80006a04       0x34 C:\devkitPro/libogc/lib/wii\libwiiuse.a(wpad.o)
 .text.__wpad_patch_finished
                0x80006a38       0x2c C:\devkitPro/libogc/lib/wii\libwiiuse.a(wpad.o)
 .text.__wpad_setfmt
                0x80006a64      0x14c C:\devkitPro/libogc/lib/wii\libwiiuse.a(wpad.o)
 .text.__wpad_eventCB
                0x80006bb0      0xac4 C:\devkitPro/libogc/lib/wii\libwiiuse.a(wpad.o)
 .text.__wpad_disconnectCB
                0x80007674       0xd4 C:\devkitPro/libogc/lib/wii\libwiiuse.a(wpad.o)
                0x80007674                __wpad_disconnectCB
 .text.__wpad_timeouthandler
                0x80007748       0xa8 C:\devkitPro/libogc/lib/wii\libwiiuse.a(wpad.o)
 .text.__initcore_finished
                0x800077f0       0x48 C:\devkitPro/libogc/lib/wii\libwiiuse.a(wpad.o)
 .text.__wpad_init_finished
                0x80007838      0x194 C:\devkitPro/libogc/lib/wii\libwiiuse.a(wpad.o)
 .text.WPAD_ReadEvent
                0x800079cc      0x688 C:\devkitPro/libogc/lib/wii\libwiiuse.a(wpad.o)
                0x800079cc                WPAD_ReadEvent
 .text.WPAD_ReadPending
                0x80008054      0x1a0 C:\devkitPro/libogc/lib/wii\libwiiuse.a(wpad.o)
                0x80008054                WPAD_ReadPending
 .text.WPAD_Shutdown
                0x800081f4      0x108 C:\devkitPro/libogc/lib/wii\libwiiuse.a(wpad.o)
                0x800081f4                WPAD_Shutdown
 .text.WPAD_Init
                0x800082fc      0x2c4 C:\devkitPro/libogc/lib/wii\libwiiuse.a(wpad.o)
                0x800082fc                WPAD_Init
 .text.__wpad_onreset
                0x800085c0       0x34 C:\devkitPro/libogc/lib/wii\libwiiuse.a(wpad.o)
 .text.WPAD_ScanPads
                0x800085f4       0x90 C:\devkitPro/libogc/lib/wii\libwiiuse.a(wpad.o)
                0x800085f4                WPAD_ScanPads
 .text.WPAD_ButtonsDown
                0x80008684       0x28 C:\devkitPro/libogc/lib/wii\libwiiuse.a(wpad.o)
                0x80008684                WPAD_ButtonsDown
 .text.motion_plus_disconnected
                0x800086ac       0x10 C:\devkitPro/libogc/lib/wii\libwiiuse.a(motion_plus.o)
                0x800086ac                motion_plus_disconnected
 .text.motion_plus_event
                0x800086bc       0x64 C:\devkitPro/libogc/lib/wii\libwiiuse.a(motion_plus.o)
                0x800086bc                motion_plus_event
 .text.calculate_gforce
                0x80008720      0x114 C:\devkitPro/libogc/lib/wii\libwiiuse.a(dynamics.o)
                0x80008720                calculate_gforce
 .text.calc_joystick_state
                0x80008834      0x210 C:\devkitPro/libogc/lib/wii\libwiiuse.a(dynamics.o)
                0x80008834                calc_joystick_state
 .text.apply_smoothing
                0x80008a44      0x110 C:\devkitPro/libogc/lib/wii\libwiiuse.a(dynamics.o)
                0x80008a44                apply_smoothing
 .text.calculate_orientation
                0x80008b54      0x374 C:\devkitPro/libogc/lib/wii\libwiiuse.a(dynamics.o)
                0x80008b54                calculate_orientation
 .text.calc_balanceboard_state
                0x80008ec8      0x3a4 C:\devkitPro/libogc/lib/wii\libwiiuse.a(dynamics.o)
                0x80008ec8                calc_balanceboard_state
 .text.wiiuse_handshake
                0x8000926c      0x27c C:\devkitPro/libogc/lib/wii\libwiiuse.a(io.o)
                0x8000926c                wiiuse_handshake
 .text.wiiuse_handshake_expansion
                0x800094e8      0x1f0 C:\devkitPro/libogc/lib/wii\libwiiuse.a(io.o)
                0x800094e8                wiiuse_handshake_expansion
 .text.wiiuse_handshake_expansion_start
                0x800096d8       0x5c C:\devkitPro/libogc/lib/wii\libwiiuse.a(io.o)
                0x800096d8                wiiuse_handshake_expansion_start
 .text.wiiuse_disable_expansion
                0x80009734      0x1b0 C:\devkitPro/libogc/lib/wii\libwiiuse.a(io.o)
                0x80009734                wiiuse_disable_expansion
 .text.__wiiuse_connected
                0x800098e4       0x9c C:\devkitPro/libogc/lib/wii\libwiiuse.a(io_wii.o)
 .text.__wiiuse_disconnected
                0x80009980       0xb4 C:\devkitPro/libogc/lib/wii\libwiiuse.a(io_wii.o)
 .text.__wiiuse_receive
                0x80009a34       0xd0 C:\devkitPro/libogc/lib/wii\libwiiuse.a(io_wii.o)
 .text.__wiiuse_sensorbar_enable
                0x80009b04       0x74 C:\devkitPro/libogc/lib/wii\libwiiuse.a(io_wii.o)
                0x80009b04                __wiiuse_sensorbar_enable
 .text.wiiuse_register
                0x80009b78       0xf0 C:\devkitPro/libogc/lib/wii\libwiiuse.a(io_wii.o)
                0x80009b78                wiiuse_register
 .text.wiiuse_disconnect
                0x80009c68       0x24 C:\devkitPro/libogc/lib/wii\libwiiuse.a(io_wii.o)
                0x80009c68                wiiuse_disconnect
 .text.wiiuse_init_cmd_queue
                0x80009c8c       0x9c C:\devkitPro/libogc/lib/wii\libwiiuse.a(io_wii.o)
                0x80009c8c                wiiuse_init_cmd_queue
 .text.wiiuse_io_write
                0x80009d28       0x1c C:\devkitPro/libogc/lib/wii\libwiiuse.a(io_wii.o)
                0x80009d28                wiiuse_io_write
 .text.rotate_dots
                0x80009d44      0x13c C:\devkitPro/libogc/lib/wii\libwiiuse.a(ir.o)
 .text.wiiuse_set_ir_mode
                0x80009e80       0x5c C:\devkitPro/libogc/lib/wii\libwiiuse.a(ir.o)
                0x80009e80                wiiuse_set_ir_mode
 .text.wiiuse_set_ir
                0x80009edc      0x270 C:\devkitPro/libogc/lib/wii\libwiiuse.a(ir.o)
                0x80009edc                wiiuse_set_ir
 .text.wiiuse_set_ir_position
                0x8000a14c       0x80 C:\devkitPro/libogc/lib/wii\libwiiuse.a(ir.o)
                0x8000a14c                wiiuse_set_ir_position
 .text.wiiuse_set_aspect_ratio
                0x8000a1cc       0xac C:\devkitPro/libogc/lib/wii\libwiiuse.a(ir.o)
                0x8000a1cc                wiiuse_set_aspect_ratio
 .text.wiiuse_set_ir_sensitivity
                0x8000a278      0x180 C:\devkitPro/libogc/lib/wii\libwiiuse.a(ir.o)
                0x8000a278                wiiuse_set_ir_sensitivity
 .text.calculate_basic_ir
                0x8000a3f8       0xe8 C:\devkitPro/libogc/lib/wii\libwiiuse.a(ir.o)
                0x8000a3f8                calculate_basic_ir
 .text.calculate_extended_ir
                0x8000a4e0       0x64 C:\devkitPro/libogc/lib/wii\libwiiuse.a(ir.o)
                0x8000a4e0                calculate_extended_ir
 .text.find_sensorbar
                0x8000a544      0xaa0 C:\devkitPro/libogc/lib/wii\libwiiuse.a(ir.o)
                0x8000a544                find_sensorbar
 .text.apply_ir_smoothing
                0x8000afe4      0x124 C:\devkitPro/libogc/lib/wii\libwiiuse.a(ir.o)
                0x8000afe4                apply_ir_smoothing
 .text.interpret_ir_data
                0x8000b108      0x3c8 C:\devkitPro/libogc/lib/wii\libwiiuse.a(ir.o)
                0x8000b108                interpret_ir_data
 .text.nunchuk_handshake
                0x8000b4d0      0x31c C:\devkitPro/libogc/lib/wii\libwiiuse.a(nunchuk.o)
                0x8000b4d0                nunchuk_handshake
 .text.nunchuk_disconnected
                0x8000b7ec        0xc C:\devkitPro/libogc/lib/wii\libwiiuse.a(nunchuk.o)
                0x8000b7ec                nunchuk_disconnected
 .text.nunchuk_event
                0x8000b7f8       0xe8 C:\devkitPro/libogc/lib/wii\libwiiuse.a(nunchuk.o)
                0x8000b7f8                nunchuk_event
 .text.wii_board_handshake
                0x8000b8e0      0x284 C:\devkitPro/libogc/lib/wii\libwiiuse.a(wiiboard.o)
                0x8000b8e0                wii_board_handshake
 .text.wii_board_disconnected
                0x8000bb64        0xc C:\devkitPro/libogc/lib/wii\libwiiuse.a(wiiboard.o)
                0x8000bb64                wii_board_disconnected
 .text.wii_board_event
                0x8000bb70       0x24 C:\devkitPro/libogc/lib/wii\libwiiuse.a(wiiboard.o)
                0x8000bb70                wii_board_event
 .text.wiiuse_send_next_command
                0x8000bb94       0x58 C:\devkitPro/libogc/lib/wii\libwiiuse.a(wiiuse.o)
                0x8000bb94                wiiuse_send_next_command
 .text.wiiuse_init
                0x8000bbec      0x208 C:\devkitPro/libogc/lib/wii\libwiiuse.a(wiiuse.o)
                0x8000bbec                wiiuse_init
 .text.wiiuse_set_flags
                0x8000bdf4       0x28 C:\devkitPro/libogc/lib/wii\libwiiuse.a(wiiuse.o)
                0x8000bdf4                wiiuse_set_flags
 .text.wiiuse_read_data
                0x8000be1c      0x154 C:\devkitPro/libogc/lib/wii\libwiiuse.a(wiiuse.o)
                0x8000be1c                wiiuse_read_data
 .text.wiiuse_write_data
                0x8000bf70      0x18c C:\devkitPro/libogc/lib/wii\libwiiuse.a(wiiuse.o)
                0x8000bf70                wiiuse_write_data
 .text.wiiuse_sendcmd
                0x8000c0fc      0x144 C:\devkitPro/libogc/lib/wii\libwiiuse.a(wiiuse.o)
                0x8000c0fc                wiiuse_sendcmd
 .text.wiiuse_set_leds
                0x8000c240       0x50 C:\devkitPro/libogc/lib/wii\libwiiuse.a(wiiuse.o)
                0x8000c240                wiiuse_set_leds
 .text.wiiuse_set_report_type
                0x8000c290       0xb0 C:\devkitPro/libogc/lib/wii\libwiiuse.a(wiiuse.o)
                0x8000c290                wiiuse_set_report_type
 .text.wiiuse_status
                0x8000c340       0x4c C:\devkitPro/libogc/lib/wii\libwiiuse.a(wiiuse.o)
                0x8000c340                wiiuse_status
 .text.wiiuse_motion_sensing
                0x8000c38c       0x84 C:\devkitPro/libogc/lib/wii\libwiiuse.a(wiiuse.o)
                0x8000c38c                wiiuse_motion_sensing
 .text.wiiuse_set_speaker
                0x8000c410      0x24c C:\devkitPro/libogc/lib/wii\libwiiuse.a(speaker.o)
                0x8000c410                wiiuse_set_speaker
 .text.classic_ctrl_handshake
                0x8000c65c      0x410 C:\devkitPro/libogc/lib/wii\libwiiuse.a(classic.o)
                0x8000c65c                classic_ctrl_handshake
 .text.classic_ctrl_disconnected
                0x8000ca6c        0xc C:\devkitPro/libogc/lib/wii\libwiiuse.a(classic.o)
                0x8000ca6c                classic_ctrl_disconnected
 .text.classic_ctrl_event
                0x8000ca78      0x15c C:\devkitPro/libogc/lib/wii\libwiiuse.a(classic.o)
                0x8000ca78                classic_ctrl_event
 .text.handle_expansion
                0x8000cbd4       0x54 C:\devkitPro/libogc/lib/wii\libwiiuse.a(events.o)
 .text.parse_event
                0x8000cc28      0x730 C:\devkitPro/libogc/lib/wii\libwiiuse.a(events.o)
                0x8000cc28                parse_event
 .text.guitar_hero_3_handshake
                0x8000d358       0x5c C:\devkitPro/libogc/lib/wii\libwiiuse.a(guitar_hero_3.o)
                0x8000d358                guitar_hero_3_handshake
 .text.guitar_hero_3_disconnected
                0x8000d3b4        0xc C:\devkitPro/libogc/lib/wii\libwiiuse.a(guitar_hero_3.o)
                0x8000d3b4                guitar_hero_3_disconnected
 .text.guitar_hero_3_event
                0x8000d3c0       0x60 C:\devkitPro/libogc/lib/wii\libwiiuse.a(guitar_hero_3.o)
                0x8000d3c0                guitar_hero_3_event
 .text.acl_wlp_completed
                0x8000d420        0x8 C:\devkitPro/libogc/lib/wii\libbte.a(bte.o)
                0x8000d420                acl_wlp_completed
 .text.bt_alarmhandler
                0x8000d428       0x58 C:\devkitPro/libogc/lib/wii\libbte.a(bte.o)
 .text.__bte_send_pending_request
                0x8000d480      0x108 C:\devkitPro/libogc/lib/wii\libbte.a(bte.o)
 .text.acl_conn_complete
                0x8000d588       0x2c C:\devkitPro/libogc/lib/wii\libbte.a(bte.o)
                0x8000d588                acl_conn_complete
 .text.l2cap_accepted
                0x8000d5b4      0x11c C:\devkitPro/libogc/lib/wii\libbte.a(bte.o)
                0x8000d5b4                l2cap_accepted
 .text.l2cap_disconnect_cfm
                0x8000d6d0      0x190 C:\devkitPro/libogc/lib/wii\libbte.a(bte.o)
                0x8000d6d0                l2cap_disconnect_cfm
 .text.bte_process_input
                0x8000d860      0x11c C:\devkitPro/libogc/lib/wii\libbte.a(bte.o)
 .text.l2cap_disconnected_ind
                0x8000d97c      0x194 C:\devkitPro/libogc/lib/wii\libbte.a(bte.o)
                0x8000d97c                l2cap_disconnected_ind
 .text.__bte_shutdown_finished
                0x8000db10       0xdc C:\devkitPro/libogc/lib/wii\libbte.a(bte.o)
 .text.bte_hci_apply_patch_complete
                0x8000dbec      0x164 C:\devkitPro/libogc/lib/wii\libbte.a(bte.o)
                0x8000dbec                bte_hci_apply_patch_complete
 .text.bte_hci_patch_complete
                0x8000dd50      0x370 C:\devkitPro/libogc/lib/wii\libbte.a(bte.o)
                0x8000dd50                bte_hci_patch_complete
 .text.bte_hci_initcore_complete
                0x8000e0c0      0x258 C:\devkitPro/libogc/lib/wii\libbte.a(bte.o)
                0x8000e0c0                bte_hci_initcore_complete
 .text.bte_read_stored_link_key_complete
                0x8000e318      0x268 C:\devkitPro/libogc/lib/wii\libbte.a(bte.o)
                0x8000e318                bte_read_stored_link_key_complete
 .text.bte_hci_initcore_complete2
                0x8000e580      0x228 C:\devkitPro/libogc/lib/wii\libbte.a(bte.o)
 .text.bte_hci_initsub_complete
                0x8000e7a8      0x278 C:\devkitPro/libogc/lib/wii\libbte.a(bte.o)
                0x8000e7a8                bte_hci_initsub_complete
 .text.BTE_Init
                0x8000ea20      0x138 C:\devkitPro/libogc/lib/wii\libbte.a(bte.o)
                0x8000ea20                BTE_Init
 .text.BTE_Shutdown
                0x8000eb58      0x100 C:\devkitPro/libogc/lib/wii\libbte.a(bte.o)
                0x8000eb58                BTE_Shutdown
 .text.BTE_InitCore
                0x8000ec58       0x8c C:\devkitPro/libogc/lib/wii\libbte.a(bte.o)
                0x8000ec58                BTE_InitCore
 .text.BTE_ApplyPatch
                0x8000ece4       0xa4 C:\devkitPro/libogc/lib/wii\libbte.a(bte.o)
                0x8000ece4                BTE_ApplyPatch
 .text.BTE_InitSub
                0x8000ed88       0x90 C:\devkitPro/libogc/lib/wii\libbte.a(bte.o)
                0x8000ed88                BTE_InitSub
 .text.BTE_ReadStoredLinkKey
                0x8000ee18       0x90 C:\devkitPro/libogc/lib/wii\libbte.a(bte.o)
                0x8000ee18                BTE_ReadStoredLinkKey
 .text.BTE_SetDisconnectCallback
                0x8000eea8        0x4 C:\devkitPro/libogc/lib/wii\libbte.a(bte.o)
                0x8000eea8                BTE_SetDisconnectCallback
 .text.bte_new  0x8000eeac       0x54 C:\devkitPro/libogc/lib/wii\libbte.a(bte.o)
                0x8000eeac                bte_new
 .text.bte_registerdeviceasync
                0x8000ef00      0x158 C:\devkitPro/libogc/lib/wii\libbte.a(bte.o)
                0x8000ef00                bte_registerdeviceasync
 .text.bte_disconnect
                0x8000f058       0xd8 C:\devkitPro/libogc/lib/wii\libbte.a(bte.o)
                0x8000f058                bte_disconnect
 .text.bte_senddata
                0x8000f130      0x104 C:\devkitPro/libogc/lib/wii\libbte.a(bte.o)
                0x8000f130                bte_senddata
 .text.bte_arg  0x8000f234       0x38 C:\devkitPro/libogc/lib/wii\libbte.a(bte.o)
                0x8000f234                bte_arg
 .text.bte_received
                0x8000f26c       0x38 C:\devkitPro/libogc/lib/wii\libbte.a(bte.o)
                0x8000f26c                bte_received
 .text.bte_disconnected
                0x8000f2a4       0x38 C:\devkitPro/libogc/lib/wii\libbte.a(bte.o)
                0x8000f2a4                bte_disconnected
 .text.hci_get_link
                0x8000f2dc       0x84 C:\devkitPro/libogc/lib/wii\libbte.a(hci.o)
 .text.hci_init
                0x8000f360       0x7c C:\devkitPro/libogc/lib/wii\libbte.a(hci.o)
                0x8000f360                hci_init
 .text.hci_close
                0x8000f3dc       0xd0 C:\devkitPro/libogc/lib/wii\libbte.a(hci.o)
                0x8000f3dc                hci_close
 .text.hci_reset_all
                0x8000f4ac       0xa8 C:\devkitPro/libogc/lib/wii\libbte.a(hci.o)
                0x8000f4ac                hci_reset_all
 .text.hci_arg  0x8000f554        0xc C:\devkitPro/libogc/lib/wii\libbte.a(hci.o)
                0x8000f554                hci_arg
 .text.hci_cmd_complete
                0x8000f560        0xc C:\devkitPro/libogc/lib/wii\libbte.a(hci.o)
                0x8000f560                hci_cmd_complete
 .text.hci_connection_complete
                0x8000f56c        0xc C:\devkitPro/libogc/lib/wii\libbte.a(hci.o)
                0x8000f56c                hci_connection_complete
 .text.hci_wlp_complete
                0x8000f578        0xc C:\devkitPro/libogc/lib/wii\libbte.a(hci.o)
                0x8000f578                hci_wlp_complete
 .text.hci_reset
                0x8000f584       0xa8 C:\devkitPro/libogc/lib/wii\libbte.a(hci.o)
                0x8000f584                hci_reset
 .text.hci_read_buffer_size
                0x8000f62c       0xa8 C:\devkitPro/libogc/lib/wii\libbte.a(hci.o)
                0x8000f62c                hci_read_buffer_size
 .text.hci_read_bd_addr
                0x8000f6d4       0xa8 C:\devkitPro/libogc/lib/wii\libbte.a(hci.o)
                0x8000f6d4                hci_read_bd_addr
 .text.hci_read_local_version
                0x8000f77c       0xa4 C:\devkitPro/libogc/lib/wii\libbte.a(hci.o)
                0x8000f77c                hci_read_local_version
 .text.hci_read_local_features
                0x8000f820       0xa8 C:\devkitPro/libogc/lib/wii\libbte.a(hci.o)
                0x8000f820                hci_read_local_features
 .text.hci_read_stored_link_key
                0x8000f8c8       0xf8 C:\devkitPro/libogc/lib/wii\libbte.a(hci.o)
                0x8000f8c8                hci_read_stored_link_key
 .text.hci_write_page_timeout
                0x8000f9c0       0xcc C:\devkitPro/libogc/lib/wii\libbte.a(hci.o)
                0x8000f9c0                hci_write_page_timeout
 .text.hci_write_scan_enable
                0x8000fa8c       0xb8 C:\devkitPro/libogc/lib/wii\libbte.a(hci.o)
                0x8000fa8c                hci_write_scan_enable
 .text.hci_accecpt_conn_request
                0x8000fb44       0xdc C:\devkitPro/libogc/lib/wii\libbte.a(hci.o)
                0x8000fb44                hci_accecpt_conn_request
 .text.hci_write_local_name
                0x8000fc20       0xd4 C:\devkitPro/libogc/lib/wii\libbte.a(hci.o)
                0x8000fc20                hci_write_local_name
 .text.hci_write_pin_type
                0x8000fcf4       0xb8 C:\devkitPro/libogc/lib/wii\libbte.a(hci.o)
                0x8000fcf4                hci_write_pin_type
 .text.hci_write_inquiry_mode
                0x8000fdac       0xb8 C:\devkitPro/libogc/lib/wii\libbte.a(hci.o)
                0x8000fdac                hci_write_inquiry_mode
 .text.hci_write_page_scan_type
                0x8000fe64       0xb8 C:\devkitPro/libogc/lib/wii\libbte.a(hci.o)
                0x8000fe64                hci_write_page_scan_type
 .text.hci_write_inquiry_scan_type
                0x8000ff1c       0xb8 C:\devkitPro/libogc/lib/wii\libbte.a(hci.o)
                0x8000ff1c                hci_write_inquiry_scan_type
 .text.hci_vendor_specific_command
                0x8000ffd4       0xe4 C:\devkitPro/libogc/lib/wii\libbte.a(hci.o)
                0x8000ffd4                hci_vendor_specific_command
 .text.hci_write_link_policy_settings
                0x800100b8      0x100 C:\devkitPro/libogc/lib/wii\libbte.a(hci.o)
                0x800100b8                hci_write_link_policy_settings
 .text.hci_pin_code_request_neg_reply
                0x800101b8       0xc8 C:\devkitPro/libogc/lib/wii\libbte.a(hci.o)
                0x800101b8                hci_pin_code_request_neg_reply
 .text.hci_link_key_req_neg_reply
                0x80010280       0xc8 C:\devkitPro/libogc/lib/wii\libbte.a(hci.o)
                0x80010280                hci_link_key_req_neg_reply
 .text.hci_disconnect
                0x80010348       0xf8 C:\devkitPro/libogc/lib/wii\libbte.a(hci.o)
                0x80010348                hci_disconnect
 .text.hci_write_cod
                0x80010440       0xc8 C:\devkitPro/libogc/lib/wii\libbte.a(hci.o)
                0x80010440                hci_write_cod
 .text.hci_host_buffer_size
                0x80010508      0x108 C:\devkitPro/libogc/lib/wii\libbte.a(hci.o)
                0x80010508                hci_host_buffer_size
 .text.hci_host_num_comp_packets
                0x80010610      0x104 C:\devkitPro/libogc/lib/wii\libbte.a(hci.o)
                0x80010610                hci_host_num_comp_packets
 .text.lp_pdu_maxsize
                0x80010714        0xc C:\devkitPro/libogc/lib/wii\libbte.a(hci.o)
                0x80010714                lp_pdu_maxsize
 .text.lp_acl_write
                0x80010720      0x154 C:\devkitPro/libogc/lib/wii\libbte.a(hci.o)
                0x80010720                lp_acl_write
 .text.lp_write_flush_timeout
                0x80010874      0x100 C:\devkitPro/libogc/lib/wii\libbte.a(hci.o)
                0x80010874                lp_write_flush_timeout
 .text.hci_event_handler
                0x80010974      0xc78 C:\devkitPro/libogc/lib/wii\libbte.a(hci.o)
                0x80010974                hci_event_handler
 .text.hci_acldata_handler
                0x800115ec      0x118 C:\devkitPro/libogc/lib/wii\libbte.a(hci.o)
                0x800115ec                hci_acldata_handler
 .text.l2cap_init
                0x80011704       0x60 C:\devkitPro/libogc/lib/wii\libbte.a(l2cap.o)
                0x80011704                l2cap_init
 .text.l2cap_write
                0x80011764      0x1a0 C:\devkitPro/libogc/lib/wii\libbte.a(l2cap.o)
                0x80011764                l2cap_write
 .text.l2cap_new
                0x80011904       0x60 C:\devkitPro/libogc/lib/wii\libbte.a(l2cap.o)
                0x80011904                l2cap_new
 .text.l2cap_close
                0x80011964      0x1c0 C:\devkitPro/libogc/lib/wii\libbte.a(l2cap.o)
                0x80011964                l2cap_close
 .text.l2cap_reset_all
                0x80011b24      0x148 C:\devkitPro/libogc/lib/wii\libbte.a(l2cap.o)
                0x80011b24                l2cap_reset_all
 .text.l2cap_signal
                0x80011c6c      0x204 C:\devkitPro/libogc/lib/wii\libbte.a(l2cap.o)
                0x80011c6c                l2cap_signal
 .text.l2ca_config_req
                0x80011e70      0x154 C:\devkitPro/libogc/lib/wii\libbte.a(l2cap.o)
                0x80011e70                l2ca_config_req
 .text.l2ca_disconnect_req
                0x80011fc4       0xcc C:\devkitPro/libogc/lib/wii\libbte.a(l2cap.o)
                0x80011fc4                l2ca_disconnect_req
 .text.l2cap_tmr
                0x80012090      0x260 C:\devkitPro/libogc/lib/wii\libbte.a(l2cap.o)
                0x80012090                l2cap_tmr
 .text.l2cap_process_sig
                0x800122f0     0x1318 C:\devkitPro/libogc/lib/wii\libbte.a(l2cap.o)
                0x800122f0                l2cap_process_sig
 .text.l2cap_input
                0x80013608      0x584 C:\devkitPro/libogc/lib/wii\libbte.a(l2cap.o)
                0x80013608                l2cap_input
 .text.l2ca_datawrite
                0x80013b8c      0x128 C:\devkitPro/libogc/lib/wii\libbte.a(l2cap.o)
                0x80013b8c                l2ca_datawrite
 .text.lp_connect_cfm
                0x80013cb4      0x184 C:\devkitPro/libogc/lib/wii\libbte.a(l2cap.o)
                0x80013cb4                lp_connect_cfm
 .text.lp_connect_ind
                0x80013e38        0x4 C:\devkitPro/libogc/lib/wii\libbte.a(l2cap.o)
                0x80013e38                lp_connect_ind
 .text.lp_disconnect_ind
                0x80013e3c      0x124 C:\devkitPro/libogc/lib/wii\libbte.a(l2cap.o)
                0x80013e3c                lp_disconnect_ind
 .text.l2cap_disconnect_bb
                0x80013f60       0x10 C:\devkitPro/libogc/lib/wii\libbte.a(l2cap.o)
                0x80013f60                l2cap_disconnect_bb
 .text.l2cap_arg
                0x80013f70        0x8 C:\devkitPro/libogc/lib/wii\libbte.a(l2cap.o)
                0x80013f70                l2cap_arg
 .text.l2cap_connect_ind
                0x80013f78      0x100 C:\devkitPro/libogc/lib/wii\libbte.a(l2cap.o)
                0x80013f78                l2cap_connect_ind
 .text.l2cap_disconnect_ind
                0x80014078        0x8 C:\devkitPro/libogc/lib/wii\libbte.a(l2cap.o)
                0x80014078                l2cap_disconnect_ind
 .text.l2cap_recv
                0x80014080        0x8 C:\devkitPro/libogc/lib/wii\libbte.a(l2cap.o)
                0x80014080                l2cap_recv
 .text.btmemb_init
                0x80014088       0x24 C:\devkitPro/libogc/lib/wii\libbte.a(btmemb.o)
                0x80014088                btmemb_init
 .text.btmemb_alloc
                0x800140ac       0x98 C:\devkitPro/libogc/lib/wii\libbte.a(btmemb.o)
                0x800140ac                btmemb_alloc
 .text.btmemb_free
                0x80014144       0xe0 C:\devkitPro/libogc/lib/wii\libbte.a(btmemb.o)
                0x80014144                btmemb_free
 .text.plug_holes
                0x80014224       0xac C:\devkitPro/libogc/lib/wii\libbte.a(btmemr.o)
 .text.btmemr_init
                0x800142d0       0xa4 C:\devkitPro/libogc/lib/wii\libbte.a(btmemr.o)
                0x800142d0                btmemr_init
 .text.btmemr_malloc
                0x80014374      0x180 C:\devkitPro/libogc/lib/wii\libbte.a(btmemr.o)
                0x80014374                btmemr_malloc
 .text.btmemr_free
                0x800144f4       0x98 C:\devkitPro/libogc/lib/wii\libbte.a(btmemr.o)
                0x800144f4                btmemr_free
 .text.btmemr_realloc
                0x8001458c      0x108 C:\devkitPro/libogc/lib/wii\libbte.a(btmemr.o)
                0x8001458c                btmemr_realloc
 .text.btpbuf_init
                0x80014694       0x28 C:\devkitPro/libogc/lib/wii\libbte.a(btpbuf.o)
                0x80014694                btpbuf_init
 .text.btpbuf_free
                0x800146bc      0x104 C:\devkitPro/libogc/lib/wii\libbte.a(btpbuf.o)
                0x800146bc                btpbuf_free
 .text.btpbuf_alloc
                0x800147c0      0x224 C:\devkitPro/libogc/lib/wii\libbte.a(btpbuf.o)
                0x800147c0                btpbuf_alloc
 .text.btpbuf_realloc
                0x800149e4      0x110 C:\devkitPro/libogc/lib/wii\libbte.a(btpbuf.o)
                0x800149e4                btpbuf_realloc
 .text.btpbuf_header
                0x80014af4       0x84 C:\devkitPro/libogc/lib/wii\libbte.a(btpbuf.o)
                0x80014af4                btpbuf_header
 .text.btpbuf_ref
                0x80014b78       0x48 C:\devkitPro/libogc/lib/wii\libbte.a(btpbuf.o)
                0x80014b78                btpbuf_ref
 .text.btpbuf_chain
                0x80014bc0       0x9c C:\devkitPro/libogc/lib/wii\libbte.a(btpbuf.o)
                0x80014bc0                btpbuf_chain
 .text.btpbuf_dechain
                0x80014c5c       0x7c C:\devkitPro/libogc/lib/wii\libbte.a(btpbuf.o)
                0x80014c5c                btpbuf_dechain
 .text.btpbuf_take
                0x80014cd8      0x13c C:\devkitPro/libogc/lib/wii\libbte.a(btpbuf.o)
                0x80014cd8                btpbuf_take
 .text.__usb_closeCB
                0x80014e14       0x10 C:\devkitPro/libogc/lib/wii\libbte.a(physbusif.o)
 .text.__writebulkmsgCB
                0x80014e24       0x3c C:\devkitPro/libogc/lib/wii\libbte.a(physbusif.o)
 .text.__writectrlmsgCB
                0x80014e60       0x3c C:\devkitPro/libogc/lib/wii\libbte.a(physbusif.o)
 .text.__issue_intrread.part.0
                0x80014e9c       0x80 C:\devkitPro/libogc/lib/wii\libbte.a(physbusif.o)
 .text.__readintrdataCB
                0x80014f1c      0x148 C:\devkitPro/libogc/lib/wii\libbte.a(physbusif.o)
 .text.__issue_bulkread.part.0
                0x80015064       0x80 C:\devkitPro/libogc/lib/wii\libbte.a(physbusif.o)
 .text.__readbulkdataCB
                0x800150e4      0x148 C:\devkitPro/libogc/lib/wii\libbte.a(physbusif.o)
 .text.physbusif_init
                0x8001522c      0x1ec C:\devkitPro/libogc/lib/wii\libbte.a(physbusif.o)
                0x8001522c                physbusif_init
 .text.physbusif_close
                0x80015418       0x20 C:\devkitPro/libogc/lib/wii\libbte.a(physbusif.o)
                0x80015418                physbusif_close
 .text.physbusif_shutdown
                0x80015438       0x24 C:\devkitPro/libogc/lib/wii\libbte.a(physbusif.o)
                0x80015438                physbusif_shutdown
 .text.physbusif_reset_all
                0x8001545c        0x4 C:\devkitPro/libogc/lib/wii\libbte.a(physbusif.o)
                0x8001545c                physbusif_reset_all
 .text.physbusif_output
                0x80015460      0x1e8 C:\devkitPro/libogc/lib/wii\libbte.a(physbusif.o)
                0x80015460                physbusif_output
 .text.__lwp_queue_initialize
                0x80015648       0x98 C:\devkitPro/libogc/lib/wii\libogc.a(lwp_queue.o)
                0x80015648                __lwp_queue_initialize
 .text.__lwp_queue_get
                0x800156e0       0x74 C:\devkitPro/libogc/lib/wii\libogc.a(lwp_queue.o)
                0x800156e0                __lwp_queue_get
 .text.__lwp_queue_append
                0x80015754       0x4c C:\devkitPro/libogc/lib/wii\libogc.a(lwp_queue.o)
                0x80015754                __lwp_queue_append
 .text.__syscall_getreent
                0x800157a0       0x24 C:\devkitPro/libogc/lib/wii\libogc.a(lwp_threads.o)
                0x800157a0                __syscall_getreent
 .text.__lwp_isr_in_progress
                0x800157c4        0x8 C:\devkitPro/libogc/lib/wii\libogc.a(lwp_threads.o)
                0x800157c4                __lwp_isr_in_progress
 .text.__thread_dispatch_fp
                0x800157cc       0x88 C:\devkitPro/libogc/lib/wii\libogc.a(lwp_threads.o)
                0x800157cc                __thread_dispatch_fp
 .text.__thread_dispatch
                0x80015854       0xf4 C:\devkitPro/libogc/lib/wii\libogc.a(lwp_threads.o)
                0x80015854                __thread_dispatch
 .text.__lwp_thread_resettimeslice
                0x80015948       0xb4 C:\devkitPro/libogc/lib/wii\libogc.a(lwp_threads.o)
                0x80015948                __lwp_thread_resettimeslice
 .text.__lwp_thread_tickle_timeslice
                0x800159fc       0xc8 C:\devkitPro/libogc/lib/wii\libogc.a(lwp_threads.o)
                0x800159fc                __lwp_thread_tickle_timeslice
 .text.__lwp_thread_setstate
                0x80015ac4      0x16c C:\devkitPro/libogc/lib/wii\libogc.a(lwp_threads.o)
                0x80015ac4                __lwp_thread_setstate
 .text.__lwp_thread_clearstate
                0x80015c30       0xe4 C:\devkitPro/libogc/lib/wii\libogc.a(lwp_threads.o)
                0x80015c30                __lwp_thread_clearstate
 .text.__lwp_thread_delayended
                0x80015d14       0x48 C:\devkitPro/libogc/lib/wii\libogc.a(lwp_threads.o)
                0x80015d14                __lwp_thread_delayended
 .text.__lwp_thread_suspend
                0x80015d5c      0x17c C:\devkitPro/libogc/lib/wii\libogc.a(lwp_threads.o)
                0x80015d5c                __lwp_thread_suspend
 .text.__lwp_thread_settransient
                0x80015ed8       0xb4 C:\devkitPro/libogc/lib/wii\libogc.a(lwp_threads.o)
                0x80015ed8                __lwp_thread_settransient
 .text.__lwp_thread_changepriority
                0x80015f8c      0x1f8 C:\devkitPro/libogc/lib/wii\libogc.a(lwp_threads.o)
                0x80015f8c                __lwp_thread_changepriority
 .text.__lwp_thread_resume
                0x80016184      0x12c C:\devkitPro/libogc/lib/wii\libogc.a(lwp_threads.o)
                0x80016184                __lwp_thread_resume
 .text.__lwp_thread_ready
                0x800162b0       0xf0 C:\devkitPro/libogc/lib/wii\libogc.a(lwp_threads.o)
                0x800162b0                __lwp_thread_ready
 .text.__lwp_thread_init
                0x800163a0      0x160 C:\devkitPro/libogc/lib/wii\libogc.a(lwp_threads.o)
                0x800163a0                __lwp_thread_init
 .text.__lwp_thread_close
                0x80016500      0x144 C:\devkitPro/libogc/lib/wii\libogc.a(lwp_threads.o)
                0x80016500                __lwp_thread_close
 .text.__lwp_thread_handler
                0x80016644       0xc0 C:\devkitPro/libogc/lib/wii\libogc.a(lwp_threads.o)
 .text.__lwp_thread_closeall
                0x80016704       0xb0 C:\devkitPro/libogc/lib/wii\libogc.a(lwp_threads.o)
                0x80016704                __lwp_thread_closeall
 .text.__lwp_thread_start
                0x800167b4      0x150 C:\devkitPro/libogc/lib/wii\libogc.a(lwp_threads.o)
                0x800167b4                __lwp_thread_start
 .text.__lwp_thread_startmultitasking
                0x80016904       0xac C:\devkitPro/libogc/lib/wii\libogc.a(lwp_threads.o)
                0x80016904                __lwp_thread_startmultitasking
 .text.__lwp_thread_stopmultitasking
                0x800169b0       0x58 C:\devkitPro/libogc/lib/wii\libogc.a(lwp_threads.o)
                0x800169b0                __lwp_thread_stopmultitasking
 .text.__lwp_thread_coreinit
                0x80016a08       0xc4 C:\devkitPro/libogc/lib/wii\libogc.a(lwp_threads.o)
                0x80016a08                __lwp_thread_coreinit
 .text.idle_func
                0x80016acc        0x4 C:\devkitPro/libogc/lib/wii\libogc.a(lwp.o)
 .text.__lwp_sysinit
                0x80016ad0      0x114 C:\devkitPro/libogc/lib/wii\libogc.a(lwp.o)
                0x80016ad0                __lwp_sysinit
 .text.LWP_SuspendThread
                0x80016be4       0xc8 C:\devkitPro/libogc/lib/wii\libogc.a(lwp.o)
                0x80016be4                LWP_SuspendThread
 .text.LWP_ResumeThread
                0x80016cac       0xcc C:\devkitPro/libogc/lib/wii\libogc.a(lwp.o)
                0x80016cac                LWP_ResumeThread
 .text.LWP_GetSelf
                0x80016d78       0x28 C:\devkitPro/libogc/lib/wii\libogc.a(lwp.o)
                0x80016d78                LWP_GetSelf
 .text.LWP_InitQueue
                0x80016da0      0x148 C:\devkitPro/libogc/lib/wii\libogc.a(lwp.o)
                0x80016da0                LWP_InitQueue
 .text.LWP_CloseQueue
                0x80016ee8       0xd4 C:\devkitPro/libogc/lib/wii\libogc.a(lwp.o)
                0x80016ee8                LWP_CloseQueue
 .text.LWP_ThreadSleep
                0x80016fbc       0xf8 C:\devkitPro/libogc/lib/wii\libogc.a(lwp.o)
                0x80016fbc                LWP_ThreadSleep
 .text.LWP_ThreadBroadcast
                0x800170b4       0x88 C:\devkitPro/libogc/lib/wii\libogc.a(lwp.o)
                0x800170b4                LWP_ThreadBroadcast
 .text.LWP_ThreadSignal
                0x8001713c       0x74 C:\devkitPro/libogc/lib/wii\libogc.a(lwp.o)
                0x8001713c                LWP_ThreadSignal
 .text.__lwp_stack_allocate
                0x800171b0       0x60 C:\devkitPro/libogc/lib/wii\libogc.a(lwp_stack.o)
                0x800171b0                __lwp_stack_allocate
 .text.__lwp_stack_free
                0x80017210       0x1c C:\devkitPro/libogc/lib/wii\libogc.a(lwp_stack.o)
                0x80017210                __lwp_stack_free
 .text.__lwp_wd_settimer
                0x8001722c       0xdc C:\devkitPro/libogc/lib/wii\libogc.a(lwp_watchdog.o)
 .text.__lwp_watchdog_init
                0x80017308       0x2c C:\devkitPro/libogc/lib/wii\libogc.a(lwp_watchdog.o)
                0x80017308                __lwp_watchdog_init
 .text.__lwp_wd_insert
                0x80017334      0x19c C:\devkitPro/libogc/lib/wii\libogc.a(lwp_watchdog.o)
                0x80017334                __lwp_wd_insert
 .text.__lwp_wd_remove
                0x800174d0      0x138 C:\devkitPro/libogc/lib/wii\libogc.a(lwp_watchdog.o)
                0x800174d0                __lwp_wd_remove
 .text.__lwp_wd_tickle
                0x80017608      0x120 C:\devkitPro/libogc/lib/wii\libogc.a(lwp_watchdog.o)
                0x80017608                __lwp_wd_tickle
 .text.__lwp_wkspace_init
                0x80017728       0xc0 C:\devkitPro/libogc/lib/wii\libogc.a(lwp_wkspace.o)
                0x80017728                __lwp_wkspace_init
 .text.__lwp_objmgr_initinfo
                0x800177e8      0x1a0 C:\devkitPro/libogc/lib/wii\libogc.a(lwp_objmgr.o)
                0x800177e8                __lwp_objmgr_initinfo
 .text.__lwp_objmgr_getisrdisable
                0x80017988       0x60 C:\devkitPro/libogc/lib/wii\libogc.a(lwp_objmgr.o)
                0x80017988                __lwp_objmgr_getisrdisable
 .text.__lwp_objmgr_getnoprotection
                0x800179e8       0x24 C:\devkitPro/libogc/lib/wii\libogc.a(lwp_objmgr.o)
                0x800179e8                __lwp_objmgr_getnoprotection
 .text.__lwp_objmgr_get
                0x80017a0c       0x6c C:\devkitPro/libogc/lib/wii\libogc.a(lwp_objmgr.o)
                0x80017a0c                __lwp_objmgr_get
 .text.__lwp_objmgr_allocate
                0x80017a78       0x88 C:\devkitPro/libogc/lib/wii\libogc.a(lwp_objmgr.o)
                0x80017a78                __lwp_objmgr_allocate
 .text.__lwp_objmgr_free
                0x80017b00       0x60 C:\devkitPro/libogc/lib/wii\libogc.a(lwp_objmgr.o)
                0x80017b00                __lwp_objmgr_free
 .text.__lwp_heap_init
                0x80017b60       0xa4 C:\devkitPro/libogc/lib/wii\libogc.a(lwp_heap.o)
                0x80017b60                __lwp_heap_init
 .text.__lwp_heap_allocate
                0x80017c04      0x160 C:\devkitPro/libogc/lib/wii\libogc.a(lwp_heap.o)
                0x80017c04                __lwp_heap_allocate
 .text.__lwp_heap_free
                0x80017d64      0x188 C:\devkitPro/libogc/lib/wii\libogc.a(lwp_heap.o)
                0x80017d64                __lwp_heap_free
 .text.__SetInterrupts
                0x80017eec      0x268 C:\devkitPro/libogc/lib/wii\libogc.a(irq.o)
 .text.c_irqdispatcher
                0x80018154      0x268 C:\devkitPro/libogc/lib/wii\libogc.a(irq.o)
                0x80018154                c_irqdispatcher
 .text.__UnmaskIrq
                0x800183bc       0x84 C:\devkitPro/libogc/lib/wii\libogc.a(irq.o)
                0x800183bc                __UnmaskIrq
 .text.__MaskIrq
                0x80018440       0x84 C:\devkitPro/libogc/lib/wii\libogc.a(irq.o)
                0x80018440                __MaskIrq
 .text.__irq_init
                0x800184c4       0x84 C:\devkitPro/libogc/lib/wii\libogc.a(irq.o)
                0x800184c4                __irq_init
 .text.IRQ_Request
                0x80018548       0x50 C:\devkitPro/libogc/lib/wii\libogc.a(irq.o)
                0x80018548                IRQ_Request
 .text.IRQ_GetHandler
                0x80018598       0x44 C:\devkitPro/libogc/lib/wii\libogc.a(irq.o)
                0x80018598                IRQ_GetHandler
 .text.IRQ_Disable
                0x800185dc       0x1c C:\devkitPro/libogc/lib/wii\libogc.a(irq.o)
                0x800185dc                IRQ_Disable
 .text.IRQ_Restore
                0x800185f8       0x1c C:\devkitPro/libogc/lib/wii\libogc.a(irq.o)
                0x800185f8                IRQ_Restore
 .text.__VISendI2CData.constprop.0.isra.0
                0x80018614      0x428 C:\devkitPro/libogc/lib/wii\libogc.a(video.o)
 .text.__setFbbRegs.constprop.0
                0x80018a3c      0x190 C:\devkitPro/libogc/lib/wii\libogc.a(video.o)
 .text.__VISetYUVSEL
                0x80018bcc       0xb8 C:\devkitPro/libogc/lib/wii\libogc.a(video.o)
 .text.VIDEO_Configure
                0x80018c84      0x600 C:\devkitPro/libogc/lib/wii\libogc.a(video.o)
                0x80018c84                VIDEO_Configure
 .text.VIDEO_WaitVSync
                0x80019284       0x74 C:\devkitPro/libogc/lib/wii\libogc.a(video.o)
                0x80019284                VIDEO_WaitVSync
 .text.VIDEO_SetFramebuffer
                0x800192f8       0xd0 C:\devkitPro/libogc/lib/wii\libogc.a(video.o)
                0x800192f8                VIDEO_SetFramebuffer
 .text.VIDEO_SetNextFramebuffer
                0x800193c8       0x70 C:\devkitPro/libogc/lib/wii\libogc.a(video.o)
                0x800193c8                VIDEO_SetNextFramebuffer
 .text.VIDEO_Flush
                0x80019438       0xf4 C:\devkitPro/libogc/lib/wii\libogc.a(video.o)
                0x80019438                VIDEO_Flush
 .text.VIDEO_SetBlack
                0x8001952c      0x15c C:\devkitPro/libogc/lib/wii\libogc.a(video.o)
                0x8001952c                VIDEO_SetBlack
 .text.VIDEO_GetCurrentTvMode
                0x80019688       0x78 C:\devkitPro/libogc/lib/wii\libogc.a(video.o)
                0x80019688                VIDEO_GetCurrentTvMode
 .text.__VIRetraceHandler
                0x80019700      0x284 C:\devkitPro/libogc/lib/wii\libogc.a(video.o)
 .text.__VISetupEncoder
                0x80019984      0x288 C:\devkitPro/libogc/lib/wii\libogc.a(video.o)
 .text.VIDEO_Init
                0x80019c0c      0x3cc C:\devkitPro/libogc/lib/wii\libogc.a(video.o)
                0x80019c0c                VIDEO_Init
 .text.VIDEO_GetPreferredMode
                0x80019fd8      0x108 C:\devkitPro/libogc/lib/wii\libogc.a(video.o)
                0x80019fd8                VIDEO_GetPreferredMode
 .text.VIDEO_GetCurrentLine
                0x8001a0e0       0xa0 C:\devkitPro/libogc/lib/wii\libogc.a(video.o)
                0x8001a0e0                VIDEO_GetCurrentLine
 .text.VIDEO_SetPostRetraceCallback
                0x8001a180       0x40 C:\devkitPro/libogc/lib/wii\libogc.a(video.o)
                0x8001a180                VIDEO_SetPostRetraceCallback
 .text.VIDEO_GetFrameBufferSize
                0x8001a1c0       0x34 C:\devkitPro/libogc/lib/wii\libogc.a(video.o)
                0x8001a1c0                VIDEO_GetFrameBufferSize
 .text.__call_resetfuncs
                0x8001a1f4       0xbc C:\devkitPro/libogc/lib/wii\libogc.a(system.o)
 .text.__MEMInterruptHandler
                0x8001a2b0       0x14 C:\devkitPro/libogc/lib/wii\libogc.a(system.o)
 .text.__RSWDefaultHandler
                0x8001a2c4        0x4 C:\devkitPro/libogc/lib/wii\libogc.a(system.o)
 .text.__POWDefaultHandler
                0x8001a2c8        0x4 C:\devkitPro/libogc/lib/wii\libogc.a(system.o)
 .text.__STMEventHandler
                0x8001a2cc      0x104 C:\devkitPro/libogc/lib/wii\libogc.a(system.o)
 .text.__getrtc
                0x8001a3d0      0x13c C:\devkitPro/libogc/lib/wii\libogc.a(system.o)
 .text.__sram_write
                0x8001a50c      0x130 C:\devkitPro/libogc/lib/wii\libogc.a(system.o)
 .text.__sram_writecallback
                0x8001a63c       0x54 C:\devkitPro/libogc/lib/wii\libogc.a(system.o)
 .text.__mem_onreset
                0x8001a690       0x48 C:\devkitPro/libogc/lib/wii\libogc.a(system.o)
 .text.__unlocksram
                0x8001a6d8      0x174 C:\devkitPro/libogc/lib/wii\libogc.a(system.o)
 .text.__sys_alarmhandler
                0x8001a84c      0x154 C:\devkitPro/libogc/lib/wii\libogc.a(system.o)
 .text.__syscall_malloc_lock
                0x8001a9a0        0x4 C:\devkitPro/libogc/lib/wii\libogc.a(system.o)
                0x8001a9a0                __syscall_malloc_lock
 .text.__syscall_malloc_unlock
                0x8001a9a4        0x4 C:\devkitPro/libogc/lib/wii\libogc.a(system.o)
                0x8001a9a4                __syscall_malloc_unlock
 .text.__syscall_nanosleep
                0x8001a9a8        0x4 C:\devkitPro/libogc/lib/wii\libogc.a(system.o)
                0x8001a9a8                __syscall_nanosleep
 .text.__SYS_GetRTC
                0x8001a9ac       0x98 C:\devkitPro/libogc/lib/wii\libogc.a(system.o)
                0x8001a9ac                __SYS_GetRTC
 .text.__SYS_SetBootTime
                0x8001aa44      0x108 C:\devkitPro/libogc/lib/wii\libogc.a(system.o)
                0x8001aa44                __SYS_SetBootTime
 .text.__SYS_GetIPCBufferLo
                0x8001ab4c        0x8 C:\devkitPro/libogc/lib/wii\libogc.a(system.o)
                0x8001ab4c                __SYS_GetIPCBufferLo
 .text.__SYS_GetIPCBufferHi
                0x8001ab54        0x8 C:\devkitPro/libogc/lib/wii\libogc.a(system.o)
                0x8001ab54                __SYS_GetIPCBufferHi
 .text.__SYS_DoPowerCB
                0x8001ab5c       0x74 C:\devkitPro/libogc/lib/wii\libogc.a(system.o)
                0x8001ab5c                __SYS_DoPowerCB
 .text.__SYS_PreInit
                0x8001abd0        0x4 C:\devkitPro/libogc/lib/wii\libogc.a(system.o)
                0x8001abd0                __SYS_PreInit
 .text.SYS_PreMain
                0x8001abd4       0x7c C:\devkitPro/libogc/lib/wii\libogc.a(system.o)
                0x8001abd4                SYS_PreMain
 .text.SYS_ResetButtonDown
                0x8001ac50       0x18 C:\devkitPro/libogc/lib/wii\libogc.a(system.o)
                0x8001ac50                SYS_ResetButtonDown
 .text.SYS_ResetSystem
                0x8001ac68      0x1f8 C:\devkitPro/libogc/lib/wii\libogc.a(system.o)
                0x8001ac68                SYS_ResetSystem
 .text.__reload
                0x8001ae60       0x84 C:\devkitPro/libogc/lib/wii\libogc.a(system.o)
                0x8001ae60                __reload
 .text.__syscall_exit
                0x8001aee4       0x8c C:\devkitPro/libogc/lib/wii\libogc.a(system.o)
                0x8001aee4                __syscall_exit
 .text.SYS_RegisterResetFunc
                0x8001af70       0x78 C:\devkitPro/libogc/lib/wii\libogc.a(system.o)
                0x8001af70                SYS_RegisterResetFunc
 .text.SYS_SetArena1Lo
                0x8001afe8       0x38 C:\devkitPro/libogc/lib/wii\libogc.a(system.o)
                0x8001afe8                SYS_SetArena1Lo
 .text.SYS_GetArena1Lo
                0x8001b020       0x38 C:\devkitPro/libogc/lib/wii\libogc.a(system.o)
                0x8001b020                SYS_GetArena1Lo
 .text.SYS_GetArena1Hi
                0x8001b058       0x38 C:\devkitPro/libogc/lib/wii\libogc.a(system.o)
                0x8001b058                SYS_GetArena1Hi
 .text.SYS_SetArena2Lo
                0x8001b090       0x38 C:\devkitPro/libogc/lib/wii\libogc.a(system.o)
                0x8001b090                SYS_SetArena2Lo
 .text.SYS_GetArena2Lo
                0x8001b0c8       0x38 C:\devkitPro/libogc/lib/wii\libogc.a(system.o)
                0x8001b0c8                SYS_GetArena2Lo
 .text.SYS_SetArena2Hi
                0x8001b100       0x38 C:\devkitPro/libogc/lib/wii\libogc.a(system.o)
                0x8001b100                SYS_SetArena2Hi
 .text.SYS_GetArena2Hi
                0x8001b138       0x38 C:\devkitPro/libogc/lib/wii\libogc.a(system.o)
                0x8001b138                SYS_GetArena2Hi
 .text.SYS_AllocateFramebuffer
                0x8001b170       0x28 C:\devkitPro/libogc/lib/wii\libogc.a(system.o)
                0x8001b170                SYS_AllocateFramebuffer
 .text.SYS_CreateAlarm
                0x8001b198      0x104 C:\devkitPro/libogc/lib/wii\libogc.a(system.o)
                0x8001b198                SYS_CreateAlarm
 .text.SYS_SetAlarm
                0x8001b29c      0x1e0 C:\devkitPro/libogc/lib/wii\libogc.a(system.o)
                0x8001b29c                SYS_SetAlarm
 .text.SYS_SetPeriodicAlarm
                0x8001b47c      0x270 C:\devkitPro/libogc/lib/wii\libogc.a(system.o)
                0x8001b47c                SYS_SetPeriodicAlarm
 .text.SYS_RemoveAlarm
                0x8001b6ec      0x10c C:\devkitPro/libogc/lib/wii\libogc.a(system.o)
                0x8001b6ec                SYS_RemoveAlarm
 .text.SYS_CancelAlarm
                0x8001b7f8       0xbc C:\devkitPro/libogc/lib/wii\libogc.a(system.o)
                0x8001b7f8                SYS_CancelAlarm
 .text.SYS_GetWirelessID
                0x8001b8b4       0x90 C:\devkitPro/libogc/lib/wii\libogc.a(system.o)
                0x8001b8b4                SYS_GetWirelessID
 .text.SYS_SetWirelessID
                0x8001b944       0x90 C:\devkitPro/libogc/lib/wii\libogc.a(system.o)
                0x8001b944                SYS_SetWirelessID
 .text.SYS_SetGBSMode
                0x8001b9d4       0xa8 C:\devkitPro/libogc/lib/wii\libogc.a(system.o)
                0x8001b9d4                SYS_SetGBSMode
 .text.__sram_init
                0x8001ba7c      0x1b8 C:\devkitPro/libogc/lib/wii\libogc.a(system.o)
                0x8001ba7c                __sram_init
 .text.SYS_Init
                0x8001bc34      0x5b4 C:\devkitPro/libogc/lib/wii\libogc.a(system.o)
                0x8001bc34                SYS_Init
 .text.SYS_GetHollywoodRevision
                0x8001c1e8       0x3c C:\devkitPro/libogc/lib/wii\libogc.a(system.o)
                0x8001c1e8                SYS_GetHollywoodRevision
 .text.SYS_Time
                0x8001c224       0x78 C:\devkitPro/libogc/lib/wii\libogc.a(system.o)
                0x8001c224                SYS_Time
 .text.__lwp_cond_init
                0x8001c29c       0x14 C:\devkitPro/libogc/lib/wii\libogc.a(cond.o)
                0x8001c29c                __lwp_cond_init
 .text.__GX_InitRevBits
                0x8001c2b0       0x98 C:\devkitPro/libogc/lib/wii\libogc.a(gx.o)
 .text.__GXTokenInterruptHandler
                0x8001c348       0x6c C:\devkitPro/libogc/lib/wii\libogc.a(gx.o)
 .text.__GXDefTexRegionCallback
                0x8001c3b4       0x80 C:\devkitPro/libogc/lib/wii\libogc.a(gx.o)
 .text.__GXDefTlutRegionCallback
                0x8001c434       0x18 C:\devkitPro/libogc/lib/wii\libogc.a(gx.o)
 .text.__SetSURegs
                0x8001c44c       0x90 C:\devkitPro/libogc/lib/wii\libogc.a(gx.o)
 .text.__SETVCDATTR
                0x8001c4dc      0x230 C:\devkitPro/libogc/lib/wii\libogc.a(gx.o)
 .text.__SETVCDFMT
                0x8001c70c      0x4cc C:\devkitPro/libogc/lib/wii\libogc.a(gx.o)
 .text.__GXCPInterruptHandler
                0x8001cbd8      0x170 C:\devkitPro/libogc/lib/wii\libogc.a(gx.o)
 .text.__GXFinishInterruptHandler
                0x8001cd48       0x58 C:\devkitPro/libogc/lib/wii\libogc.a(gx.o)
 .text.__GX_SetDirtyState
                0x8001cda0      0x62c C:\devkitPro/libogc/lib/wii\libogc.a(gx.o)
 .text.GX_SetCPUFifo
                0x8001d3cc      0x20c C:\devkitPro/libogc/lib/wii\libogc.a(gx.o)
                0x8001d3cc                GX_SetCPUFifo
 .text.GX_SetGPFifo
                0x8001d5d8      0x250 C:\devkitPro/libogc/lib/wii\libogc.a(gx.o)
                0x8001d5d8                GX_SetGPFifo
 .text.GX_Flush
                0x8001d828       0x94 C:\devkitPro/libogc/lib/wii\libogc.a(gx.o)
                0x8001d828                GX_Flush
 .text.GX_AbortFrame
                0x8001d8bc      0x374 C:\devkitPro/libogc/lib/wii\libogc.a(gx.o)
                0x8001d8bc                GX_AbortFrame
 .text.__gx_onreset
                0x8001dc30       0x7c C:\devkitPro/libogc/lib/wii\libogc.a(gx.o)
 .text.GX_DrawDone
                0x8001dcac       0xf8 C:\devkitPro/libogc/lib/wii\libogc.a(gx.o)
                0x8001dcac                GX_DrawDone
 .text.GX_SetViewport
                0x8001dda4       0x78 C:\devkitPro/libogc/lib/wii\libogc.a(gx.o)
                0x8001dda4                GX_SetViewport
 .text.GX_LoadProjectionMtx
                0x8001de1c       0xf0 C:\devkitPro/libogc/lib/wii\libogc.a(gx.o)
                0x8001de1c                GX_LoadProjectionMtx
 .text.GX_SetCopyClear
                0x8001df0c       0x4c C:\devkitPro/libogc/lib/wii\libogc.a(gx.o)
                0x8001df0c                GX_SetCopyClear
 .text.GX_SetDispCopyGamma
                0x8001df58       0x18 C:\devkitPro/libogc/lib/wii\libogc.a(gx.o)
                0x8001df58                GX_SetDispCopyGamma
 .text.GX_SetCopyFilter
                0x8001df70      0x268 C:\devkitPro/libogc/lib/wii\libogc.a(gx.o)
                0x8001df70                GX_SetCopyFilter
 .text.GX_SetDispCopyYScale
                0x8001e1d8       0xf8 C:\devkitPro/libogc/lib/wii\libogc.a(gx.o)
                0x8001e1d8                GX_SetDispCopyYScale
 .text.GX_SetDispCopyDst
                0x8001e2d0       0x20 C:\devkitPro/libogc/lib/wii\libogc.a(gx.o)
                0x8001e2d0                GX_SetDispCopyDst
 .text.GX_SetDispCopySrc
                0x8001e2f0       0x38 C:\devkitPro/libogc/lib/wii\libogc.a(gx.o)
                0x8001e2f0                GX_SetDispCopySrc
 .text.GX_CopyDisp
                0x8001e328      0x124 C:\devkitPro/libogc/lib/wii\libogc.a(gx.o)
                0x8001e328                GX_CopyDisp
 .text.GX_SetArray
                0x8001e44c       0x7c C:\devkitPro/libogc/lib/wii\libogc.a(gx.o)
                0x8001e44c                GX_SetArray
 .text.GX_SetVtxDesc
                0x8001e4c8       0x34 C:\devkitPro/libogc/lib/wii\libogc.a(gx.o)
                0x8001e4c8                GX_SetVtxDesc
 .text.GX_SetVtxAttrFmt
                0x8001e4fc       0x54 C:\devkitPro/libogc/lib/wii\libogc.a(gx.o)
                0x8001e4fc                GX_SetVtxAttrFmt
 .text.GX_Begin
                0x8001e550       0x7c C:\devkitPro/libogc/lib/wii\libogc.a(gx.o)
                0x8001e550                GX_Begin
 .text.GX_LoadPosMtxImm
                0x8001e5cc       0x50 C:\devkitPro/libogc/lib/wii\libogc.a(gx.o)
                0x8001e5cc                GX_LoadPosMtxImm
 .text.GX_SetNumTexGens
                0x8001e61c       0x28 C:\devkitPro/libogc/lib/wii\libogc.a(gx.o)
                0x8001e61c                GX_SetNumTexGens
 .text.GX_InvVtxCache
                0x8001e644       0x14 C:\devkitPro/libogc/lib/wii\libogc.a(gx.o)
                0x8001e644                GX_InvVtxCache
 .text.GX_SetZMode
                0x8001e658       0x38 C:\devkitPro/libogc/lib/wii\libogc.a(gx.o)
                0x8001e658                GX_SetZMode
 .text.GX_InvalidateTexAll
                0x8001e690       0x50 C:\devkitPro/libogc/lib/wii\libogc.a(gx.o)
                0x8001e690                GX_InvalidateTexAll
 .text.GX_SetBlendMode
                0x8001e6e0       0xd4 C:\devkitPro/libogc/lib/wii\libogc.a(gx.o)
                0x8001e6e0                GX_SetBlendMode
 .text.GX_ClearVtxDesc
                0x8001e7b4       0x38 C:\devkitPro/libogc/lib/wii\libogc.a(gx.o)
                0x8001e7b4                GX_ClearVtxDesc
 .text.GX_SetTevColorIn
                0x8001e7ec       0x44 C:\devkitPro/libogc/lib/wii\libogc.a(gx.o)
                0x8001e7ec                GX_SetTevColorIn
 .text.GX_SetTevAlphaIn
                0x8001e830       0x44 C:\devkitPro/libogc/lib/wii\libogc.a(gx.o)
                0x8001e830                GX_SetTevAlphaIn
 .text.GX_SetTevColorOp
                0x8001e874       0x98 C:\devkitPro/libogc/lib/wii\libogc.a(gx.o)
                0x8001e874                GX_SetTevColorOp
 .text.GX_SetTevAlphaOp
                0x8001e90c       0x98 C:\devkitPro/libogc/lib/wii\libogc.a(gx.o)
                0x8001e90c                GX_SetTevAlphaOp
 .text.GX_SetTevOp
                0x8001e9a4      0x168 C:\devkitPro/libogc/lib/wii\libogc.a(gx.o)
                0x8001e9a4                GX_SetTevOp
 .text.GX_SetCullMode
                0x8001eb0c       0x2c C:\devkitPro/libogc/lib/wii\libogc.a(gx.o)
                0x8001eb0c                GX_SetCullMode
 .text.GX_SetScissor
                0x8001eb38       0x78 C:\devkitPro/libogc/lib/wii\libogc.a(gx.o)
                0x8001eb38                GX_SetScissor
 .text.GX_SetNumChans
                0x8001ebb0       0x28 C:\devkitPro/libogc/lib/wii\libogc.a(gx.o)
                0x8001ebb0                GX_SetNumChans
 .text.GX_SetTevOrder
                0x8001ebd8      0x178 C:\devkitPro/libogc/lib/wii\libogc.a(gx.o)
                0x8001ebd8                GX_SetTevOrder
 .text.GX_SetTevKColorSel
                0x8001ed50       0x54 C:\devkitPro/libogc/lib/wii\libogc.a(gx.o)
                0x8001ed50                GX_SetTevKColorSel
 .text.GX_SetTevKAlphaSel
                0x8001eda4       0x54 C:\devkitPro/libogc/lib/wii\libogc.a(gx.o)
                0x8001eda4                GX_SetTevKAlphaSel
 .text.GX_SetTevSwapModeTable
                0x8001edf8       0x64 C:\devkitPro/libogc/lib/wii\libogc.a(gx.o)
                0x8001edf8                GX_SetTevSwapModeTable
 .text.GX_SetFog
                0x8001ee5c      0x244 C:\devkitPro/libogc/lib/wii\libogc.a(gx.o)
                0x8001ee5c                GX_SetFog
 .text.GX_SetColorUpdate
                0x8001f0a0       0x30 C:\devkitPro/libogc/lib/wii\libogc.a(gx.o)
                0x8001f0a0                GX_SetColorUpdate
 .text.GX_SetPixelFmt
                0x8001f0d0       0xe0 C:\devkitPro/libogc/lib/wii\libogc.a(gx.o)
                0x8001f0d0                GX_SetPixelFmt
 .text.GX_SetFieldMode
                0x8001f1b0       0x58 C:\devkitPro/libogc/lib/wii\libogc.a(gx.o)
                0x8001f1b0                GX_SetFieldMode
 .text.GX_SetGPMetric
                0x8001f208      0x7fc C:\devkitPro/libogc/lib/wii\libogc.a(gx.o)
                0x8001f208                GX_SetGPMetric
 .text.GX_Init  0x8001fa04     0x1164 C:\devkitPro/libogc/lib/wii\libogc.a(gx.o)
                0x8001fa04                GX_Init
 .text.guPerspective
                0x80020b68       0xe4 C:\devkitPro/libogc/lib/wii\libogc.a(gu.o)
                0x80020b68                guPerspective
 .text.guLookAt
                0x80020c4c      0x13c C:\devkitPro/libogc/lib/wii\libogc.a(gu.o)
                0x80020c4c                guLookAt
 .text.ps_guMtxRotAxisRad
                0x80020d88       0x50 C:\devkitPro/libogc/lib/wii\libogc.a(gu.o)
                0x80020d88                ps_guMtxRotAxisRad
 .text.__decrementer_init
                0x80020dd8        0x4 C:\devkitPro/libogc/lib/wii\libogc.a(decrementer.o)
                0x80020dd8                __decrementer_init
 .text.c_decrementer_handler
                0x80020ddc        0xc C:\devkitPro/libogc/lib/wii\libogc.a(decrementer.o)
                0x80020ddc                c_decrementer_handler
 .text.__lwp_mqbox_init
                0x80020de8       0x14 C:\devkitPro/libogc/lib/wii\libogc.a(message.o)
                0x80020de8                __lwp_mqbox_init
 .text.__si_transfer
                0x80020dfc      0x194 C:\devkitPro/libogc/lib/wii\libogc.a(si.o)
 .text.__si_alarmhandler
                0x80020f90       0xdc C:\devkitPro/libogc/lib/wii\libogc.a(si.o)
 .text.__si_completetransfer
                0x8002106c      0x1fc C:\devkitPro/libogc/lib/wii\libogc.a(si.o)
 .text.__si_transfernext
                0x80021268       0xe0 C:\devkitPro/libogc/lib/wii\libogc.a(si.o)
 .text.SI_Busy  0x80021348       0x18 C:\devkitPro/libogc/lib/wii\libogc.a(si.o)
                0x80021348                SI_Busy
 .text.SI_IsChanBusy
                0x80021360       0x38 C:\devkitPro/libogc/lib/wii\libogc.a(si.o)
                0x80021360                SI_IsChanBusy
 .text.SI_SetXY
                0x80021398       0x64 C:\devkitPro/libogc/lib/wii\libogc.a(si.o)
                0x80021398                SI_SetXY
 .text.SI_EnablePolling
                0x800213fc       0x78 C:\devkitPro/libogc/lib/wii\libogc.a(si.o)
                0x800213fc                SI_EnablePolling
 .text.SI_DisablePolling
                0x80021474       0x58 C:\devkitPro/libogc/lib/wii\libogc.a(si.o)
                0x80021474                SI_DisablePolling
 .text.SI_SetSamplingRate
                0x800214cc       0xd8 C:\devkitPro/libogc/lib/wii\libogc.a(si.o)
                0x800214cc                SI_SetSamplingRate
 .text.SI_RefreshSamplingRate
                0x800215a4        0x8 C:\devkitPro/libogc/lib/wii\libogc.a(si.o)
                0x800215a4                SI_RefreshSamplingRate
 .text.SI_GetStatus
                0x800215ac       0x78 C:\devkitPro/libogc/lib/wii\libogc.a(si.o)
                0x800215ac                SI_GetStatus
 .text.SI_GetResponseRaw
                0x80021624       0xe8 C:\devkitPro/libogc/lib/wii\libogc.a(si.o)
                0x80021624                SI_GetResponseRaw
 .text.SI_GetResponse
                0x8002170c       0xb8 C:\devkitPro/libogc/lib/wii\libogc.a(si.o)
                0x8002170c                SI_GetResponse
 .text.SI_SetCommand
                0x800217c4       0x10 C:\devkitPro/libogc/lib/wii\libogc.a(si.o)
                0x800217c4                SI_SetCommand
 .text.SI_Transfer
                0x800217d4      0x268 C:\devkitPro/libogc/lib/wii\libogc.a(si.o)
                0x800217d4                SI_Transfer
 .text.__si_gettypecallback
                0x80021a3c      0x2c0 C:\devkitPro/libogc/lib/wii\libogc.a(si.o)
 .text.__si_interrupthandler
                0x80021cfc      0x268 C:\devkitPro/libogc/lib/wii\libogc.a(si.o)
 .text.SI_GetType
                0x80021f64      0x214 C:\devkitPro/libogc/lib/wii\libogc.a(si.o)
                0x80021f64                SI_GetType
 .text.SI_GetTypeAsync
                0x80022178      0x138 C:\devkitPro/libogc/lib/wii\libogc.a(si.o)
                0x80022178                SI_GetTypeAsync
 .text.SI_EnablePollingInterrupt
                0x800222b0       0x8c C:\devkitPro/libogc/lib/wii\libogc.a(si.o)
                0x800222b0                SI_EnablePollingInterrupt
 .text.SI_UnregisterPollingHandler
                0x8002233c       0xe0 C:\devkitPro/libogc/lib/wii\libogc.a(si.o)
                0x8002233c                SI_UnregisterPollingHandler
 .text.__si_init
                0x8002241c       0xe0 C:\devkitPro/libogc/lib/wii\libogc.a(si.o)
                0x8002241c                __si_init
 .text.__ipc_sendrequest.part.0
                0x800224fc       0xdc C:\devkitPro/libogc/lib/wii\libogc.a(ipc.o)
 .text.__ipc_syncrequest
                0x800225d8       0xec C:\devkitPro/libogc/lib/wii\libogc.a(ipc.o)
 .text.__ioctlvfmtCB
                0x800226c4      0x158 C:\devkitPro/libogc/lib/wii\libogc.a(ipc.o)
 .text.__ios_ioctlvformat_parse
                0x8002281c      0x820 C:\devkitPro/libogc/lib/wii\libogc.a(ipc.o)
 .text.__ipc_asyncrequest
                0x8002303c      0x148 C:\devkitPro/libogc/lib/wii\libogc.a(ipc.o)
 .text.__ipc_interrupthandler
                0x80023184      0x34c C:\devkitPro/libogc/lib/wii\libogc.a(ipc.o)
 .text.iosCreateHeap
                0x800234d0      0x138 C:\devkitPro/libogc/lib/wii\libogc.a(ipc.o)
                0x800234d0                iosCreateHeap
 .text.iosAlloc
                0x80023608       0x30 C:\devkitPro/libogc/lib/wii\libogc.a(ipc.o)
                0x80023608                iosAlloc
 .text.iosFree  0x80023638       0x28 C:\devkitPro/libogc/lib/wii\libogc.a(ipc.o)
                0x80023638                iosFree
 .text.__IPC_ClntInit
                0x80023660       0xc8 C:\devkitPro/libogc/lib/wii\libogc.a(ipc.o)
                0x80023660                __IPC_ClntInit
 .text.IOS_Open
                0x80023728      0x110 C:\devkitPro/libogc/lib/wii\libogc.a(ipc.o)
                0x80023728                IOS_Open
 .text.IOS_Close
                0x80023838       0xf0 C:\devkitPro/libogc/lib/wii\libogc.a(ipc.o)
                0x80023838                IOS_Close
 .text.IOS_CloseAsync
                0x80023928       0xb4 C:\devkitPro/libogc/lib/wii\libogc.a(ipc.o)
                0x80023928                IOS_CloseAsync
 .text.IOS_Read
                0x800239dc      0x10c C:\devkitPro/libogc/lib/wii\libogc.a(ipc.o)
                0x800239dc                IOS_Read
 .text.IOS_Write
                0x80023ae8      0x10c C:\devkitPro/libogc/lib/wii\libogc.a(ipc.o)
                0x80023ae8                IOS_Write
 .text.IOS_Ioctl
                0x80023bf4      0x158 C:\devkitPro/libogc/lib/wii\libogc.a(ipc.o)
                0x80023bf4                IOS_Ioctl
 .text.IOS_IoctlAsync
                0x80023d4c      0x148 C:\devkitPro/libogc/lib/wii\libogc.a(ipc.o)
                0x80023d4c                IOS_IoctlAsync
 .text.IOS_Ioctlv
                0x80023e94      0x1f0 C:\devkitPro/libogc/lib/wii\libogc.a(ipc.o)
                0x80023e94                IOS_Ioctlv
 .text.IOS_IoctlvAsync
                0x80024084      0x1d4 C:\devkitPro/libogc/lib/wii\libogc.a(ipc.o)
                0x80024084                IOS_IoctlvAsync
 .text.IOS_IoctlvFormat
                0x80024258      0x16c C:\devkitPro/libogc/lib/wii\libogc.a(ipc.o)
                0x80024258                IOS_IoctlvFormat
 .text.IOS_IoctlvReboot
                0x800243c4      0x1f4 C:\devkitPro/libogc/lib/wii\libogc.a(ipc.o)
                0x800243c4                IOS_IoctlvReboot
 .text.gettick  0x800245b8        0x8 C:\devkitPro/libogc/lib/wii\libogc.a(timesupp.o)
                0x800245b8                gettick
 .text.gettime  0x800245c0       0x18 C:\devkitPro/libogc/lib/wii\libogc.a(timesupp.o)
                0x800245c0                gettime
 .text.settime  0x800245d8       0x14 C:\devkitPro/libogc/lib/wii\libogc.a(timesupp.o)
                0x800245d8                settime
 .text.diff_usec
                0x800245ec       0x88 C:\devkitPro/libogc/lib/wii\libogc.a(timesupp.o)
                0x800245ec                diff_usec
 .text.__timesystem_init
                0x80024674       0x1c C:\devkitPro/libogc/lib/wii\libogc.a(timesupp.o)
                0x80024674                __timesystem_init
 .text.udelay   0x80024690       0xac C:\devkitPro/libogc/lib/wii\libogc.a(timesupp.o)
                0x80024690                udelay
 .text.__libogc_nanosleep
                0x8002473c      0x144 C:\devkitPro/libogc/lib/wii\libogc.a(timesupp.o)
                0x8002473c                __libogc_nanosleep
 .text.__syscall_lock_init
                0x80024880       0x6c C:\devkitPro/libogc/lib/wii\libogc.a(lock_supp.o)
                0x80024880                __syscall_lock_init
 .text.__syscall_lock_init_recursive
                0x800248ec       0x6c C:\devkitPro/libogc/lib/wii\libogc.a(lock_supp.o)
                0x800248ec                __syscall_lock_init_recursive
 .text.__syscall_lock_close
                0x80024958       0x68 C:\devkitPro/libogc/lib/wii\libogc.a(lock_supp.o)
                0x80024958                __syscall_lock_close
 .text.__syscall_lock_acquire
                0x800249c0       0x18 C:\devkitPro/libogc/lib/wii\libogc.a(lock_supp.o)
                0x800249c0                __syscall_lock_acquire
 .text.__syscall_lock_release
                0x800249d8       0x18 C:\devkitPro/libogc/lib/wii\libogc.a(lock_supp.o)
                0x800249d8                __syscall_lock_release
 .text._sbrk_r  0x800249f0      0x28c C:\devkitPro/libogc/lib/wii\libogc.a(sbrk.o)
                0x800249f0                _sbrk_r
 .text.__memlock_init
                0x80024c7c       0x7c C:\devkitPro/libogc/lib/wii\libogc.a(malloc_lock.o)
                0x80024c7c                __memlock_init
 .text.__libogc_malloc_lock
                0x80024cf8      0x1fc C:\devkitPro/libogc/lib/wii\libogc.a(malloc_lock.o)
                0x80024cf8                __libogc_malloc_lock
 .text.__libogc_malloc_unlock
                0x80024ef4       0x64 C:\devkitPro/libogc/lib/wii\libogc.a(malloc_lock.o)
                0x80024ef4                __libogc_malloc_unlock
 .text.__STM_SetEventHook
                0x80024f58       0xb0 C:\devkitPro/libogc/lib/wii\libogc.a(stm.o)
                0x80024f58                __STM_SetEventHook
 .text.__STM_Init
                0x80025008       0x8c C:\devkitPro/libogc/lib/wii\libogc.a(stm.o)
                0x80025008                __STM_Init
 .text.__STMEventHandler
                0x80025094       0x64 C:\devkitPro/libogc/lib/wii\libogc.a(stm.o)
 .text.__STM_ReleaseEventHook
                0x800250f8       0x80 C:\devkitPro/libogc/lib/wii\libogc.a(stm.o)
                0x800250f8                __STM_ReleaseEventHook
 .text.__STM_Close
                0x80025178       0xac C:\devkitPro/libogc/lib/wii\libogc.a(stm.o)
                0x80025178                __STM_Close
 .text.STM_RegisterEventHandler
                0x80025224       0x10 C:\devkitPro/libogc/lib/wii\libogc.a(stm.o)
                0x80025224                STM_RegisterEventHandler
 .text.STM_ShutdownToStandby
                0x80025234       0x50 C:\devkitPro/libogc/lib/wii\libogc.a(stm.o)
                0x80025234                STM_ShutdownToStandby
 .text.STM_ShutdownToIdle
                0x80025284       0x70 C:\devkitPro/libogc/lib/wii\libogc.a(stm.o)
                0x80025284                STM_ShutdownToIdle
 .text.STM_SetLedMode
                0x800252f4       0x40 C:\devkitPro/libogc/lib/wii\libogc.a(stm.o)
                0x800252f4                STM_SetLedMode
 .text.STM_RebootSystem
                0x80025334       0x50 C:\devkitPro/libogc/lib/wii\libogc.a(stm.o)
                0x80025334                STM_RebootSystem
 .text.__IOS_InitializeSubsystems
                0x80025384       0x44 C:\devkitPro/libogc/lib/wii\libogc.a(ios.o)
                0x80025384                __IOS_InitializeSubsystems
 .text.__IOS_ShutdownSubsystems
                0x800253c8       0x44 C:\devkitPro/libogc/lib/wii\libogc.a(ios.o)
                0x800253c8                __IOS_ShutdownSubsystems
 .text.__IOS_LoadStartupIOS
                0x8002540c        0x8 C:\devkitPro/libogc/lib/wii\libogc.a(ios.o)
                0x8002540c                __IOS_LoadStartupIOS
 .text._ES_fstat_r
                0x80025414      0x120 C:\devkitPro/libogc/lib/wii\libogc.a(es.o)
 .text._ES_seek_r
                0x80025534       0xdc C:\devkitPro/libogc/lib/wii\libogc.a(es.o)
 .text._ES_close_r
                0x80025610       0xac C:\devkitPro/libogc/lib/wii\libogc.a(es.o)
 .text.__ES_Init
                0x800256bc       0x78 C:\devkitPro/libogc/lib/wii\libogc.a(es.o)
                0x800256bc                __ES_Init
 .text.__ES_Close
                0x80025734       0x54 C:\devkitPro/libogc/lib/wii\libogc.a(es.o)
                0x80025734                __ES_Close
 .text.ES_GetTitleID
                0x80025788       0x94 C:\devkitPro/libogc/lib/wii\libogc.a(es.o)
                0x80025788                ES_GetTitleID
 .text.ES_LaunchTitle
                0x8002581c       0xa4 C:\devkitPro/libogc/lib/wii\libogc.a(es.o)
                0x8002581c                ES_LaunchTitle
 .text.ES_GetNumTicketViews
                0x800258c0       0x98 C:\devkitPro/libogc/lib/wii\libogc.a(es.o)
                0x800258c0                ES_GetNumTicketViews
 .text.ES_GetTicketViews
                0x80025958       0x8c C:\devkitPro/libogc/lib/wii\libogc.a(es.o)
                0x80025958                ES_GetTicketViews
 .text.ES_GetStoredTMD
                0x800259e4       0x90 C:\devkitPro/libogc/lib/wii\libogc.a(es.o)
                0x800259e4                ES_GetStoredTMD
 .text._ES_decodepath
                0x80025a74      0x440 C:\devkitPro/libogc/lib/wii\libogc.a(es.o)
 .text._ES_stat_r
                0x80025eb4       0xec C:\devkitPro/libogc/lib/wii\libogc.a(es.o)
 .text._ES_open_r
                0x80025fa0      0x1d0 C:\devkitPro/libogc/lib/wii\libogc.a(es.o)
 .text.ES_ReadContent
                0x80026170       0x6c C:\devkitPro/libogc/lib/wii\libogc.a(es.o)
                0x80026170                ES_ReadContent
 .text._ES_read_r
                0x800261dc      0x1a0 C:\devkitPro/libogc/lib/wii\libogc.a(es.o)
 .text.__usbv5_devicechangeCB
                0x8002637c      0x180 C:\devkitPro/libogc/lib/wii\libogc.a(usb.o)
 .text.__usbv5_attachfinishCB
                0x800264fc       0xcc C:\devkitPro/libogc/lib/wii\libogc.a(usb.o)
 .text.__usbv5_messageCB
                0x800265c8       0x5c C:\devkitPro/libogc/lib/wii\libogc.a(usb.o)
 .text.__usb_control_message
                0x80026624      0x458 C:\devkitPro/libogc/lib/wii\libogc.a(usb.o)
 .text.__usb_interrupt_bulk_message
                0x80026a7c      0x2c0 C:\devkitPro/libogc/lib/wii\libogc.a(usb.o)
 .text.__usbv0_messageCB
                0x80026d3c       0xa8 C:\devkitPro/libogc/lib/wii\libogc.a(usb.o)
 .text.USB_FreeDescriptors.part.0
                0x80026de4       0xfc C:\devkitPro/libogc/lib/wii\libogc.a(usb.o)
 .text.USB_GetDescriptors.part.0
                0x80026ee0      0x708 C:\devkitPro/libogc/lib/wii\libogc.a(usb.o)
 .text.USBV5_SuspendResume
                0x800275e8      0x138 C:\devkitPro/libogc/lib/wii\libogc.a(usb.o)
 .text.USBV5_GetDescriptors
                0x80027720      0x524 C:\devkitPro/libogc/lib/wii\libogc.a(usb.o)
 .text.USB_Deinitialize
                0x80027c44       0xc8 C:\devkitPro/libogc/lib/wii\libogc.a(usb.o)
                0x80027c44                USB_Deinitialize
 .text.USB_Initialize
                0x80027d0c      0x2f8 C:\devkitPro/libogc/lib/wii\libogc.a(usb.o)
                0x80027d0c                USB_Initialize
 .text.USB_OpenDevice
                0x80028004      0x2b8 C:\devkitPro/libogc/lib/wii\libogc.a(usb.o)
                0x80028004                USB_OpenDevice
 .text.USBV5_CloseDevice
                0x800282bc      0x128 C:\devkitPro/libogc/lib/wii\libogc.a(usb.o)
                0x800282bc                USBV5_CloseDevice
 .text.USB_CloseDeviceAsync
                0x800283e4       0xd0 C:\devkitPro/libogc/lib/wii\libogc.a(usb.o)
                0x800283e4                USB_CloseDeviceAsync
 .text.USB_ReadIntrMsgAsync
                0x800284b4       0x28 C:\devkitPro/libogc/lib/wii\libogc.a(usb.o)
                0x800284b4                USB_ReadIntrMsgAsync
 .text.USB_ReadBlkMsgAsync
                0x800284dc       0x28 C:\devkitPro/libogc/lib/wii\libogc.a(usb.o)
                0x800284dc                USB_ReadBlkMsgAsync
 .text.USB_WriteBlkMsgAsync
                0x80028504       0x28 C:\devkitPro/libogc/lib/wii\libogc.a(usb.o)
                0x80028504                USB_WriteBlkMsgAsync
 .text.USB_WriteCtrlMsgAsync
                0x8002852c        0x4 C:\devkitPro/libogc/lib/wii\libogc.a(usb.o)
                0x8002852c                USB_WriteCtrlMsgAsync
 .text.__CheckARGV
                0x80028530       0x80 C:\devkitPro/libogc/lib/wii\libogc.a(argv.o)
                0x80028530                __CheckARGV
 .text.CONF_Init
                0x800285b0      0x180 C:\devkitPro/libogc/lib/wii\libogc.a(conf.o)
                0x800285b0                CONF_Init
 .text.__CONF_GetTxt
                0x80028730      0x208 C:\devkitPro/libogc/lib/wii\libogc.a(conf.o)
                0x80028730                __CONF_GetTxt
 .text.__CONF_Find
                0x80028938       0xfc C:\devkitPro/libogc/lib/wii\libogc.a(conf.o)
                0x80028938                __CONF_Find
 .text.CONF_GetLength
                0x80028a34      0x12c C:\devkitPro/libogc/lib/wii\libogc.a(conf.o)
                0x80028a34                CONF_GetLength
 .text.CONF_Get
                0x80028b60      0x140 C:\devkitPro/libogc/lib/wii\libogc.a(conf.o)
                0x80028b60                CONF_Get
 .text.CONF_GetShutdownMode
                0x80028ca0       0x54 C:\devkitPro/libogc/lib/wii\libogc.a(conf.o)
                0x80028ca0                CONF_GetShutdownMode
 .text.CONF_GetIdleLedMode
                0x80028cf4       0x54 C:\devkitPro/libogc/lib/wii\libogc.a(conf.o)
                0x80028cf4                CONF_GetIdleLedMode
 .text.CONF_GetProgressiveScan
                0x80028d48       0x54 C:\devkitPro/libogc/lib/wii\libogc.a(conf.o)
                0x80028d48                CONF_GetProgressiveScan
 .text.CONF_GetEuRGB60
                0x80028d9c       0x54 C:\devkitPro/libogc/lib/wii\libogc.a(conf.o)
                0x80028d9c                CONF_GetEuRGB60
 .text.CONF_GetIRSensitivity
                0x80028df0       0x54 C:\devkitPro/libogc/lib/wii\libogc.a(conf.o)
                0x80028df0                CONF_GetIRSensitivity
 .text.CONF_GetSensorBarPosition
                0x80028e44       0x54 C:\devkitPro/libogc/lib/wii\libogc.a(conf.o)
                0x80028e44                CONF_GetSensorBarPosition
 .text.CONF_GetCounterBias
                0x80028e98       0x4c C:\devkitPro/libogc/lib/wii\libogc.a(conf.o)
                0x80028e98                CONF_GetCounterBias
 .text.CONF_GetDisplayOffsetH
                0x80028ee4       0x4c C:\devkitPro/libogc/lib/wii\libogc.a(conf.o)
                0x80028ee4                CONF_GetDisplayOffsetH
 .text.CONF_GetPadDevices
                0x80028f30       0x4c C:\devkitPro/libogc/lib/wii\libogc.a(conf.o)
                0x80028f30                CONF_GetPadDevices
 .text.CONF_GetVideo
                0x80028f7c       0x88 C:\devkitPro/libogc/lib/wii\libogc.a(conf.o)
                0x80028f7c                CONF_GetVideo
 .text.__WII_WriteNANDBootInfo.isra.0
                0x80029004       0xbc C:\devkitPro/libogc/lib/wii\libogc.a(wiilaunch.o)
 .text.__WII_WriteStateFlags.isra.0
                0x800290c0       0x94 C:\devkitPro/libogc/lib/wii\libogc.a(wiilaunch.o)
 .text.WII_Initialize
                0x80029154      0x188 C:\devkitPro/libogc/lib/wii\libogc.a(wiilaunch.o)
                0x80029154                WII_Initialize
 .text.WII_LaunchTitle
                0x800292dc      0x1ac C:\devkitPro/libogc/lib/wii\libogc.a(wiilaunch.o)
                0x800292dc                WII_LaunchTitle
 .text.WII_ReturnToMenu
                0x80029488       0x58 C:\devkitPro/libogc/lib/wii\libogc.a(wiilaunch.o)
                0x80029488                WII_ReturnToMenu
 .text.__lwp_priority_init
                0x800294e0       0x1c C:\devkitPro/libogc/lib/wii\libogc.a(lwp_priority.o)
                0x800294e0                __lwp_priority_init
 .text.__lwp_threadqueue_enqueuefifo
                0x800294fc      0x12c C:\devkitPro/libogc/lib/wii\libogc.a(lwp_threadq.o)
                0x800294fc                __lwp_threadqueue_enqueuefifo
 .text.__lwp_threadqueue_dequeuefifo
                0x80029628      0x140 C:\devkitPro/libogc/lib/wii\libogc.a(lwp_threadq.o)
                0x80029628                __lwp_threadqueue_dequeuefifo
 .text.__lwp_threadqueue_enqueuepriority
                0x80029768      0x338 C:\devkitPro/libogc/lib/wii\libogc.a(lwp_threadq.o)
                0x80029768                __lwp_threadqueue_enqueuepriority
 .text.__lwp_threadqueue_dequeuepriority
                0x80029aa0      0x1d8 C:\devkitPro/libogc/lib/wii\libogc.a(lwp_threadq.o)
                0x80029aa0                __lwp_threadqueue_dequeuepriority
 .text.__lwp_threadqueue_init
                0x80029c78       0x64 C:\devkitPro/libogc/lib/wii\libogc.a(lwp_threadq.o)
                0x80029c78                __lwp_threadqueue_init
 .text.__lwp_threadqueue_enqueue
                0x80029cdc      0x138 C:\devkitPro/libogc/lib/wii\libogc.a(lwp_threadq.o)
                0x80029cdc                __lwp_threadqueue_enqueue
 .text.__lwp_threadqueue_dequeue
                0x80029e14       0x24 C:\devkitPro/libogc/lib/wii\libogc.a(lwp_threadq.o)
                0x80029e14                __lwp_threadqueue_dequeue
 .text.__lwp_threadqueue_flush
                0x80029e38       0x68 C:\devkitPro/libogc/lib/wii\libogc.a(lwp_threadq.o)
                0x80029e38                __lwp_threadqueue_flush
 .text.__lwp_threadqueue_extractfifo
                0x80029ea0       0xe8 C:\devkitPro/libogc/lib/wii\libogc.a(lwp_threadq.o)
                0x80029ea0                __lwp_threadqueue_extractfifo
 .text.__lwp_threadqueue_extractpriority
                0x80029f88      0x148 C:\devkitPro/libogc/lib/wii\libogc.a(lwp_threadq.o)
                0x80029f88                __lwp_threadqueue_extractpriority
 .text.__lwp_threadqueue_timeout
                0x8002a0d0       0xd0 C:\devkitPro/libogc/lib/wii\libogc.a(lwp_threadq.o)
 .text.__lwp_threadqueue_extractproxy
                0x8002a1a0       0x64 C:\devkitPro/libogc/lib/wii\libogc.a(lwp_threadq.o)
                0x8002a1a0                __lwp_threadqueue_extractproxy
 .text.__lwp_mutex_initialize
                0x8002a204       0xa4 C:\devkitPro/libogc/lib/wii\libogc.a(lwp_mutex.o)
                0x8002a204                __lwp_mutex_initialize
 .text.__lwp_mutex_surrender
                0x8002a2a8      0x14c C:\devkitPro/libogc/lib/wii\libogc.a(lwp_mutex.o)
                0x8002a2a8                __lwp_mutex_surrender
 .text.__lwp_mutex_seize_irq_blocking
                0x8002a3f4       0xf8 C:\devkitPro/libogc/lib/wii\libogc.a(lwp_mutex.o)
                0x8002a3f4                __lwp_mutex_seize_irq_blocking
 .text.__lwp_mutex_flush
                0x8002a4ec        0x4 C:\devkitPro/libogc/lib/wii\libogc.a(lwp_mutex.o)
                0x8002a4ec                __lwp_mutex_flush
 .text.__systemcall_init
                0x8002a4f0       0x6c C:\devkitPro/libogc/lib/wii\libogc.a(exception.o)
                0x8002a4f0                __systemcall_init
 .text.__exception_init
                0x8002a55c      0x120 C:\devkitPro/libogc/lib/wii\libogc.a(exception.o)
                0x8002a55c                __exception_init
 .text.__exception_close
                0x8002a67c       0xac C:\devkitPro/libogc/lib/wii\libogc.a(exception.o)
                0x8002a67c                __exception_close
 .text.__exception_closeall
                0x8002a728       0x80 C:\devkitPro/libogc/lib/wii\libogc.a(exception.o)
                0x8002a728                __exception_closeall
 .text.c_default_exceptionhandler
                0x8002a7a8      0x474 C:\devkitPro/libogc/lib/wii\libogc.a(exception.o)
                0x8002a7a8                c_default_exceptionhandler
 .text.__lwp_sema_init
                0x8002ac1c       0x14 C:\devkitPro/libogc/lib/wii\libogc.a(semaphore.o)
                0x8002ac1c                __lwp_sema_init
 .text.SPEC1_MakeStatus
                0x8002ac30      0x104 C:\devkitPro/libogc/lib/wii\libogc.a(pad.o)
 .text.__pad_samplinghandler